Archive member included to satisfy reference by file (symbol)

/usr/lib/gcc/arm-none-eabi/10.3.1/thumb/v7-m/nofp/libgcc.a(_arm_mulsf3.o)
                              CMakeFiles/STM32_KEY_PROJECT.elf.dir/HARDWARE/DM4310/dm4310_can.c.obj (__aeabi_fmul)
/usr/lib/gcc/arm-none-eabi/10.3.1/thumb/v7-m/nofp/libgcc.a(_arm_addsubsf3.o)
                              CMakeFiles/STM32_KEY_PROJECT.elf.dir/HARDWARE/DM4310/dm4310_can.c.obj (__aeabi_fsub)
/usr/lib/gcc/arm-none-eabi/10.3.1/thumb/v7-m/nofp/libgcc.a(_arm_muldivsf3.o)
                              CMakeFiles/STM32_KEY_PROJECT.elf.dir/HARDWARE/DM4310/dm4310_can.c.obj (__aeabi_fdiv)
/usr/lib/gcc/arm-none-eabi/10.3.1/thumb/v7-m/nofp/libgcc.a(_arm_cmpsf2.o)
                              CMakeFiles/STM32_KEY_PROJECT.elf.dir/HARDWARE/DM4310/dm4310_can.c.obj (__aeabi_fcmplt)
/usr/lib/gcc/arm-none-eabi/10.3.1/thumb/v7-m/nofp/libgcc.a(_arm_fixsfsi.o)
                              CMakeFiles/STM32_KEY_PROJECT.elf.dir/HARDWARE/PROTOCOL/protocol.c.obj (__aeabi_f2iz)
/usr/lib/gcc/arm-none-eabi/10.3.1/thumb/v7-m/nofp/libgcc.a(_arm_fixunssfsi.o)
                              CMakeFiles/STM32_KEY_PROJECT.elf.dir/HARDWARE/DM4310/dm4310_can.c.obj (__aeabi_f2uiz)
/usr/lib/gcc/arm-none-eabi/10.3.1/../../../arm-none-eabi/lib/thumb/v7-m/nofp/libc_nano.a(lib_a-atexit.o)
                              /usr/lib/gcc/arm-none-eabi/10.3.1/../../../arm-none-eabi/lib/thumb/v7-m/nofp/crt0.o (atexit)
/usr/lib/gcc/arm-none-eabi/10.3.1/../../../arm-none-eabi/lib/thumb/v7-m/nofp/libc_nano.a(lib_a-exit.o)
                              /usr/lib/gcc/arm-none-eabi/10.3.1/../../../arm-none-eabi/lib/thumb/v7-m/nofp/crt0.o (exit)
/usr/lib/gcc/arm-none-eabi/10.3.1/../../../arm-none-eabi/lib/thumb/v7-m/nofp/libc_nano.a(lib_a-fini.o)
                              /usr/lib/gcc/arm-none-eabi/10.3.1/../../../arm-none-eabi/lib/thumb/v7-m/nofp/crt0.o (__libc_fini_array)
/usr/lib/gcc/arm-none-eabi/10.3.1/../../../arm-none-eabi/lib/thumb/v7-m/nofp/libc_nano.a(lib_a-impure.o)
                              /usr/lib/gcc/arm-none-eabi/10.3.1/../../../arm-none-eabi/lib/thumb/v7-m/nofp/libc_nano.a(lib_a-exit.o) (_global_impure_ptr)
/usr/lib/gcc/arm-none-eabi/10.3.1/../../../arm-none-eabi/lib/thumb/v7-m/nofp/libc_nano.a(lib_a-init.o)
                              /usr/lib/gcc/arm-none-eabi/10.3.1/../../../arm-none-eabi/lib/thumb/v7-m/nofp/crt0.o (__libc_init_array)
/usr/lib/gcc/arm-none-eabi/10.3.1/../../../arm-none-eabi/lib/thumb/v7-m/nofp/libc_nano.a(lib_a-memset.o)
                              /usr/lib/gcc/arm-none-eabi/10.3.1/../../../arm-none-eabi/lib/thumb/v7-m/nofp/crt0.o (memset)
/usr/lib/gcc/arm-none-eabi/10.3.1/../../../arm-none-eabi/lib/thumb/v7-m/nofp/libc_nano.a(lib_a-printf.o)
                              CMakeFiles/STM32_KEY_PROJECT.elf.dir/USER_ENCODER_MOTOR/main.c.obj (printf)
/usr/lib/gcc/arm-none-eabi/10.3.1/../../../arm-none-eabi/lib/thumb/v7-m/nofp/libc_nano.a(lib_a-puts.o)
                              CMakeFiles/STM32_KEY_PROJECT.elf.dir/USER_ENCODER_MOTOR/main.c.obj (puts)
/usr/lib/gcc/arm-none-eabi/10.3.1/../../../arm-none-eabi/lib/thumb/v7-m/nofp/libc_nano.a(lib_a-wbuf.o)
                              /usr/lib/gcc/arm-none-eabi/10.3.1/../../../arm-none-eabi/lib/thumb/v7-m/nofp/libc_nano.a(lib_a-puts.o) (__swbuf_r)
/usr/lib/gcc/arm-none-eabi/10.3.1/../../../arm-none-eabi/lib/thumb/v7-m/nofp/libc_nano.a(lib_a-wsetup.o)
                              /usr/lib/gcc/arm-none-eabi/10.3.1/../../../arm-none-eabi/lib/thumb/v7-m/nofp/libc_nano.a(lib_a-puts.o) (__swsetup_r)
/usr/lib/gcc/arm-none-eabi/10.3.1/../../../arm-none-eabi/lib/thumb/v7-m/nofp/libc_nano.a(lib_a-__atexit.o)
                              /usr/lib/gcc/arm-none-eabi/10.3.1/../../../arm-none-eabi/lib/thumb/v7-m/nofp/libc_nano.a(lib_a-atexit.o) (__register_exitproc)
/usr/lib/gcc/arm-none-eabi/10.3.1/../../../arm-none-eabi/lib/thumb/v7-m/nofp/libc_nano.a(lib_a-__call_atexit.o)
                              /usr/lib/gcc/arm-none-eabi/10.3.1/../../../arm-none-eabi/lib/thumb/v7-m/nofp/libc_nano.a(lib_a-__atexit.o) (__call_exitprocs)
/usr/lib/gcc/arm-none-eabi/10.3.1/../../../arm-none-eabi/lib/thumb/v7-m/nofp/libc_nano.a(lib_a-fflush.o)
                              /usr/lib/gcc/arm-none-eabi/10.3.1/../../../arm-none-eabi/lib/thumb/v7-m/nofp/libc_nano.a(lib_a-wbuf.o) (_fflush_r)
/usr/lib/gcc/arm-none-eabi/10.3.1/../../../arm-none-eabi/lib/thumb/v7-m/nofp/libc_nano.a(lib_a-findfp.o)
                              /usr/lib/gcc/arm-none-eabi/10.3.1/../../../arm-none-eabi/lib/thumb/v7-m/nofp/libc_nano.a(lib_a-printf.o) (__sinit)
/usr/lib/gcc/arm-none-eabi/10.3.1/../../../arm-none-eabi/lib/thumb/v7-m/nofp/libc_nano.a(lib_a-fwalk.o)
                              /usr/lib/gcc/arm-none-eabi/10.3.1/../../../arm-none-eabi/lib/thumb/v7-m/nofp/libc_nano.a(lib_a-findfp.o) (_fwalk)
/usr/lib/gcc/arm-none-eabi/10.3.1/../../../arm-none-eabi/lib/thumb/v7-m/nofp/libc_nano.a(lib_a-makebuf.o)
[...]
Memory Configuration

Name             Origin             Length             Attributes
RAM              0x0000000020000000 0x0000000000010000 xrw
FLASH            0x0000000008000000 0x0000000000080000 xr
*default*        0x0000000000000000 0xffffffffffffffff

Linker script and memory map

LOAD /usr/lib/gcc/arm-none-eabi/10.3.1/thumb/v7-m/nofp/crti.o
LOAD /usr/lib/gcc/arm-none-eabi/10.3.1/thumb/v7-m/nofp/crtbegin.o
LOAD /usr/lib/gcc/arm-none-eabi/10.3.1/../../../arm-none-eabi/lib/thumb/v7-m/nofp/crt0.o
LOAD CMakeFiles/STM32_KEY_PROJECT.elf.dir/USER/stm32f10x_it.c.obj
LOAD CMakeFiles/STM32_KEY_PROJECT.elf.dir/USER/system_stm32f10x.c.obj
LOAD CMakeFiles/STM32_KEY_PROJECT.elf.dir/USER_ENCODER_MOTOR/main.c.obj
LOAD CMakeFiles/STM32_KEY_PROJECT.elf.dir/HARDWARE/BEEP/beep.c.obj
LOAD CMakeFiles/STM32_KEY_PROJECT.elf.dir/HARDWARE/DM4310/dm4310_can.c.obj
LOAD CMakeFiles/STM32_KEY_PROJECT.elf.dir/HARDWARE/ENCODER_MOTOR/encoder_motor.c.obj
LOAD CMakeFiles/STM32_KEY_PROJECT.elf.dir/HARDWARE/KEY/key.c.obj
LOAD CMakeFiles/STM32_KEY_PROJECT.elf.dir/HARDWARE/LED/led.c.obj
LOAD CMakeFiles/STM32_KEY_PROJECT.elf.dir/HARDWARE/MOTOR/motor.c.obj
LOAD CMakeFiles/STM32_KEY_PROJECT.elf.dir/HARDWARE/MOTOR86/motor86.c.obj
LOAD CMakeFiles/STM32_KEY_PROJECT.elf.dir/HARDWARE/PROTOCOL/protocol.c.obj
LOAD CMakeFiles/STM32_KEY_PROJECT.elf.dir/SYSTEM/delay/delay.c.obj
LOAD CMakeFiles/STM32_KEY_PROJECT.elf.dir/SYSTEM/sys/sys.c.obj
LOAD CMakeFiles/STM32_KEY_PROJECT.elf.dir/SYSTEM/usart/usart.c.obj
LOAD CMakeFiles/STM32_KEY_PROJECT.elf.dir/STM32F10x_FWLib/src/misc.c.obj
LOAD CMakeFiles/STM32_KEY_PROJECT.elf.dir/STM32F10x_FWLib/src/stm32f10x_adc.c.obj
LOAD CMakeFiles/STM32_KEY_PROJECT.elf.dir/STM32F10x_FWLib/src/stm32f10x_bkp.c.obj
LOAD CMakeFiles/STM32_KEY_PROJECT.elf.dir/STM32F10x_FWLib/src/stm32f10x_can.c.obj
LOAD CMakeFiles/STM32_KEY_PROJECT.elf.dir/STM32F10x_FWLib/src/stm32f10x_cec.c.obj
LOAD CMakeFiles/STM32_KEY_PROJECT.elf.dir/STM32F10x_FWLib/src/stm32f10x_crc.c.obj
LOAD CMakeFiles/STM32_KEY_PROJECT.elf.dir/STM32F10x_FWLib/src/stm32f10x_dac.c.obj
LOAD CMakeFiles/STM32_KEY_PROJECT.elf.dir/STM32F10x_FWLib/src/stm32f10x_dbgmcu.c.obj
LOAD CMakeFiles/STM32_KEY_PROJECT.elf.dir/STM32F10x_FWLib/src/stm32f10x_dma.c.obj
LOAD CMakeFiles/STM32_KEY_PROJECT.elf.dir/STM32F10x_FWLib/src/stm32f10x_exti.c.obj
LOAD CMakeFiles/STM32_KEY_PROJECT.elf.dir/STM32F10x_FWLib/src/stm32f10x_flash.c.obj
LOAD CMakeFiles/STM32_KEY_PROJECT.elf.dir/STM32F10x_FWLib/src/stm32f10x_fsmc.c.obj
LOAD CMakeFiles/STM32_KEY_PROJECT.elf.dir/STM32F10x_FWLib/src/stm32f10x_gpio.c.obj
LOAD CMakeFiles/STM32_KEY_PROJECT.elf.dir/STM32F10x_FWLib/src/stm32f10x_i2c.c.obj
LOAD CMakeFiles/STM32_KEY_PROJECT.elf.dir/STM32F10x_FWLib/src/stm32f10x_iwdg.c.obj
LOAD CMakeFiles/STM32_KEY_PROJECT.elf.dir/STM32F10x_FWLib/src/stm32f10x_pwr.c.obj
LOAD CMakeFiles/STM32_KEY_PROJECT.elf.dir/STM32F10x_FWLib/src/stm32f10x_rcc.c.obj
LOAD CMakeFiles/STM32_KEY_PROJECT.elf.dir/STM32F10x_FWLib/src/stm32f10x_rtc.c.obj
LOAD CMakeFiles/STM32_KEY_PROJECT.elf.dir/STM32F10x_FWLib/src/stm32f10x_sdio.c.obj
LOAD CMakeFiles/STM32_KEY_PROJECT.elf.dir/STM32F10x_FWLib/src/stm32f10x_spi.c.obj
LOAD CMakeFiles/STM32_KEY_PROJECT.elf.dir/STM32F10x_FWLib/src/stm32f10x_tim.c.obj
LOAD CMakeFiles/STM32_KEY_PROJECT.elf.dir/STM32F10x_FWLib/src/stm32f10x_usart.c.obj
LOAD CMakeFiles/STM32_KEY_PROJECT.elf.dir/STM32F10x_FWLib/src/stm32f10x_wwdg.c.obj
LOAD CMakeFiles/STM32_KEY_PROJECT.elf.dir/CORE/startup_stm32f103xe_gcc.s.obj
LOAD CMakeFiles/STM32_KEY_PROJECT.elf.dir/CORE/core_cm3.c.obj
START GROUP
LOAD /usr/lib/gcc/arm-none-eabi/10.3.1/thumb/v7-m/nofp/libgcc.a
LOAD /usr/lib/gcc/arm-none-eabi/10.3.1/../../../arm-none-eabi/lib/thumb/v7-m/nofp/libc_nano.a
END GROUP
START GROUP
LOAD /usr/lib/gcc/arm-none-eabi/10.3.1/thumb/v7-m/nofp/libgcc.a
LOAD /usr/lib/gcc/arm-none-eabi/10.3.1/../../../arm-none-eabi/lib/thumb/v7-m/nofp/libc_nano.a
LOAD /usr/lib/gcc/arm-none-eabi/10.3.1/../../../arm-none-eabi/lib/thumb/v7-m/nofp/libnosys.a
END GROUP
START GROUP
LOAD /usr/lib/gcc/arm-none-eabi/10.3.1/thumb/v7-m/nofp/libgcc.a
LOAD /usr/lib/gcc/arm-none-eabi/10.3.1/../../../arm-none-eabi/lib/thumb/v7-m/nofp/libc_nano.a
LOAD /usr/lib/gcc/arm-none-eabi/10.3.1/../../../arm-none-eabi/lib/thumb/v7-m/nofp/libnosys.a
END GROUP
LOAD /usr/lib/gcc/arm-none-eabi/10.3.1/thumb/v7-m/nofp/crtend.o
LOAD /usr/lib/gcc/arm-none-eabi/10.3.1/thumb/v7-m/nofp/crtn.o
                0x0000000020010000                _estack = (ORIGIN (RAM) + LENGTH (RAM))
                0x0000000000000200                _Min_Heap_Size = 0x200
                0x0000000000000400                _Min_Stack_Size = 0x400

.isr_vector     0x0000000008000000      0x130
                0x0000000008000000                . = ALIGN (0x4)
 *(.isr_vector)
 .isr_vector    0x0000000008000000      0x130 CMakeFiles/STM32_KEY_PROJECT.elf.dir/CORE/startup_stm32f103xe_gcc.s.obj
                0x0000000008000000                g_pfnVectors
                0x0000000008000130                . = ALIGN (0x4)

.text           0x0000000008000130     0x384c
                0x0000000008000130                . = ALIGN (0x4)
 *(.text)
 .text          0x0000000008000130       0x88 /usr/lib/gcc/arm-none-eabi/10.3.1/thumb/v7-m/nofp/crtbegin.o
 .text          0x00000000080001b8      0x21c /usr/lib/gcc/arm-none-eabi/10.3.1/thumb/v7-m/nofp/libgcc.a(_arm_addsubsf3.o)
                0x00000000080001b8                __aeabi_frsub
                0x00000000080001c0                __subsf3
                0x00000000080001c0                __aeabi_fsub
                0x00000000080001c4                __aeabi_fadd
                0x00000000080001c4                __addsf3
                0x0000000008000324                __aeabi_ui2f
                0x0000000008000324                __floatunsisf
                0x000000000800032c                __aeabi_i2f
                0x000000000800032c                __floatsisf
                0x0000000008000348                __floatundisf
                0x0000000008000348                __aeabi_ul2f
                0x0000000008000358                __floatdisf
                0x0000000008000358                __aeabi_l2f
 .text          0x00000000080003d4      0x2a0 /usr/lib/gcc/arm-none-eabi/10.3.1/thumb/v7-m/nofp/libgcc.a(_arm_muldivsf3.o)
                0x00000000080003d4                __mulsf3
                0x00000000080003d4                __aeabi_fmul
                0x000000000800053c                __divsf3
                0x000000000800053c                __aeabi_fdiv
 .text          0x0000000008000674       0xec /usr/lib/gcc/arm-none-eabi/10.3.1/thumb/v7-m/nofp/libgcc.a(_arm_cmpsf2.o)
                0x0000000008000674                __gtsf2
                0x0000000008000674                __gesf2
                0x000000000800067c                __lesf2
                0x000000000800067c                __ltsf2
                0x0000000008000684                __nesf2
                0x0000000008000684                __eqsf2
                0x0000000008000684                __cmpsf2
                0x00000000080006e4                __aeabi_cfrcmple
                0x00000000080006ec                __aeabi_cfcmple
                0x00000000080006ec                __aeabi_cfcmpeq
                0x00000000080006fc                __aeabi_fcmpeq
                0x0000000008000710                __aeabi_fcmplt
                0x0000000008000724                __aeabi_fcmple
                0x0000000008000738                __aeabi_fcmpge
                0x000000000800074c                __aeabi_fcmpgt
 .text          0x0000000008000760       0x4c /usr/lib/gcc/arm-none-eabi/10.3.1/thumb/v7-m/nofp/libgcc.a(_arm_fixsfsi.o)
                0x0000000008000760                __fixsfsi
                0x0000000008000760                __aeabi_f2iz
 .text          0x00000000080007ac       0xa4 /usr/lib/gcc/arm-none-eabi/10.3.1/../../../arm-none-eabi/lib/thumb/v7-m/nofp/libc_nano.a(lib_a-memset.o)
                0x00000000080007ac                memset
 .text          0x0000000008000850       0x60 /usr/lib/gcc/arm-none-eabi/10.3.1/../../../arm-none-eabi/lib/thumb/v7-m/nofp/libc_nano.a(lib_a-printf.o)
                0x0000000008000850                _printf_r
                0x0000000008000850                _iprintf_r
                0x000000000800087c                printf
                0x000000000800087c                iprintf
 .text          0x00000000080008b0       0xe0 /usr/lib/gcc/arm-none-eabi/10.3.1/../../../arm-none-eabi/lib/thumb/v7-m/nofp/libc_nano.a(lib_a-puts.o)
                0x00000000080008b0                _puts_r
                0x0000000008000980                puts
 .text          0x0000000008000990       0xc4 /usr/lib/gcc/arm-none-eabi/10.3.1/../../../arm-none-eabi/lib/thumb/v7-m/nofp/libc_nano.a(lib_a-wbuf.o)
                0x0000000008000990                __swbuf_r
                0x0000000008000a40                __swbuf
 .text          0x0000000008000a54      0x104 /usr/lib/gcc/arm-none-eabi/10.3.1/../../../arm-none-eabi/lib/thumb/v7-m/nofp/libc_nano.a(lib_a-wsetup.o)
                0x0000000008000a54                __swsetup_r
 .text          0x0000000008000b58      0x1dc /usr/lib/gcc/arm-none-eabi/10.3.1/../../../arm-none-eabi/lib/thumb/v7-m/nofp/libc_nano.a(lib_a-fflush.o)
                0x0000000008000b58                __sflush_r
                0x0000000008000c60                _fflush_r
                0x0000000008000cb4                fflush
 .text          0x0000000008000d34      0x230 /usr/lib/gcc/arm-none-eabi/10.3.1/../../../arm-none-eabi/lib/thumb/v7-m/nofp/libc_nano.a(lib_a-findfp.o)
                0x0000000008000d38                _cleanup_r
                0x0000000008000d48                __sfmoreglue
                0x0000000008000d78                __sfp
                0x0000000008000f10                _cleanup
                0x0000000008000f24                __sinit
                0x0000000008000f2c                __sfp_lock_acquire
                0x0000000008000f30                __sfp_lock_release
                0x0000000008000f34                __sinit_lock_acquire
                0x0000000008000f38                __sinit_lock_release
                0x0000000008000f3c                __fp_lock_all
                0x0000000008000f50                __fp_unlock_all
 .text          0x0000000008000f64       0x88 /usr/lib/gcc/arm-none-eabi/10.3.1/../../../arm-none-eabi/lib/thumb/v7-m/nofp/libc_nano.a(lib_a-fwalk.o)
                0x0000000008000f64                _fwalk
                0x0000000008000fa4                _fwalk_reent
 .text          0x0000000008000fec      0x11c /usr/lib/gcc/arm-none-eabi/10.3.1/../../../arm-none-eabi/lib/thumb/v7-m/nofp/libc_nano.a(lib_a-makebuf.o)
                0x0000000008000fec                __smakebuf_r
                0x00000000080010ac                __swhatbuf_r
 .text          0x0000000008001108       0xcc /usr/lib/gcc/arm-none-eabi/10.3.1/../../../arm-none-eabi/lib/thumb/v7-m/nofp/libc_nano.a(lib_a-nano-freer.o)
                0x0000000008001108                _free_r
 .text          0x00000000080011d4       0xb8 /usr/lib/gcc/arm-none-eabi/10.3.1/../../../arm-none-eabi/lib/thumb/v7-m/nofp/libc_nano.a(lib_a-nano-mallocr.o)
                0x00000000080011d4                _malloc_r
 .text          0x000000000800128c      0x320 /usr/lib/gcc/arm-none-eabi/10.3.1/../../../arm-none-eabi/lib/thumb/v7-m/nofp/libc_nano.a(lib_a-nano-vfprintf.o)
                0x00000000080012b4                __sfputs_r
                0x00000000080012e4                __sprint_r
                0x0000000008001300                _vfiprintf_r
                0x0000000008001300                _vfprintf_r
                0x0000000008001590                vfiprintf
                0x0000000008001590                vfprintf
 .text          0x00000000080015ac      0x3d8 /usr/lib/gcc/arm-none-eabi/10.3.1/../../../arm-none-eabi/lib/thumb/v7-m/nofp/libc_nano.a(lib_a-nano-vfprintf_i.o)
                0x00000000080015ac                _printf_common
                0x00000000080016d8                _printf_i
 .text          0x0000000008001984       0x24 /usr/lib/gcc/arm-none-eabi/10.3.1/../../../arm-none-eabi/lib/thumb/v7-m/nofp/libc_nano.a(lib_a-sbrkr.o)
                0x0000000008001984                _sbrk_r
 .text          0x00000000080019a8       0x90 /usr/lib/gcc/arm-none-eabi/10.3.1/../../../arm-none-eabi/lib/thumb/v7-m/nofp/libc_nano.a(lib_a-stdio.o)
                0x00000000080019a8                __sread
                0x00000000080019cc                __seofread
                0x00000000080019d0                __swrite
                0x0000000008001a10                __sseek
                0x0000000008001a30                __sclose
 .text          0x0000000008001a38       0x2c /usr/lib/gcc/arm-none-eabi/10.3.1/../../../arm-none-eabi/lib/thumb/v7-m/nofp/libc_nano.a(lib_a-writer.o)
                0x0000000008001a38                _write_r
 .text          0x0000000008001a64       0x24 /usr/lib/gcc/arm-none-eabi/10.3.1/../../../arm-none-eabi/lib/thumb/v7-m/nofp/libc_nano.a(lib_a-closer.o)
                0x0000000008001a64                _close_r
 .text          0x0000000008001a88       0x28 /usr/lib/gcc/arm-none-eabi/10.3.1/../../../arm-none-eabi/lib/thumb/v7-m/nofp/libc_nano.a(lib_a-fstatr.o)
                0x0000000008001a88                _fstat_r
 .text          0x0000000008001ab0      0x2f0 /usr/lib/gcc/arm-none-eabi/10.3.1/../../../arm-none-eabi/lib/thumb/v7-m/nofp/libc_nano.a(lib_a-fvwrite.o)
                0x0000000008001ab0                __sfvwrite_r
 .text          0x0000000008001da0       0x24 /usr/lib/gcc/arm-none-eabi/10.3.1/../../../arm-none-eabi/lib/thumb/v7-m/nofp/libc_nano.a(lib_a-isattyr.o)
                0x0000000008001da0                _isatty_r
 .text          0x0000000008001dc4       0x2c /usr/lib/gcc/arm-none-eabi/10.3.1/../../../arm-none-eabi/lib/thumb/v7-m/nofp/libc_nano.a(lib_a-lseekr.o)
                0x0000000008001dc4                _lseek_r
 .text          0x0000000008001df0       0x90 /usr/lib/gcc/arm-none-eabi/10.3.1/../../../arm-none-eabi/lib/thumb/v7-m/nofp/libc_nano.a(lib_a-memchr-stub.o)
                0x0000000008001df0                memchr
 .text          0x0000000008001e80       0xec /usr/lib/gcc/arm-none-eabi/10.3.1/../../../arm-none-eabi/lib/thumb/v7-m/nofp/libc_nano.a(lib_a-memcpy.o)
                0x0000000008001e80                memcpy
 .text          0x0000000008001f6c       0xf8 /usr/lib/gcc/arm-none-eabi/10.3.1/../../../arm-none-eabi/lib/thumb/v7-m/nofp/libc_nano.a(lib_a-memmove.o)
                0x0000000008001f6c                memmove
 .text          0x0000000008002064        0x8 /usr/lib/gcc/arm-none-eabi/10.3.1/../../../arm-none-eabi/lib/thumb/v7-m/nofp/libc_nano.a(lib_a-mlock.o)
                0x0000000008002064                __malloc_lock
                0x0000000008002068                __malloc_unlock
 .text          0x000000000800206c       0x50 /usr/lib/gcc/arm-none-eabi/10.3.1/../../../arm-none-eabi/lib/thumb/v7-m/nofp/libc_nano.a(lib_a-nano-reallocr.o)
                0x000000000800206c                _realloc_r
 .text          0x00000000080020bc       0x2c /usr/lib/gcc/arm-none-eabi/10.3.1/../../../arm-none-eabi/lib/thumb/v7-m/nofp/libc_nano.a(lib_a-readr.o)
                0x00000000080020bc                _read_r
 .text          0x00000000080020e8       0x14 /usr/lib/gcc/arm-none-eabi/10.3.1/../../../arm-none-eabi/lib/thumb/v7-m/nofp/libc_nano.a(lib_a-nano-msizer.o)
                0x00000000080020e8                _malloc_usable_size_r
 .text          0x00000000080020fc       0x10 /usr/lib/gcc/arm-none-eabi/10.3.1/../../../arm-none-eabi/lib/thumb/v7-m/nofp/libnosys.a(close.o)
                0x00000000080020fc                _close
 .text          0x000000000800210c       0x10 /usr/lib/gcc/arm-none-eabi/10.3.1/../../../arm-none-eabi/lib/thumb/v7-m/nofp/libnosys.a(fstat.o)
                0x000000000800210c                _fstat
 .text          0x000000000800211c       0x10 /usr/lib/gcc/arm-none-eabi/10.3.1/../../../arm-none-eabi/lib/thumb/v7-m/nofp/libnosys.a(isatty.o)
                0x000000000800211c                _isatty
 .text          0x000000000800212c       0x10 /usr/lib/gcc/arm-none-eabi/10.3.1/../../../arm-none-eabi/lib/thumb/v7-m/nofp/libnosys.a(lseek.o)
                0x000000000800212c                _lseek
 .text          0x000000000800213c       0x10 /usr/lib/gcc/arm-none-eabi/10.3.1/../../../arm-none-eabi/lib/thumb/v7-m/nofp/libnosys.a(read.o)
                0x000000000800213c                _read
 .text          0x000000000800214c       0x1c /usr/lib/gcc/arm-none-eabi/10.3.1/../../../arm-none-eabi/lib/thumb/v7-m/nofp/libnosys.a(sbrk.o)
                0x000000000800214c                _sbrk
 .text          0x0000000008002168       0x10 /usr/lib/gcc/arm-none-eabi/10.3.1/../../../arm-none-eabi/lib/thumb/v7-m/nofp/libnosys.a(write.o)
                0x0000000008002168                _write
 *(.text*)
 .text.NMI_Handler
                0x0000000008002178        0x4 CMakeFiles/STM32_KEY_PROJECT.elf.dir/USER/stm32f10x_it.c.obj
                0x0000000008002178                NMI_Handler
 .text.HardFault_Handler
                0x000000000800217c        0x4 CMakeFiles/STM32_KEY_PROJECT.elf.dir/USER/stm32f10x_it.c.obj
                0x000000000800217c                HardFault_Handler
 .text.MemManage_Handler
                0x0000000008002180        0x4 CMakeFiles/STM32_KEY_PROJECT.elf.dir/USER/stm32f10x_it.c.obj
                0x0000000008002180                MemManage_Handler
 .text.BusFault_Handler
                0x0000000008002184        0x4 CMakeFiles/STM32_KEY_PROJECT.elf.dir/USER/stm32f10x_it.c.obj
                0x0000000008002184                BusFault_Handler
 .text.UsageFault_Handler
                0x0000000008002188        0x4 CMakeFiles/STM32_KEY_PROJECT.elf.dir/USER/stm32f10x_it.c.obj
                0x0000000008002188                UsageFault_Handler
 .text.SVC_Handler
                0x000000000800218c        0x4 CMakeFiles/STM32_KEY_PROJECT.elf.dir/USER/stm32f10x_it.c.obj
                0x000000000800218c                SVC_Handler
 .text.DebugMon_Handler
                0x0000000008002190        0x4 CMakeFiles/STM32_KEY_PROJECT.elf.dir/USER/stm32f10x_it.c.obj
                0x0000000008002190                DebugMon_Handler
 .text.PendSV_Handler
                0x0000000008002194        0x4 CMakeFiles/STM32_KEY_PROJECT.elf.dir/USER/stm32f10x_it.c.obj
                0x0000000008002194                PendSV_Handler
 .text.SysTick_Handler
                0x0000000008002198        0x4 CMakeFiles/STM32_KEY_PROJECT.elf.dir/USER/stm32f10x_it.c.obj
                0x0000000008002198                SysTick_Handler
 .text.SystemInit
                0x000000000800219c      0x100 CMakeFiles/STM32_KEY_PROJECT.elf.dir/USER/system_stm32f10x.c.obj
                0x000000000800219c                SystemInit
 .text.startup.main
                0x000000000800229c       0xbc CMakeFiles/STM32_KEY_PROJECT.elf.dir/USER_ENCODER_MOTOR/main.c.obj
                0x000000000800229c                main
 .text.USB_LP_CAN1_RX0_IRQHandler
                0x0000000008002358      0x120 CMakeFiles/STM32_KEY_PROJECT.elf.dir/HARDWARE/DM4310/dm4310_can.c.obj
                0x0000000008002358                USB_LP_CAN1_RX0_IRQHandler
 .text.Set_Motor_Speed
                0x0000000008002478       0xa4 CMakeFiles/STM32_KEY_PROJECT.elf.dir/HARDWARE/ENCODER_MOTOR/encoder_motor.c.obj
                0x0000000008002478                Set_Motor_Speed
 .text.EncoderMotor_InitAll
                0x000000000800251c      0x2f0 CMakeFiles/STM32_KEY_PROJECT.elf.dir/HARDWARE/ENCODER_MOTOR/encoder_motor.c.obj
                0x000000000800251c                EncoderMotor_InitAll
 .text.EncoderMotor_EnableById
                0x000000000800280c       0xec CMakeFiles/STM32_KEY_PROJECT.elf.dir/HARDWARE/ENCODER_MOTOR/encoder_motor.c.obj
                0x000000000800280c                EncoderMotor_EnableById
 .text.EncoderMotor_SetOutputPercentById
                0x00000000080028f8       0x5c CMakeFiles/STM32_KEY_PROJECT.elf.dir/HARDWARE/ENCODER_MOTOR/encoder_motor.c.obj
                0x00000000080028f8                EncoderMotor_SetOutputPercentById
 .text.EncoderMotor_GetEncoderCountById
                0x0000000008002954       0x28 CMakeFiles/STM32_KEY_PROJECT.elf.dir/HARDWARE/ENCODER_MOTOR/encoder_motor.c.obj
                0x0000000008002954                EncoderMotor_GetEncoderCountById
 .text.LED_Init
                0x000000000800297c       0x50 CMakeFiles/STM32_KEY_PROJECT.elf.dir/HARDWARE/LED/led.c.obj
                0x000000000800297c                LED_Init
 .text.Protocol_Init
                0x00000000080029cc       0x10 CMakeFiles/STM32_KEY_PROJECT.elf.dir/HARDWARE/PROTOCOL/protocol.c.obj
                0x00000000080029cc                Protocol_Init
 .text.Protocol_TickMs
                0x00000000080029dc        0x4 CMakeFiles/STM32_KEY_PROJECT.elf.dir/HARDWARE/PROTOCOL/protocol.c.obj
                0x00000000080029dc                Protocol_TickMs
 .text.Protocol_HandleFrame
                0x00000000080029e0      0x148 CMakeFiles/STM32_KEY_PROJECT.elf.dir/HARDWARE/PROTOCOL/protocol.c.obj
                0x00000000080029e0                Protocol_HandleFrame
 .text.Protocol_ParseByte
                0x0000000008002b28       0xa8 CMakeFiles/STM32_KEY_PROJECT.elf.dir/HARDWARE/PROTOCOL/protocol.c.obj
                0x0000000008002b28                Protocol_ParseByte
 .text.delay_init
                0x0000000008002bd0       0x3c CMakeFiles/STM32_KEY_PROJECT.elf.dir/SYSTEM/delay/delay.c.obj
                0x0000000008002bd0                delay_init
 .text.delay_ms
                0x0000000008002c0c       0x38 CMakeFiles/STM32_KEY_PROJECT.elf.dir/SYSTEM/delay/delay.c.obj
                0x0000000008002c0c                delay_ms
 .text.uart_init
                0x0000000008002c44      0x158 CMakeFiles/STM32_KEY_PROJECT.elf.dir/SYSTEM/usart/usart.c.obj
                0x0000000008002c44                uart_init
 .text.USART1_IRQHandler
                0x0000000008002d9c       0x24 CMakeFiles/STM32_KEY_PROJECT.elf.dir/SYSTEM/usart/usart.c.obj
                0x0000000008002d9c                USART1_IRQHandler
 .text.USART3_IRQHandler
                0x0000000008002dc0       0x24 CMakeFiles/STM32_KEY_PROJECT.elf.dir/SYSTEM/usart/usart.c.obj
                0x0000000008002dc0                USART3_IRQHandler
 .text.USART2_IRQHandler
                0x0000000008002de4       0x24 CMakeFiles/STM32_KEY_PROJECT.elf.dir/SYSTEM/usart/usart.c.obj
                0x0000000008002de4                USART2_IRQHandler
 .text.NVIC_PriorityGroupConfig
                0x0000000008002e08       0x14 CMakeFiles/STM32_KEY_PROJECT.elf.dir/STM32F10x_FWLib/src/misc.c.obj
                0x0000000008002e08                NVIC_PriorityGroupConfig
 .text.NVIC_Init
                0x0000000008002e1c       0x6c CMakeFiles/STM32_KEY_PROJECT.elf.dir/STM32F10x_FWLib/src/misc.c.obj
                0x0000000008002e1c                NVIC_Init
 .text.SysTick_CLKSourceConfig
                0x0000000008002e88       0x18 CMakeFiles/STM32_KEY_PROJECT.elf.dir/STM32F10x_FWLib/src/misc.c.obj
                0x0000000008002e88                SysTick_CLKSourceConfig
 .text.CAN_Receive
                0x0000000008002ea0       0x9c CMakeFiles/STM32_KEY_PROJECT.elf.dir/STM32F10x_FWLib/src/stm32f10x_can.c.obj
                0x0000000008002ea0                CAN_Receive
 .text.CAN_MessagePending
                0x0000000008002f3c       0x18 CMakeFiles/STM32_KEY_PROJECT.elf.dir/STM32F10x_FWLib/src/stm32f10x_can.c.obj
                0x0000000008002f3c                CAN_MessagePending
 .text.GPIO_Init
                0x0000000008002f54      0x328 CMakeFiles/STM32_KEY_PROJECT.elf.dir/STM32F10x_FWLib/src/stm32f10x_gpio.c.obj
                0x0000000008002f54                GPIO_Init
 .text.GPIO_SetBits
                0x000000000800327c        0x4 CMakeFiles/STM32_KEY_PROJECT.elf.dir/STM32F10x_FWLib/src/stm32f10x_gpio.c.obj
                0x000000000800327c                GPIO_SetBits
 .text.GPIO_PinRemapConfig
                0x0000000008003280       0x70 CMakeFiles/STM32_KEY_PROJECT.elf.dir/STM32F10x_FWLib/src/stm32f10x_gpio.c.obj
                0x0000000008003280                GPIO_PinRemapConfig
 .text.RCC_GetClocksFreq
                0x00000000080032f0       0x90 CMakeFiles/STM32_KEY_PROJECT.elf.dir/STM32F10x_FWLib/src/stm32f10x_rcc.c.obj
                0x00000000080032f0                RCC_GetClocksFreq
 .text.RCC_APB2PeriphClockCmd
                0x0000000008003380       0x18 CMakeFiles/STM32_KEY_PROJECT.elf.dir/STM32F10x_FWLib/src/stm32f10x_rcc.c.obj
                0x0000000008003380                RCC_APB2PeriphClockCmd
 .text.RCC_APB1PeriphClockCmd
                0x0000000008003398       0x18 CMakeFiles/STM32_KEY_PROJECT.elf.dir/STM32F10x_FWLib/src/stm32f10x_rcc.c.obj
                0x0000000008003398                RCC_APB1PeriphClockCmd
 .text.TIM_TimeBaseInit
                0x00000000080033b0       0xac CMakeFiles/STM32_KEY_PROJECT.elf.dir/STM32F10x_FWLib/src/stm32f10x_tim.c.obj
                0x00000000080033b0                TIM_TimeBaseInit
 .text.TIM_OC1Init
                0x000000000800345c       0x9c CMakeFiles/STM32_KEY_PROJECT.elf.dir/STM32F10x_FWLib/src/stm32f10x_tim.c.obj
                0x000000000800345c                TIM_OC1Init
 .text.TIM_OC2Init
                0x00000000080034f8       0x90 CMakeFiles/STM32_KEY_PROJECT.elf.dir/STM32F10x_FWLib/src/stm32f10x_tim.c.obj
                0x00000000080034f8                TIM_OC2Init
 .text.TIM_OC3Init
                0x0000000008003588       0x90 CMakeFiles/STM32_KEY_PROJECT.elf.dir/STM32F10x_FWLib/src/stm32f10x_tim.c.obj
                0x0000000008003588                TIM_OC3Init
 .text.TIM_OC4Init
                0x0000000008003618       0x78 CMakeFiles/STM32_KEY_PROJECT.elf.dir/STM32F10x_FWLib/src/stm32f10x_tim.c.obj
                0x0000000008003618                TIM_OC4Init
 .text.TIM_Cmd  0x0000000008003690       0x1c CMakeFiles/STM32_KEY_PROJECT.elf.dir/STM32F10x_FWLib/src/stm32f10x_tim.c.obj
                0x0000000008003690                TIM_Cmd
 .text.TIM_CtrlPWMOutputs
                0x00000000080036ac       0x20 CMakeFiles/STM32_KEY_PROJECT.elf.dir/STM32F10x_FWLib/src/stm32f10x_tim.c.obj
                0x00000000080036ac                TIM_CtrlPWMOutputs
 .text.TIM_EncoderInterfaceConfig
                0x00000000080036cc       0x50 CMakeFiles/STM32_KEY_PROJECT.elf.dir/STM32F10x_FWLib/src/stm32f10x_tim.c.obj
                0x00000000080036cc                TIM_EncoderInterfaceConfig
 .text.TIM_ARRPreloadConfig
                0x000000000800371c       0x1c CMakeFiles/STM32_KEY_PROJECT.elf.dir/STM32F10x_FWLib/src/stm32f10x_tim.c.obj
                0x000000000800371c                TIM_ARRPreloadConfig
 .text.TIM_OC1PreloadConfig
                0x0000000008003738       0x10 CMakeFiles/STM32_KEY_PROJECT.elf.dir/STM32F10x_FWLib/src/stm32f10x_tim.c.obj
                0x0000000008003738                TIM_OC1PreloadConfig
 .text.TIM_OC2PreloadConfig
                0x0000000008003748       0x14 CMakeFiles/STM32_KEY_PROJECT.elf.dir/STM32F10x_FWLib/src/stm32f10x_tim.c.obj
                0x0000000008003748                TIM_OC2PreloadConfig
 .text.TIM_OC3PreloadConfig
                0x000000000800375c       0x10 CMakeFiles/STM32_KEY_PROJECT.elf.dir/STM32F10x_FWLib/src/stm32f10x_tim.c.obj
                0x000000000800375c                TIM_OC3PreloadConfig
 .text.TIM_OC4PreloadConfig
                0x000000000800376c       0x14 CMakeFiles/STM32_KEY_PROJECT.elf.dir/STM32F10x_FWLib/src/stm32f10x_tim.c.obj
                0x000000000800376c                TIM_OC4PreloadConfig
 .text.TIM_CCxCmd
                0x0000000008003780       0x20 CMakeFiles/STM32_KEY_PROJECT.elf.dir/STM32F10x_FWLib/src/stm32f10x_tim.c.obj
                0x0000000008003780                TIM_CCxCmd
 .text.TIM_SetCounter
                0x00000000080037a0        0x4 CMakeFiles/STM32_KEY_PROJECT.elf.dir/STM32F10x_FWLib/src/stm32f10x_tim.c.obj
                0x00000000080037a0                TIM_SetCounter
 .text.TIM_SetCompare1
                0x00000000080037a4        0x4 CMakeFiles/STM32_KEY_PROJECT.elf.dir/STM32F10x_FWLib/src/stm32f10x_tim.c.obj
                0x00000000080037a4                TIM_SetCompare1
 .text.TIM_SetCompare2
                0x00000000080037a8        0x4 CMakeFiles/STM32_KEY_PROJECT.elf.dir/STM32F10x_FWLib/src/stm32f10x_tim.c.obj
                0x00000000080037a8                TIM_SetCompare2
 .text.TIM_SetCompare3
                0x00000000080037ac        0x4 CMakeFiles/STM32_KEY_PROJECT.elf.dir/STM32F10x_FWLib/src/stm32f10x_tim.c.obj
                0x00000000080037ac                TIM_SetCompare3
 .text.TIM_SetCompare4
                0x00000000080037b0        0x8 CMakeFiles/STM32_KEY_PROJECT.elf.dir/STM32F10x_FWLib/src/stm32f10x_tim.c.obj
                0x00000000080037b0                TIM_SetCompare4
 .text.TIM_GetCounter
                0x00000000080037b8        0x8 CMakeFiles/STM32_KEY_PROJECT.elf.dir/STM32F10x_FWLib/src/stm32f10x_tim.c.obj
                0x00000000080037b8                TIM_GetCounter
 .text.USART_Init
                0x00000000080037c0       0xb8 CMakeFiles/STM32_KEY_PROJECT.elf.dir/STM32F10x_FWLib/src/stm32f10x_usart.c.obj
                0x00000000080037c0                USART_Init
 .text.USART_Cmd
                0x0000000008003878       0x1c CMakeFiles/STM32_KEY_PROJECT.elf.dir/STM32F10x_FWLib/src/stm32f10x_usart.c.obj
                0x0000000008003878                USART_Cmd
 .text.USART_ITConfig
                0x0000000008003894       0x34 CMakeFiles/STM32_KEY_PROJECT.elf.dir/STM32F10x_FWLib/src/stm32f10x_usart.c.obj
                0x0000000008003894                USART_ITConfig
 .text.USART_ReceiveData
                0x00000000080038c8        0x8 CMakeFiles/STM32_KEY_PROJECT.elf.dir/STM32F10x_FWLib/src/stm32f10x_usart.c.obj
                0x00000000080038c8                USART_ReceiveData
 .text.USART_GetITStatus
                0x00000000080038d0       0x44 CMakeFiles/STM32_KEY_PROJECT.elf.dir/STM32F10x_FWLib/src/stm32f10x_usart.c.obj
                0x00000000080038d0                USART_GetITStatus
 .text.Reset_Handler
                0x0000000008003914       0x4c CMakeFiles/STM32_KEY_PROJECT.elf.dir/CORE/startup_stm32f103xe_gcc.s.obj
                0x0000000008003914                Reset_Handler
 .text.Default_Handler
                0x0000000008003960        0x2 CMakeFiles/STM32_KEY_PROJECT.elf.dir/CORE/startup_stm32f103xe_gcc.s.obj
                0x0000000008003960                RTC_Alarm_IRQHandler
                0x0000000008003960                EXTI2_IRQHandler
                0x0000000008003960                TIM8_TRG_COM_IRQHandler
                0x0000000008003960                TIM8_CC_IRQHandler
                0x0000000008003960                TIM1_CC_IRQHandler
                0x0000000008003960                TIM6_IRQHandler
                0x0000000008003960                PVD_IRQHandler
                0x0000000008003960                SDIO_IRQHandler
                0x0000000008003960                EXTI3_IRQHandler
                0x0000000008003960                EXTI0_IRQHandler
                0x0000000008003960                I2C2_EV_IRQHandler
                0x0000000008003960                ADC1_2_IRQHandler
                0x0000000008003960                SPI1_IRQHandler
                0x0000000008003960                TAMPER_IRQHandler
                0x0000000008003960                TIM8_UP_IRQHandler
                0x0000000008003960                DMA2_Channel2_IRQHandler
                0x0000000008003960                DMA1_Channel4_IRQHandler
                0x0000000008003960                RTC_IRQHandler
                0x0000000008003960                DMA1_Channel7_IRQHandler
                0x0000000008003960                CAN1_RX1_IRQHandler
                0x0000000008003960                UART5_IRQHandler
                0x0000000008003960                ADC3_IRQHandler
                0x0000000008003960                TIM4_IRQHandler
                0x0000000008003960                DMA2_Channel1_IRQHandler
                0x0000000008003960                I2C1_EV_IRQHandler
                0x0000000008003960                DMA1_Channel6_IRQHandler
                0x0000000008003960                UART4_IRQHandler
                0x0000000008003960                TIM3_IRQHandler
                0x0000000008003960                RCC_IRQHandler
                0x0000000008003960                TIM1_TRG_COM_IRQHandler
                0x0000000008003960                DMA1_Channel1_IRQHandler
                0x0000000008003960                Default_Handler
                0x0000000008003960                EXTI15_10_IRQHandler
                0x0000000008003960                TIM7_IRQHandler
                0x0000000008003960                TIM5_IRQHandler
                0x0000000008003960                EXTI9_5_IRQHandler
                0x0000000008003960                SPI2_IRQHandler
                0x0000000008003960                DMA1_Channel5_IRQHandler
                0x0000000008003960                EXTI4_IRQHandler
                0x0000000008003960                USB_HP_CAN1_TX_IRQHandler
                0x0000000008003960                DMA1_Channel3_IRQHandler
                0x0000000008003960                FSMC_IRQHandler
                0x0000000008003960                TIM1_UP_IRQHandler
                0x0000000008003960                WWDG_IRQHandler
                0x0000000008003960                TIM2_IRQHandler
                0x0000000008003960                TIM1_BRK_IRQHandler
                0x0000000008003960                EXTI1_IRQHandler
                0x0000000008003960                DMA2_Channel4_5_IRQHandler
                0x0000000008003960                I2C2_ER_IRQHandler
                0x0000000008003960                DMA1_Channel2_IRQHandler
                0x0000000008003960                TIM8_BRK_IRQHandler
                0x0000000008003960                CAN1_SCE_IRQHandler
                0x0000000008003960                FLASH_IRQHandler
                0x0000000008003960                SPI3_IRQHandler
                0x0000000008003960                I2C1_ER_IRQHandler
                0x0000000008003960                USBWakeUp_IRQHandler
                0x0000000008003960                DMA2_Channel3_IRQHandler
 *(.glue_7)
 .glue_7        0x0000000008003962        0x0 linker stubs
 *(.glue_7t)
 .glue_7t       0x0000000008003962        0x0 linker stubs
 *(.eh_frame)
 *fill*         0x0000000008003962        0x2 
 .eh_frame      0x0000000008003964        0x0 /usr/lib/gcc/arm-none-eabi/10.3.1/thumb/v7-m/nofp/crtbegin.o
 *(.init)
 .init          0x0000000008003964        0x4 /usr/lib/gcc/arm-none-eabi/10.3.1/thumb/v7-m/nofp/crti.o
                0x0000000008003964                _init
 .init          0x0000000008003968        0x8 /usr/lib/gcc/arm-none-eabi/10.3.1/thumb/v7-m/nofp/crtn.o
 *(.fini)
 .fini          0x0000000008003970        0x4 /usr/lib/gcc/arm-none-eabi/10.3.1/thumb/v7-m/nofp/crti.o
                0x0000000008003970                _fini
 .fini          0x0000000008003974        0x8 /usr/lib/gcc/arm-none-eabi/10.3.1/thumb/v7-m/nofp/crtn.o
                0x000000000800397c                . = ALIGN (0x4)
                0x000000000800397c                _etext = .

.vfp11_veneer   0x000000000800397c        0x0
 .vfp11_veneer  0x000000000800397c        0x0 linker stubs

.v4_bx          0x000000000800397c        0x0
 .v4_bx         0x000000000800397c        0x0 linker stubs

.iplt           0x000000000800397c        0x0
 .iplt          0x000000000800397c        0x0 /usr/lib/gcc/arm-none-eabi/10.3.1/thumb/v7-m/nofp/crtbegin.o

.rodata         0x000000000800397c      0x17c
                0x000000000800397c                . = ALIGN (0x4)
 *(.rodata)
 .rodata        0x000000000800397c        0x4 /usr/lib/gcc/arm-none-eabi/10.3.1/../../../arm-none-eabi/lib/thumb/v7-m/nofp/libc_nano.a(lib_a-impure.o)
                0x000000000800397c                _global_impure_ptr
 .rodata        0x0000000008003980       0x60 /usr/lib/gcc/arm-none-eabi/10.3.1/../../../arm-none-eabi/lib/thumb/v7-m/nofp/libc_nano.a(lib_a-findfp.o)
                0x0000000008003980                __sf_fake_stderr
                0x00000000080039a0                __sf_fake_stdout
                0x00000000080039c0                __sf_fake_stdin
 *(.rodata*)
 .rodata.main.str1.4
                0x00000000080039e0       0x7f CMakeFiles/STM32_KEY_PROJECT.elf.dir/USER_ENCODER_MOTOR/main.c.obj
 *fill*         0x0000000008003a5f        0x1 
 .rodata.g_hw   0x0000000008003a60       0x54 CMakeFiles/STM32_KEY_PROJECT.elf.dir/HARDWARE/ENCODER_MOTOR/encoder_motor.c.obj
 .rodata.Protocol_HandleFrame.str1.4
                0x0000000008003ab4        0x7 CMakeFiles/STM32_KEY_PROJECT.elf.dir/HARDWARE/PROTOCOL/protocol.c.obj
 *fill*         0x0000000008003abb        0x1 
 .rodata.str1.4
                0x0000000008003abc       0x13 /usr/lib/gcc/arm-none-eabi/10.3.1/../../../arm-none-eabi/lib/thumb/v7-m/nofp/libc_nano.a(lib_a-nano-vfprintf.o)
 *fill*         0x0000000008003acf        0x1 
 .rodata.str1.4
                0x0000000008003ad0       0x25 /usr/lib/gcc/arm-none-eabi/10.3.1/../../../arm-none-eabi/lib/thumb/v7-m/nofp/libc_nano.a(lib_a-nano-vfprintf_i.o)
                0x0000000008003af8                . = ALIGN (0x4)
 *fill*         0x0000000008003af5        0x3 

.rel.dyn        0x0000000008003af8        0x0
 .rel.iplt      0x0000000008003af8        0x0 /usr/lib/gcc/arm-none-eabi/10.3.1/thumb/v7-m/nofp/crtbegin.o

.ARM.extab
 *(.ARM.extab* .gnu.linkonce.armextab.*)

.ARM            0x0000000008003af8        0x0
                0x0000000008003af8                __exidx_start = .
 *(.ARM.exidx*)
                0x0000000008003af8                __exidx_end = .

.preinit_array  0x0000000008003af8        0x0
                0x0000000008003af8                PROVIDE (__preinit_array_start = .)
 *(.preinit_array*)
                0x0000000008003af8                PROVIDE (__preinit_array_end = .)

.init_array     0x0000000008003af8        0x4
                0x0000000008003af8                PROVIDE (__init_array_start = .)
 *(SORT_BY_NAME(.init_array.*))
 *(.init_array*)
 .init_array    0x0000000008003af8        0x4 /usr/lib/gcc/arm-none-eabi/10.3.1/thumb/v7-m/nofp/crtbegin.o
                0x0000000008003afc                PROVIDE (__init_array_end = .)

.fini_array     0x0000000008003afc        0x4
                0x0000000008003afc                PROVIDE (__fini_array_start = .)
 *(SORT_BY_NAME(.fini_array.*))
 *(.fini_array*)
 .fini_array    0x0000000008003afc        0x4 /usr/lib/gcc/arm-none-eabi/10.3.1/thumb/v7-m/nofp/crtbegin.o
                0x0000000008003b00                PROVIDE (__fini_array_end = .)
                0x0000000008003b00                _sidata = LOADADDR (.data)

.data           0x0000000020000000       0x7c load address 0x0000000008003b00
                0x0000000020000000                . = ALIGN (0x4)
                0x0000000020000000                _sdata = .
 *(.data)
 .data          0x0000000020000000       0x64 /usr/lib/gcc/arm-none-eabi/10.3.1/../../../arm-none-eabi/lib/thumb/v7-m/nofp/libc_nano.a(lib_a-impure.o)
                0x0000000020000000                _impure_ptr
 *(.data*)
 .data.SystemCoreClock
                0x0000000020000064        0x4 CMakeFiles/STM32_KEY_PROJECT.elf.dir/USER/system_stm32f10x.c.obj
                0x0000000020000064                SystemCoreClock
 .data.ADCPrescTable
                0x0000000020000068        0x4 CMakeFiles/STM32_KEY_PROJECT.elf.dir/STM32F10x_FWLib/src/stm32f10x_rcc.c.obj
 .data.APBAHBPrescTable
                0x000000002000006c       0x10 CMakeFiles/STM32_KEY_PROJECT.elf.dir/STM32F10x_FWLib/src/stm32f10x_rcc.c.obj
                0x000000002000007c                . = ALIGN (0x4)
                0x000000002000007c                _edata = .

.tm_clone_table
                0x000000002000007c        0x0 load address 0x0000000008003b7c
 .tm_clone_table
                0x000000002000007c        0x0 /usr/lib/gcc/arm-none-eabi/10.3.1/thumb/v7-m/nofp/crtbegin.o
 .tm_clone_table
                0x000000002000007c        0x0 /usr/lib/gcc/arm-none-eabi/10.3.1/thumb/v7-m/nofp/crtend.o

.igot.plt       0x000000002000007c        0x0 load address 0x0000000008003b7c
 .igot.plt      0x000000002000007c        0x0 /usr/lib/gcc/arm-none-eabi/10.3.1/thumb/v7-m/nofp/crtbegin.o

.bss            0x000000002000007c       0x80 load address 0x0000000008003b7c
                0x000000002000007c                . = ALIGN (0x4)
                0x000000002000007c                _sbss = .
                0x000000002000007c                __bss_start__ = _sbss
 *(.bss)
 .bss           0x000000002000007c       0x1c /usr/lib/gcc/arm-none-eabi/10.3.1/thumb/v7-m/nofp/crtbegin.o
 .bss           0x0000000020000098        0x8 /usr/lib/gcc/arm-none-eabi/10.3.1/../../../arm-none-eabi/lib/thumb/v7-m/nofp/libc_nano.a(lib_a-nano-mallocr.o)
                0x0000000020000098                __malloc_free_list
                0x000000002000009c                __malloc_sbrk_start
 .bss           0x00000000200000a0        0x4 /usr/lib/gcc/arm-none-eabi/10.3.1/../../../arm-none-eabi/lib/thumb/v7-m/nofp/libc_nano.a(lib_a-reent.o)
                0x00000000200000a0                errno
 .bss           0x00000000200000a4        0x4 /usr/lib/gcc/arm-none-eabi/10.3.1/../../../arm-none-eabi/lib/thumb/v7-m/nofp/libnosys.a(sbrk.o)
 *(.bss*)
 .bss.g_fb      0x00000000200000a8       0x18 CMakeFiles/STM32_KEY_PROJECT.elf.dir/HARDWARE/DM4310/dm4310_can.c.obj
 .bss.g_state   0x00000000200000c0        0xc CMakeFiles/STM32_KEY_PROJECT.elf.dir/HARDWARE/ENCODER_MOTOR/encoder_motor.c.obj
 .bss.calc_checksum
                0x00000000200000cc        0x1 CMakeFiles/STM32_KEY_PROJECT.elf.dir/HARDWARE/PROTOCOL/protocol.c.obj
 *fill*         0x00000000200000cd        0x3 
 .bss.current_frame
                0x00000000200000d0       0x24 CMakeFiles/STM32_KEY_PROJECT.elf.dir/HARDWARE/PROTOCOL/protocol.c.obj
 .bss.rx_data_index
                0x00000000200000f4        0x1 CMakeFiles/STM32_KEY_PROJECT.elf.dir/HARDWARE/PROTOCOL/protocol.c.obj
 .bss.rx_state  0x00000000200000f5        0x1 CMakeFiles/STM32_KEY_PROJECT.elf.dir/HARDWARE/PROTOCOL/protocol.c.obj
 .bss.fac_ms    0x00000000200000f6        0x2 CMakeFiles/STM32_KEY_PROJECT.elf.dir/SYSTEM/delay/delay.c.obj
 .bss.fac_us    0x00000000200000f8        0x1 CMakeFiles/STM32_KEY_PROJECT.elf.dir/SYSTEM/delay/delay.c.obj
 .bss.g_usart2_ready
                0x00000000200000f9        0x1 CMakeFiles/STM32_KEY_PROJECT.elf.dir/SYSTEM/usart/usart.c.obj
 .bss.g_usart3_ready
                0x00000000200000fa        0x1 CMakeFiles/STM32_KEY_PROJECT.elf.dir/SYSTEM/usart/usart.c.obj
 *(COMMON)
                0x00000000200000fc                . = ALIGN (0x4)
 *fill*         0x00000000200000fb        0x1 
                0x00000000200000fc                _ebss = .
                0x00000000200000fc                __bss_end__ = _ebss

._user_heap_stack
                0x00000000200000fc      0x604 load address 0x0000000008003b7c
                0x0000000020000100                . = ALIGN (0x8)
 *fill*         0x00000000200000fc        0x4 
                0x0000000020000100                PROVIDE (end = .)
                [!provide]                        PROVIDE (_end = .)
                0x0000000020000300                . = (. + _Min_Heap_Size)
 *fill*         0x0000000020000100      0x200 
                0x0000000020000700                . = (. + _Min_Stack_Size)
 *fill*         0x0000000020000300      0x400 
                0x0000000020000700                . = ALIGN (0x8)

/DISCARD/
 libc.a(*)
 libm.a(*)
 libgcc.a(*)

.ARM.attributes
                0x0000000000000000       0x29
 *(.ARM.attributes)
 .ARM.attributes
                0x0000000000000000       0x1d /usr/lib/gcc/arm-none-eabi/10.3.1/thumb/v7-m/nofp/crti.o
 .ARM.attributes
                0x000000000000001d       0x2d /usr/lib/gcc/arm-none-eabi/10.3.1/thumb/v7-m/nofp/crtbegin.o
 .ARM.attributes
                0x000000000000004a       0x2d CMakeFiles/STM32_KEY_PROJECT.elf.dir/USER/stm32f10x_it.c.obj
 .ARM.attributes
                0x0000000000000077       0x2d CMakeFiles/STM32_KEY_PROJECT.elf.dir/USER/system_stm32f10x.c.obj
 .ARM.attributes
                0x00000000000000a4       0x2d CMakeFiles/STM32_KEY_PROJECT.elf.dir/USER_ENCODER_MOTOR/main.c.obj
 .ARM.attributes
                0x00000000000000d1       0x2d CMakeFiles/STM32_KEY_PROJECT.elf.dir/HARDWARE/DM4310/dm4310_can.c.obj
 .ARM.attributes
                0x00000000000000fe       0x2d CMakeFiles/STM32_KEY_PROJECT.elf.dir/HARDWARE/ENCODER_MOTOR/encoder_motor.c.obj
 .ARM.attributes
                0x000000000000012b       0x2d CMakeFiles/STM32_KEY_PROJECT.elf.dir/HARDWARE/LED/led.c.obj
 .ARM.attributes
                0x0000000000000158       0x2d CMakeFiles/STM32_KEY_PROJECT.elf.dir/HARDWARE/PROTOCOL/protocol.c.obj
 .ARM.attributes
                0x0000000000000185       0x2d CMakeFiles/STM32_KEY_PROJECT.elf.dir/SYSTEM/delay/delay.c.obj
 .ARM.attributes
                0x00000000000001b2       0x2d CMakeFiles/STM32_KEY_PROJECT.elf.dir/SYSTEM/usart/usart.c.obj
 .ARM.attributes
                0x00000000000001df       0x2d CMakeFiles/STM32_KEY_PROJECT.elf.dir/STM32F10x_FWLib/src/misc.c.obj
 .ARM.attributes
                0x000000000000020c       0x2d CMakeFiles/STM32_KEY_PROJECT.elf.dir/STM32F10x_FWLib/src/stm32f10x_can.c.obj
 .ARM.attributes
                0x0000000000000239       0x2d CMakeFiles/STM32_KEY_PROJECT.elf.dir/STM32F10x_FWLib/src/stm32f10x_gpio.c.obj
 .ARM.attributes
                0x0000000000000266       0x2d CMakeFiles/STM32_KEY_PROJECT.elf.dir/STM32F10x_FWLib/src/stm32f10x_rcc.c.obj
 .ARM.attributes
                0x0000000000000293       0x2d CMakeFiles/STM32_KEY_PROJECT.elf.dir/STM32F10x_FWLib/src/stm32f10x_tim.c.obj
 .ARM.attributes
                0x00000000000002c0       0x2d CMakeFiles/STM32_KEY_PROJECT.elf.dir/STM32F10x_FWLib/src/stm32f10x_usart.c.obj
 .ARM.attributes
                0x00000000000002ed       0x21 CMakeFiles/STM32_KEY_PROJECT.elf.dir/CORE/startup_stm32f103xe_gcc.s.obj
 .ARM.attributes
                0x000000000000030e       0x1d /usr/lib/gcc/arm-none-eabi/10.3.1/thumb/v7-m/nofp/libgcc.a(_arm_addsubsf3.o)
 .ARM.attributes
                0x000000000000032b       0x1d /usr/lib/gcc/arm-none-eabi/10.3.1/thumb/v7-m/nofp/libgcc.a(_arm_muldivsf3.o)
 .ARM.attributes
                0x0000000000000348       0x1d /usr/lib/gcc/arm-none-eabi/10.3.1/thumb/v7-m/nofp/libgcc.a(_arm_cmpsf2.o)
 .ARM.attributes
                0x0000000000000365       0x1d /usr/lib/gcc/arm-none-eabi/10.3.1/thumb/v7-m/nofp/libgcc.a(_arm_fixsfsi.o)
 .ARM.attributes
                0x0000000000000382       0x2d /usr/lib/gcc/arm-none-eabi/10.3.1/../../../arm-none-eabi/lib/thumb/v7-m/nofp/libc_nano.a(lib_a-impure.o)
 .ARM.attributes
                0x00000000000003af       0x2d /usr/lib/gcc/arm-none-eabi/10.3.1/../../../arm-none-eabi/lib/thumb/v7-m/nofp/libc_nano.a(lib_a-memset.o)
 .ARM.attributes
                0x00000000000003dc       0x2d /usr/lib/gcc/arm-none-eabi/10.3.1/../../../arm-none-eabi/lib/thumb/v7-m/nofp/libc_nano.a(lib_a-printf.o)
 .ARM.attributes
                0x0000000000000409       0x2d /usr/lib/gcc/arm-none-eabi/10.3.1/../../../arm-none-eabi/lib/thumb/v7-m/nofp/libc_nano.a(lib_a-puts.o)
 .ARM.attributes
                0x0000000000000436       0x2d /usr/lib/gcc/arm-none-eabi/10.3.1/../../../arm-none-eabi/lib/thumb/v7-m/nofp/libc_nano.a(lib_a-wbuf.o)
 .ARM.attributes
                0x0000000000000463       0x2d /usr/lib/gcc/arm-none-eabi/10.3.1/../../../arm-none-eabi/lib/thumb/v7-m/nofp/libc_nano.a(lib_a-wsetup.o)
 .ARM.attributes
                0x0000000000000490       0x2d /usr/lib/gcc/arm-none-eabi/10.3.1/../../../arm-none-eabi/lib/thumb/v7-m/nofp/libc_nano.a(lib_a-fflush.o)
 .ARM.attributes
                0x00000000000004bd       0x2d /usr/lib/gcc/arm-none-eabi/10.3.1/../../../arm-none-eabi/lib/thumb/v7-m/nofp/libc_nano.a(lib_a-findfp.o)
 .ARM.attributes
                0x00000000000004ea       0x2d /usr/lib/gcc/arm-none-eabi/10.3.1/../../../arm-none-eabi/lib/thumb/v7-m/nofp/libc_nano.a(lib_a-fwalk.o)
 .ARM.attributes
                0x0000000000000517       0x2d /usr/lib/gcc/arm-none-eabi/10.3.1/../../../arm-none-eabi/lib/thumb/v7-m/nofp/libc_nano.a(lib_a-makebuf.o)
 .ARM.attributes
                0x0000000000000544       0x2d /usr/lib/gcc/arm-none-eabi/10.3.1/../../../arm-none-eabi/lib/thumb/v7-m/nofp/libc_nano.a(lib_a-nano-freer.o)
 .ARM.attributes
                0x0000000000000571       0x2d /usr/lib/gcc/arm-none-eabi/10.3.1/../../../arm-none-eabi/lib/thumb/v7-m/nofp/libc_nano.a(lib_a-nano-mallocr.o)
 .ARM.attributes
                0x000000000000059e       0x2d /usr/lib/gcc/arm-none-eabi/10.3.1/../../../arm-none-eabi/lib/thumb/v7-m/nofp/libc_nano.a(lib_a-nano-vfprintf.o)
 .ARM.attributes
                0x00000000000005cb       0x2d /usr/lib/gcc/arm-none-eabi/10.3.1/../../../arm-none-eabi/lib/thumb/v7-m/nofp/libc_nano.a(lib_a-nano-vfprintf_i.o)
 .ARM.attributes
                0x00000000000005f8       0x2d /usr/lib/gcc/arm-none-eabi/10.3.1/../../../arm-none-eabi/lib/thumb/v7-m/nofp/libc_nano.a(lib_a-sbrkr.o)
 .ARM.attributes
                0x0000000000000625       0x2d /usr/lib/gcc/arm-none-eabi/10.3.1/../../../arm-none-eabi/lib/thumb/v7-m/nofp/libc_nano.a(lib_a-stdio.o)
 .ARM.attributes
                0x0000000000000652       0x2d /usr/lib/gcc/arm-none-eabi/10.3.1/../../../arm-none-eabi/lib/thumb/v7-m/nofp/libc_nano.a(lib_a-writer.o)
 .ARM.attributes
                0x000000000000067f       0x2d /usr/lib/gcc/arm-none-eabi/10.3.1/../../../arm-none-eabi/lib/thumb/v7-m/nofp/libc_nano.a(lib_a-closer.o)
 .ARM.attributes
                0x00000000000006ac       0x2d /usr/lib/gcc/arm-none-eabi/10.3.1/../../../arm-none-eabi/lib/thumb/v7-m/nofp/libc_nano.a(lib_a-fstatr.o)
 .ARM.attributes
                0x00000000000006d9       0x2d /usr/lib/gcc/arm-none-eabi/10.3.1/../../../arm-none-eabi/lib/thumb/v7-m/nofp/libc_nano.a(lib_a-fvwrite.o)
 .ARM.attributes
                0x0000000000000706       0x2d /usr/lib/gcc/arm-none-eabi/10.3.1/../../../arm-none-eabi/lib/thumb/v7-m/nofp/libc_nano.a(lib_a-isattyr.o)
 .ARM.attributes
                0x0000000000000733       0x2d /usr/lib/gcc/arm-none-eabi/10.3.1/../../../arm-none-eabi/lib/thumb/v7-m/nofp/libc_nano.a(lib_a-lseekr.o)
 .ARM.attributes
                0x0000000000000760       0x2d /usr/lib/gcc/arm-none-eabi/10.3.1/../../../arm-none-eabi/lib/thumb/v7-m/nofp/libc_nano.a(lib_a-memchr-stub.o)
 .ARM.attributes
                0x000000000000078d       0x1b /usr/lib/gcc/arm-none-eabi/10.3.1/../../../arm-none-eabi/lib/thumb/v7-m/nofp/libc_nano.a(lib_a-memcpy.o)
 .ARM.attributes
                0x00000000000007a8       0x2d /usr/lib/gcc/arm-none-eabi/10.3.1/../../../arm-none-eabi/lib/thumb/v7-m/nofp/libc_nano.a(lib_a-memmove.o)
 .ARM.attributes
                0x00000000000007d5       0x2d /usr/lib/gcc/arm-none-eabi/10.3.1/../../../arm-none-eabi/lib/thumb/v7-m/nofp/libc_nano.a(lib_a-mlock.o)
 .ARM.attributes
                0x0000000000000802       0x2d /usr/lib/gcc/arm-none-eabi/10.3.1/../../../arm-none-eabi/lib/thumb/v7-m/nofp/libc_nano.a(lib_a-nano-reallocr.o)
 .ARM.attributes
                0x000000000000082f       0x2d /usr/lib/gcc/arm-none-eabi/10.3.1/../../../arm-none-eabi/lib/thumb/v7-m/nofp/libc_nano.a(lib_a-readr.o)
 .ARM.attributes
                0x000000000000085c       0x2d /usr/lib/gcc/arm-none-eabi/10.3.1/../../../arm-none-eabi/lib/thumb/v7-m/nofp/libc_nano.a(lib_a-reent.o)
 .ARM.attributes
                0x0000000000000889       0x2d /usr/lib/gcc/arm-none-eabi/10.3.1/../../../arm-none-eabi/lib/thumb/v7-m/nofp/libc_nano.a(lib_a-nano-msizer.o)
 .ARM.attributes
                0x00000000000008b6       0x2d /usr/lib/gcc/arm-none-eabi/10.3.1/../../../arm-none-eabi/lib/thumb/v7-m/nofp/libnosys.a(close.o)
 .ARM.attributes
                0x00000000000008e3       0x2d /usr/lib/gcc/arm-none-eabi/10.3.1/../../../arm-none-eabi/lib/thumb/v7-m/nofp/libnosys.a(fstat.o)
 .ARM.attributes
                0x0000000000000910       0x2d /usr/lib/gcc/arm-none-eabi/10.3.1/../../../arm-none-eabi/lib/thumb/v7-m/nofp/libnosys.a(isatty.o)
 .ARM.attributes
                0x000000000000093d       0x2d /usr/lib/gcc/arm-none-eabi/10.3.1/../../../arm-none-eabi/lib/thumb/v7-m/nofp/libnosys.a(lseek.o)
 .ARM.attributes
                0x000000000000096a       0x2d /usr/lib/gcc/arm-none-eabi/10.3.1/../../../arm-none-eabi/lib/thumb/v7-m/nofp/libnosys.a(read.o)
 .ARM.attributes
                0x0000000000000997       0x2d /usr/lib/gcc/arm-none-eabi/10.3.1/../../../arm-none-eabi/lib/thumb/v7-m/nofp/libnosys.a(sbrk.o)
 .ARM.attributes
                0x00000000000009c4       0x2d /usr/lib/gcc/arm-none-eabi/10.3.1/../../../arm-none-eabi/lib/thumb/v7-m/nofp/libnosys.a(write.o)
 .ARM.attributes
                0x00000000000009f1       0x2d /usr/lib/gcc/arm-none-eabi/10.3.1/thumb/v7-m/nofp/crtend.o
 .ARM.attributes
                0x0000000000000a1e       0x1d /usr/lib/gcc/arm-none-eabi/10.3.1/thumb/v7-m/nofp/crtn.o
OUTPUT(STM32_KEY_PROJECT.elf elf32-littlearm)
LOAD linker stubs
LOAD /usr/lib/gcc/arm-none-eabi/10.3.1/../../../arm-none-eabi/lib/thumb/v7-m/nofp/libc.a
LOAD /usr/lib/gcc/arm-none-eabi/10.3.1/../../../arm-none-eabi/lib/thumb/v7-m/nofp/libm.a
LOAD /usr/lib/gcc/arm-none-eabi/10.3.1/thumb/v7-m/nofp/libgcc.a

.comment        0x0000000000000000       0x33
 .comment       0x0000000000000000       0x33 /usr/lib/gcc/arm-none-eabi/10.3.1/thumb/v7-m/nofp/crtbegin.o
                                         0x34 (size before relaxing)
 .comment       0x0000000000000033       0x34 CMakeFiles/STM32_KEY_PROJECT.elf.dir/USER/stm32f10x_it.c.obj
 .comment       0x0000000000000033       0x34 CMakeFiles/STM32_KEY_PROJECT.elf.dir/USER/system_stm32f10x.c.obj
 .comment       0x0000000000000033       0x34 CMakeFiles/STM32_KEY_PROJECT.elf.dir/USER_ENCODER_MOTOR/main.c.obj
 .comment       0x0000000000000033       0x34 CMakeFiles/STM32_KEY_PROJECT.elf.dir/HARDWARE/DM4310/dm4310_can.c.obj
 .comment       0x0000000000000033       0x34 CMakeFiles/STM32_KEY_PROJECT.elf.dir/HARDWARE/ENCODER_MOTOR/encoder_motor.c.obj
 .comment       0x0000000000000033       0x34 CMakeFiles/STM32_KEY_PROJECT.elf.dir/HARDWARE/LED/led.c.obj
 .comment       0x0000000000000033       0x34 CMakeFiles/STM32_KEY_PROJECT.elf.dir/HARDWARE/PROTOCOL/protocol.c.obj
 .comment       0x0000000000000033       0x34 CMakeFiles/STM32_KEY_PROJECT.elf.dir/SYSTEM/delay/delay.c.obj
 .comment       0x0000000000000033       0x34 CMakeFiles/STM32_KEY_PROJECT.elf.dir/SYSTEM/usart/usart.c.obj
 .comment       0x0000000000000033       0x34 CMakeFiles/STM32_KEY_PROJECT.elf.dir/STM32F10x_FWLib/src/misc.c.obj
 .comment       0x0000000000000033       0x34 CMakeFiles/STM32_KEY_PROJECT.elf.dir/STM32F10x_FWLib/src/stm32f10x_can.c.obj
 .comment       0x0000000000000033       0x34 CMakeFiles/STM32_KEY_PROJECT.elf.dir/STM32F10x_FWLib/src/stm32f10x_gpio.c.obj
 .comment       0x0000000000000033       0x34 CMakeFiles/STM32_KEY_PROJECT.elf.dir/STM32F10x_FWLib/src/stm32f10x_rcc.c.obj
 .comment       0x0000000000000033       0x34 CMakeFiles/STM32_KEY_PROJECT.elf.dir/STM32F10x_FWLib/src/stm32f10x_tim.c.obj
 .comment       0x0000000000000033       0x34 CMakeFiles/STM32_KEY_PROJECT.elf.dir/STM32F10x_FWLib/src/stm32f10x_usart.c.obj
 .comment       0x0000000000000033       0x34 /usr/lib/gcc/arm-none-eabi/10.3.1/../../../arm-none-eabi/lib/thumb/v7-m/nofp/libc_nano.a(lib_a-impure.o)
 .comment       0x0000000000000033       0x34 /usr/lib/gcc/arm-none-eabi/10.3.1/../../../arm-none-eabi/lib/thumb/v7-m/nofp/libc_nano.a(lib_a-memset.o)
 .comment       0x0000000000000033       0x34 /usr/lib/gcc/arm-none-eabi/10.3.1/../../../arm-none-eabi/lib/thumb/v7-m/nofp/libc_nano.a(lib_a-printf.o)
 .comment       0x0000000000000033       0x34 /usr/lib/gcc/arm-none-eabi/10.3.1/../../../arm-none-eabi/lib/thumb/v7-m/nofp/libc_nano.a(lib_a-puts.o)
 .comment       0x0000000000000033       0x34 /usr/lib/gcc/arm-none-eabi/10.3.1/../../../arm-none-eabi/lib/thumb/v7-m/nofp/libc_nano.a(lib_a-wbuf.o)
 .comment       0x0000000000000033       0x34 /usr/lib/gcc/arm-none-eabi/10.3.1/../../../arm-none-eabi/lib/thumb/v7-m/nofp/libc_nano.a(lib_a-wsetup.o)
 .comment       0x0000000000000033       0x34 /usr/lib/gcc/arm-none-eabi/10.3.1/../../../arm-none-eabi/lib/thumb/v7-m/nofp/libc_nano.a(lib_a-fflush.o)
 .comment       0x0000000000000033       0x34 /usr/lib/gcc/arm-none-eabi/10.3.1/../../../arm-none-eabi/lib/thumb/v7-m/nofp/libc_nano.a(lib_a-findfp.o)
 .comment       0x0000000000000033       0x34 /usr/lib/gcc/arm-none-eabi/10.3.1/../../../arm-none-eabi/lib/thumb/v7-m/nofp/libc_nano.a(lib_a-fwalk.o)
 .comment       0x0000000000000033       0x34 /usr/lib/gcc/arm-none-eabi/10.3.1/../../../arm-none-eabi/lib/thumb/v7-m/nofp/libc_nano.a(lib_a-makebuf.o)
 .comment       0x0000000000000033       0x34 /usr/lib/gcc/arm-none-eabi/10.3.1/../../../arm-none-eabi/lib/thumb/v7-m/nofp/libc_nano.a(lib_a-nano-freer.o)
 .comment       0x0000000000000033       0x34 /usr/lib/gcc/arm-none-eabi/10.3.1/../../../arm-none-eabi/lib/thumb/v7-m/nofp/libc_nano.a(lib_a-nano-mallocr.o)
 .comment       0x0000000000000033       0x34 /usr/lib/gcc/arm-none-eabi/10.3.1/../../../arm-none-eabi/lib/thumb/v7-m/nofp/libc_nano.a(lib_a-nano-vfprintf.o)
 .comment       0x0000000000000033       0x34 /usr/lib/gcc/arm-none-eabi/10.3.1/../../../arm-none-eabi/lib/thumb/v7-m/nofp/libc_nano.a(lib_a-nano-vfprintf_i.o)
 .comment       0x0000000000000033       0x34 /usr/lib/gcc/arm-none-eabi/10.3.1/../../../arm-none-eabi/lib/thumb/v7-m/nofp/libc_nano.a(lib_a-sbrkr.o)
 .comment       0x0000000000000033       0x34 /usr/lib/gcc/arm-none-eabi/10.3.1/../../../arm-none-eabi/lib/thumb/v7-m/nofp/libc_nano.a(lib_a-stdio.o)
 .comment       0x0000000000000033       0x34 /usr/lib/gcc/arm-none-eabi/10.3.1/../../../arm-none-eabi/lib/thumb/v7-m/nofp/libc_nano.a(lib_a-writer.o)
 .comment       0x0000000000000033       0x34 /usr/lib/gcc/arm-none-eabi/10.3.1/../../../arm-none-eabi/lib/thumb/v7-m/nofp/libc_nano.a(lib_a-closer.o)
 .comment       0x0000000000000033       0x34 /usr/lib/gcc/arm-none-eabi/10.3.1/../../../arm-none-eabi/lib/thumb/v7-m/nofp/libc_nano.a(lib_a-fstatr.o)
 .comment       0x0000000000000033       0x34 /usr/lib/gcc/arm-none-eabi/10.3.1/../../../arm-none-eabi/lib/thumb/v7-m/nofp/libc_nano.a(lib_a-fvwrite.o)
 .comment       0x0000000000000033       0x34 /usr/lib/gcc/arm-none-eabi/10.3.1/../../../arm-none-eabi/lib/thumb/v7-m/nofp/libc_nano.a(lib_a-isattyr.o)
 .comment       0x0000000000000033       0x34 /usr/lib/gcc/arm-none-eabi/10.3.1/../../../arm-none-eabi/lib/thumb/v7-m/nofp/libc_nano.a(lib_a-lseekr.o)
 .comment       0x0000000000000033       0x34 /usr/lib/gcc/arm-none-eabi/10.3.1/../../../arm-none-eabi/lib/thumb/v7-m/nofp/libc_nano.a(lib_a-memchr-stub.o)
 .comment       0x0000000000000033       0x34 /usr/lib/gcc/arm-none-eabi/10.3.1/../../../arm-none-eabi/lib/thumb/v7-m/nofp/libc_nano.a(lib_a-memmove.o)
 .comment       0x0000000000000033       0x34 /usr/lib/gcc/arm-none-eabi/10.3.1/../../../arm-none-eabi/lib/thumb/v7-m/nofp/libc_nano.a(lib_a-mlock.o)
 .comment       0x0000000000000033       0x34 /usr/lib/gcc/arm-none-eabi/10.3.1/../../../arm-none-eabi/lib/thumb/v7-m/nofp/libc_nano.a(lib_a-nano-reallocr.o)
 .comment       0x0000000000000033       0x34 /usr/lib/gcc/arm-none-eabi/10.3.1/../../../arm-none-eabi/lib/thumb/v7-m/nofp/libc_nano.a(lib_a-readr.o)
 .comment       0x0000000000000033       0x34 /usr/lib/gcc/arm-none-eabi/10.3.1/../../../arm-none-eabi/lib/thumb/v7-m/nofp/libc_nano.a(lib_a-reent.o)
 .comment       0x0000000000000033       0x34 /usr/lib/gcc/arm-none-eabi/10.3.1/../../../arm-none-eabi/lib/thumb/v7-m/nofp/libc_nano.a(lib_a-nano-msizer.o)
 .comment       0x0000000000000033       0x34 /usr/lib/gcc/arm-none-eabi/10.3.1/../../../arm-none-eabi/lib/thumb/v7-m/nofp/libnosys.a(close.o)
 .comment       0x0000000000000033       0x34 /usr/lib/gcc/arm-none-eabi/10.3.1/../../../arm-none-eabi/lib/thumb/v7-m/nofp/libnosys.a(fstat.o)
 .comment       0x0000000000000033       0x34 /usr/lib/gcc/arm-none-eabi/10.3.1/../../../arm-none-eabi/lib/thumb/v7-m/nofp/libnosys.a(isatty.o)
 .comment       0x0000000000000033       0x34 /usr/lib/gcc/arm-none-eabi/10.3.1/../../../arm-none-eabi/lib/thumb/v7-m/nofp/libnosys.a(lseek.o)
 .comment       0x0000000000000033       0x34 /usr/lib/gcc/arm-none-eabi/10.3.1/../../../arm-none-eabi/lib/thumb/v7-m/nofp/libnosys.a(read.o)
 .comment       0x0000000000000033       0x34 /usr/lib/gcc/arm-none-eabi/10.3.1/../../../arm-none-eabi/lib/thumb/v7-m/nofp/libnosys.a(sbrk.o)
 .comment       0x0000000000000033       0x34 /usr/lib/gcc/arm-none-eabi/10.3.1/../../../arm-none-eabi/lib/thumb/v7-m/nofp/libnosys.a(write.o)
 .comment       0x0000000000000033       0x34 /usr/lib/gcc/arm-none-eabi/10.3.1/thumb/v7-m/nofp/crtend.o

.debug_line     0x0000000000000000     0x58dd
 .debug_line    0x0000000000000000      0x11a /usr/lib/gcc/arm-none-eabi/10.3.1/thumb/v7-m/nofp/libgcc.a(_arm_addsubsf3.o)
 .debug_line    0x000000000000011a      0x13a /usr/lib/gcc/arm-none-eabi/10.3.1/thumb/v7-m/nofp/libgcc.a(_arm_muldivsf3.o)
 .debug_line    0x0000000000000254       0xb1 /usr/lib/gcc/arm-none-eabi/10.3.1/thumb/v7-m/nofp/libgcc.a(_arm_cmpsf2.o)
 .debug_line    0x0000000000000305       0x79 /usr/lib/gcc/arm-none-eabi/10.3.1/thumb/v7-m/nofp/libgcc.a(_arm_fixsfsi.o)
 .debug_line    0x000000000000037e       0xe4 /usr/lib/gcc/arm-none-eabi/10.3.1/../../../arm-none-eabi/lib/thumb/v7-m/nofp/libc_nano.a(lib_a-impure.o)
 .debug_line    0x0000000000000462      0x1bf /usr/lib/gcc/arm-none-eabi/10.3.1/../../../arm-none-eabi/lib/thumb/v7-m/nofp/libc_nano.a(lib_a-memset.o)
 .debug_line    0x0000000000000621      0x22c /usr/lib/gcc/arm-none-eabi/10.3.1/../../../arm-none-eabi/lib/thumb/v7-m/nofp/libc_nano.a(lib_a-printf.o)
 .debug_line    0x000000000000084d      0x32c /usr/lib/gcc/arm-none-eabi/10.3.1/../../../arm-none-eabi/lib/thumb/v7-m/nofp/libc_nano.a(lib_a-puts.o)
 .debug_line    0x0000000000000b79      0x27a /usr/lib/gcc/arm-none-eabi/10.3.1/../../../arm-none-eabi/lib/thumb/v7-m/nofp/libc_nano.a(lib_a-wbuf.o)
 .debug_line    0x0000000000000df3      0x352 /usr/lib/gcc/arm-none-eabi/10.3.1/../../../arm-none-eabi/lib/thumb/v7-m/nofp/libc_nano.a(lib_a-wsetup.o)
 .debug_line    0x0000000000001145      0x494 /usr/lib/gcc/arm-none-eabi/10.3.1/../../../arm-none-eabi/lib/thumb/v7-m/nofp/libc_nano.a(lib_a-fflush.o)
 .debug_line    0x00000000000015d9      0x5ab /usr/lib/gcc/arm-none-eabi/10.3.1/../../../arm-none-eabi/lib/thumb/v7-m/nofp/libc_nano.a(lib_a-findfp.o)
 .debug_line    0x0000000000001b84      0x27a /usr/lib/gcc/arm-none-eabi/10.3.1/../../../arm-none-eabi/lib/thumb/v7-m/nofp/libc_nano.a(lib_a-fwalk.o)
 .debug_line    0x0000000000001dfe      0x3c2 /usr/lib/gcc/arm-none-eabi/10.3.1/../../../arm-none-eabi/lib/thumb/v7-m/nofp/libc_nano.a(lib_a-makebuf.o)
 .debug_line    0x00000000000021c0      0x2e5 /usr/lib/gcc/arm-none-eabi/10.3.1/../../../arm-none-eabi/lib/thumb/v7-m/nofp/libc_nano.a(lib_a-nano-freer.o)
 .debug_line    0x00000000000024a5      0x2d6 /usr/lib/gcc/arm-none-eabi/10.3.1/../../../arm-none-eabi/lib/thumb/v7-m/nofp/libc_nano.a(lib_a-nano-mallocr.o)
 .debug_line    0x000000000000277b      0x6f8 /usr/lib/gcc/arm-none-eabi/10.3.1/../../../arm-none-eabi/lib/thumb/v7-m/nofp/libc_nano.a(lib_a-nano-vfprintf.o)
 .debug_line    0x0000000000002e73      0x75e /usr/lib/gcc/arm-none-eabi/10.3.1/../../../arm-none-eabi/lib/thumb/v7-m/nofp/libc_nano.a(lib_a-nano-vfprintf_i.o)
 .debug_line    0x00000000000035d1      0x186 /usr/lib/gcc/arm-none-eabi/10.3.1/../../../arm-none-eabi/lib/thumb/v7-m/nofp/libc_nano.a(lib_a-sbrkr.o)
 .debug_line    0x0000000000003757      0x231 /usr/lib/gcc/arm-none-eabi/10.3.1/../../../arm-none-eabi/lib/thumb/v7-m/nofp/libc_nano.a(lib_a-stdio.o)
 .debug_line    0x0000000000003988      0x18d /usr/lib/gcc/arm-none-eabi/10.3.1/../../../arm-none-eabi/lib/thumb/v7-m/nofp/libc_nano.a(lib_a-writer.o)
 .debug_line    0x0000000000003b15      0x186 /usr/lib/gcc/arm-none-eabi/10.3.1/../../../arm-none-eabi/lib/thumb/v7-m/nofp/libc_nano.a(lib_a-closer.o)
 .debug_line    0x0000000000003c9b      0x1fc /usr/lib/gcc/arm-none-eabi/10.3.1/../../../arm-none-eabi/lib/thumb/v7-m/nofp/libc_nano.a(lib_a-fstatr.o)
 .debug_line    0x0000000000003e97      0x5df /usr/lib/gcc/arm-none-eabi/10.3.1/../../../arm-none-eabi/lib/thumb/v7-m/nofp/libc_nano.a(lib_a-fvwrite.o)
 .debug_line    0x0000000000004476      0x187 /usr/lib/gcc/arm-none-eabi/10.3.1/../../../arm-none-eabi/lib/thumb/v7-m/nofp/libc_nano.a(lib_a-isattyr.o)
 .debug_line    0x00000000000045fd      0x18d /usr/lib/gcc/arm-none-eabi/10.3.1/../../../arm-none-eabi/lib/thumb/v7-m/nofp/libc_nano.a(lib_a-lseekr.o)
 .debug_line    0x000000000000478a      0x1d0 /usr/lib/gcc/arm-none-eabi/10.3.1/../../../arm-none-eabi/lib/thumb/v7-m/nofp/libc_nano.a(lib_a-memchr-stub.o)
 .debug_line    0x000000000000495a       0xc1 /usr/lib/gcc/arm-none-eabi/10.3.1/../../../arm-none-eabi/lib/thumb/v7-m/nofp/libc_nano.a(lib_a-memcpy.o)
 .debug_line    0x0000000000004a1b      0x206 /usr/lib/gcc/arm-none-eabi/10.3.1/../../../arm-none-eabi/lib/thumb/v7-m/nofp/libc_nano.a(lib_a-memmove.o)
 .debug_line    0x0000000000004c21      0x13e /usr/lib/gcc/arm-none-eabi/10.3.1/../../../arm-none-eabi/lib/thumb/v7-m/nofp/libc_nano.a(lib_a-mlock.o)
 .debug_line    0x0000000000004d5f      0x1c7 /usr/lib/gcc/arm-none-eabi/10.3.1/../../../arm-none-eabi/lib/thumb/v7-m/nofp/libc_nano.a(lib_a-nano-reallocr.o)
 .debug_line    0x0000000000004f26      0x18c /usr/lib/gcc/arm-none-eabi/10.3.1/../../../arm-none-eabi/lib/thumb/v7-m/nofp/libc_nano.a(lib_a-readr.o)
 .debug_line    0x00000000000050b2      0x2c7 /usr/lib/gcc/arm-none-eabi/10.3.1/../../../arm-none-eabi/lib/thumb/v7-m/nofp/libc_nano.a(lib_a-reent.o)
 .debug_line    0x0000000000005379      0x160 /usr/lib/gcc/arm-none-eabi/10.3.1/../../../arm-none-eabi/lib/thumb/v7-m/nofp/libc_nano.a(lib_a-nano-msizer.o)
 .debug_line    0x00000000000054d9       0x75 /usr/lib/gcc/arm-none-eabi/10.3.1/../../../arm-none-eabi/lib/thumb/v7-m/nofp/libnosys.a(close.o)
 .debug_line    0x000000000000554e      0x13f /usr/lib/gcc/arm-none-eabi/10.3.1/../../../arm-none-eabi/lib/thumb/v7-m/nofp/libnosys.a(fstat.o)
 .debug_line    0x000000000000568d       0x76 /usr/lib/gcc/arm-none-eabi/10.3.1/../../../arm-none-eabi/lib/thumb/v7-m/nofp/libnosys.a(isatty.o)
 .debug_line    0x0000000000005703       0x76 /usr/lib/gcc/arm-none-eabi/10.3.1/../../../arm-none-eabi/lib/thumb/v7-m/nofp/libnosys.a(lseek.o)
 .debug_line    0x0000000000005779       0x75 /usr/lib/gcc/arm-none-eabi/10.3.1/../../../arm-none-eabi/lib/thumb/v7-m/nofp/libnosys.a(read.o)
 .debug_line    0x00000000000057ee       0x79 /usr/lib/gcc/arm-none-eabi/10.3.1/../../../arm-none-eabi/lib/thumb/v7-m/nofp/libnosys.a(sbrk.o)
 .debug_line    0x0000000000005867       0x76 /usr/lib/gcc/arm-none-eabi/10.3.1/../../../arm-none-eabi/lib/thumb/v7-m/nofp/libnosys.a(write.o)

.debug_info     0x0000000000000000    0x112aa
 .debug_info    0x0000000000000000       0x26 /usr/lib/gcc/arm-none-eabi/10.3.1/thumb/v7-m/nofp/libgcc.a(_arm_addsubsf3.o)
 .debug_info    0x0000000000000026       0x26 /usr/lib/gcc/arm-none-eabi/10.3.1/thumb/v7-m/nofp/libgcc.a(_arm_muldivsf3.o)
 .debug_info    0x000000000000004c       0x26 /usr/lib/gcc/arm-none-eabi/10.3.1/thumb/v7-m/nofp/libgcc.a(_arm_cmpsf2.o)
 .debug_info    0x0000000000000072       0x26 /usr/lib/gcc/arm-none-eabi/10.3.1/thumb/v7-m/nofp/libgcc.a(_arm_fixsfsi.o)
 .debug_info    0x0000000000000098      0x863 /usr/lib/gcc/arm-none-eabi/10.3.1/../../../arm-none-eabi/lib/thumb/v7-m/nofp/libc_nano.a(lib_a-impure.o)
 .debug_info    0x00000000000008fb      0x137 /usr/lib/gcc/arm-none-eabi/10.3.1/../../../arm-none-eabi/lib/thumb/v7-m/nofp/libc_nano.a(lib_a-memset.o)
 .debug_info    0x0000000000000a32      0x8fd /usr/lib/gcc/arm-none-eabi/10.3.1/../../../arm-none-eabi/lib/thumb/v7-m/nofp/libc_nano.a(lib_a-printf.o)
 .debug_info    0x000000000000132f      0xa4e /usr/lib/gcc/arm-none-eabi/10.3.1/../../../arm-none-eabi/lib/thumb/v7-m/nofp/libc_nano.a(lib_a-puts.o)
 .debug_info    0x0000000000001d7d      0x998 /usr/lib/gcc/arm-none-eabi/10.3.1/../../../arm-none-eabi/lib/thumb/v7-m/nofp/libc_nano.a(lib_a-wbuf.o)
 .debug_info    0x0000000000002715      0x902 /usr/lib/gcc/arm-none-eabi/10.3.1/../../../arm-none-eabi/lib/thumb/v7-m/nofp/libc_nano.a(lib_a-wsetup.o)
 .debug_info    0x0000000000003017      0xb0a /usr/lib/gcc/arm-none-eabi/10.3.1/../../../arm-none-eabi/lib/thumb/v7-m/nofp/libc_nano.a(lib_a-fflush.o)
 .debug_info    0x0000000000003b21      0xfae /usr/lib/gcc/arm-none-eabi/10.3.1/../../../arm-none-eabi/lib/thumb/v7-m/nofp/libc_nano.a(lib_a-findfp.o)
 .debug_info    0x0000000000004acf      0x900 /usr/lib/gcc/arm-none-eabi/10.3.1/../../../arm-none-eabi/lib/thumb/v7-m/nofp/libc_nano.a(lib_a-fwalk.o)
 .debug_info    0x00000000000053cf      0xc8a /usr/lib/gcc/arm-none-eabi/10.3.1/../../../arm-none-eabi/lib/thumb/v7-m/nofp/libc_nano.a(lib_a-makebuf.o)
 .debug_info    0x0000000000006059      0x940 /usr/lib/gcc/arm-none-eabi/10.3.1/../../../arm-none-eabi/lib/thumb/v7-m/nofp/libc_nano.a(lib_a-nano-freer.o)
 .debug_info    0x0000000000006999      0xa0c /usr/lib/gcc/arm-none-eabi/10.3.1/../../../arm-none-eabi/lib/thumb/v7-m/nofp/libc_nano.a(lib_a-nano-mallocr.o)
 .debug_info    0x00000000000073a5     0x115f /usr/lib/gcc/arm-none-eabi/10.3.1/../../../arm-none-eabi/lib/thumb/v7-m/nofp/libc_nano.a(lib_a-nano-vfprintf.o)
 .debug_info    0x0000000000008504      0xe9e /usr/lib/gcc/arm-none-eabi/10.3.1/../../../arm-none-eabi/lib/thumb/v7-m/nofp/libc_nano.a(lib_a-nano-vfprintf_i.o)
 .debug_info    0x00000000000093a2      0x828 /usr/lib/gcc/arm-none-eabi/10.3.1/../../../arm-none-eabi/lib/thumb/v7-m/nofp/libc_nano.a(lib_a-sbrkr.o)
 .debug_info    0x0000000000009bca      0xabc /usr/lib/gcc/arm-none-eabi/10.3.1/../../../arm-none-eabi/lib/thumb/v7-m/nofp/libc_nano.a(lib_a-stdio.o)
 .debug_info    0x000000000000a686      0x85a /usr/lib/gcc/arm-none-eabi/10.3.1/../../../arm-none-eabi/lib/thumb/v7-m/nofp/libc_nano.a(lib_a-writer.o)
 .debug_info    0x000000000000aee0      0x805 /usr/lib/gcc/arm-none-eabi/10.3.1/../../../arm-none-eabi/lib/thumb/v7-m/nofp/libc_nano.a(lib_a-closer.o)
 .debug_info    0x000000000000b6e5      0xa1d /usr/lib/gcc/arm-none-eabi/10.3.1/../../../arm-none-eabi/lib/thumb/v7-m/nofp/libc_nano.a(lib_a-fstatr.o)
 .debug_info    0x000000000000c102      0xb54 /usr/lib/gcc/arm-none-eabi/10.3.1/../../../arm-none-eabi/lib/thumb/v7-m/nofp/libc_nano.a(lib_a-fvwrite.o)
 .debug_info    0x000000000000cc56      0x805 /usr/lib/gcc/arm-none-eabi/10.3.1/../../../arm-none-eabi/lib/thumb/v7-m/nofp/libc_nano.a(lib_a-isattyr.o)
 .debug_info    0x000000000000d45b      0x83b /usr/lib/gcc/arm-none-eabi/10.3.1/../../../arm-none-eabi/lib/thumb/v7-m/nofp/libc_nano.a(lib_a-lseekr.o)
 .debug_info    0x000000000000dc96      0x14e /usr/lib/gcc/arm-none-eabi/10.3.1/../../../arm-none-eabi/lib/thumb/v7-m/nofp/libc_nano.a(lib_a-memchr-stub.o)
 .debug_info    0x000000000000dde4       0x26 /usr/lib/gcc/arm-none-eabi/10.3.1/../../../arm-none-eabi/lib/thumb/v7-m/nofp/libc_nano.a(lib_a-memcpy.o)
 .debug_info    0x000000000000de0a      0x152 /usr/lib/gcc/arm-none-eabi/10.3.1/../../../arm-none-eabi/lib/thumb/v7-m/nofp/libc_nano.a(lib_a-memmove.o)
 .debug_info    0x000000000000df5c      0x7dc /usr/lib/gcc/arm-none-eabi/10.3.1/../../../arm-none-eabi/lib/thumb/v7-m/nofp/libc_nano.a(lib_a-mlock.o)
 .debug_info    0x000000000000e738      0x911 /usr/lib/gcc/arm-none-eabi/10.3.1/../../../arm-none-eabi/lib/thumb/v7-m/nofp/libc_nano.a(lib_a-nano-reallocr.o)
 .debug_info    0x000000000000f049      0x853 /usr/lib/gcc/arm-none-eabi/10.3.1/../../../arm-none-eabi/lib/thumb/v7-m/nofp/libc_nano.a(lib_a-readr.o)
 .debug_info    0x000000000000f89c      0xa7e /usr/lib/gcc/arm-none-eabi/10.3.1/../../../arm-none-eabi/lib/thumb/v7-m/nofp/libc_nano.a(lib_a-reent.o)
 .debug_info    0x000000000001031a      0x840 /usr/lib/gcc/arm-none-eabi/10.3.1/../../../arm-none-eabi/lib/thumb/v7-m/nofp/libc_nano.a(lib_a-nano-msizer.o)
 .debug_info    0x0000000000010b5a       0xb1 /usr/lib/gcc/arm-none-eabi/10.3.1/../../../arm-none-eabi/lib/thumb/v7-m/nofp/libnosys.a(close.o)
 .debug_info    0x0000000000010c0b      0x2cc /usr/lib/gcc/arm-none-eabi/10.3.1/../../../arm-none-eabi/lib/thumb/v7-m/nofp/libnosys.a(fstat.o)
 .debug_info    0x0000000000010ed7       0xb1 /usr/lib/gcc/arm-none-eabi/10.3.1/../../../arm-none-eabi/lib/thumb/v7-m/nofp/libnosys.a(isatty.o)
 .debug_info    0x0000000000010f88       0xd3 /usr/lib/gcc/arm-none-eabi/10.3.1/../../../arm-none-eabi/lib/thumb/v7-m/nofp/libnosys.a(lseek.o)
 .debug_info    0x000000000001105b       0xd9 /usr/lib/gcc/arm-none-eabi/10.3.1/../../../arm-none-eabi/lib/thumb/v7-m/nofp/libnosys.a(read.o)
 .debug_info    0x0000000000011134       0x9d /usr/lib/gcc/arm-none-eabi/10.3.1/../../../arm-none-eabi/lib/thumb/v7-m/nofp/libnosys.a(sbrk.o)
 .debug_info    0x00000000000111d1       0xd9 /usr/lib/gcc/arm-none-eabi/10.3.1/../../../arm-none-eabi/lib/thumb/v7-m/nofp/libnosys.a(write.o)

.debug_abbrev   0x0000000000000000     0x3d54
 .debug_abbrev  0x0000000000000000       0x14 /usr/lib/gcc/arm-none-eabi/10.3.1/thumb/v7-m/nofp/libgcc.a(_arm_addsubsf3.o)
 .debug_abbrev  0x0000000000000014       0x14 /usr/lib/gcc/arm-none-eabi/10.3.1/thumb/v7-m/nofp/libgcc.a(_arm_muldivsf3.o)
 .debug_abbrev  0x0000000000000028       0x14 /usr/lib/gcc/arm-none-eabi/10.3.1/thumb/v7-m/nofp/libgcc.a(_arm_cmpsf2.o)
 .debug_abbrev  0x000000000000003c       0x14 /usr/lib/gcc/arm-none-eabi/10.3.1/thumb/v7-m/nofp/libgcc.a(_arm_fixsfsi.o)
 .debug_abbrev  0x0000000000000050      0x151 /usr/lib/gcc/arm-none-eabi/10.3.1/../../../arm-none-eabi/lib/thumb/v7-m/nofp/libc_nano.a(lib_a-impure.o)
 .debug_abbrev  0x00000000000001a1       0xb4 /usr/lib/gcc/arm-none-eabi/10.3.1/../../../arm-none-eabi/lib/thumb/v7-m/nofp/libc_nano.a(lib_a-memset.o)
 .debug_abbrev  0x0000000000000255      0x23e /usr/lib/gcc/arm-none-eabi/10.3.1/../../../arm-none-eabi/lib/thumb/v7-m/nofp/libc_nano.a(lib_a-printf.o)
 .debug_abbrev  0x0000000000000493      0x28e /usr/lib/gcc/arm-none-eabi/10.3.1/../../../arm-none-eabi/lib/thumb/v7-m/nofp/libc_nano.a(lib_a-puts.o)
 .debug_abbrev  0x0000000000000721      0x21f /usr/lib/gcc/arm-none-eabi/10.3.1/../../../arm-none-eabi/lib/thumb/v7-m/nofp/libc_nano.a(lib_a-wbuf.o)
 .debug_abbrev  0x0000000000000940      0x1d4 /usr/lib/gcc/arm-none-eabi/10.3.1/../../../arm-none-eabi/lib/thumb/v7-m/nofp/libc_nano.a(lib_a-wsetup.o)
 .debug_abbrev  0x0000000000000b14      0x2da /usr/lib/gcc/arm-none-eabi/10.3.1/../../../arm-none-eabi/lib/thumb/v7-m/nofp/libc_nano.a(lib_a-fflush.o)
 .debug_abbrev  0x0000000000000dee      0x3cd /usr/lib/gcc/arm-none-eabi/10.3.1/../../../arm-none-eabi/lib/thumb/v7-m/nofp/libc_nano.a(lib_a-findfp.o)
 .debug_abbrev  0x00000000000011bb      0x197 /usr/lib/gcc/arm-none-eabi/10.3.1/../../../arm-none-eabi/lib/thumb/v7-m/nofp/libc_nano.a(lib_a-fwalk.o)
 .debug_abbrev  0x0000000000001352      0x278 /usr/lib/gcc/arm-none-eabi/10.3.1/../../../arm-none-eabi/lib/thumb/v7-m/nofp/libc_nano.a(lib_a-makebuf.o)
 .debug_abbrev  0x00000000000015ca      0x245 /usr/lib/gcc/arm-none-eabi/10.3.1/../../../arm-none-eabi/lib/thumb/v7-m/nofp/libc_nano.a(lib_a-nano-freer.o)
 .debug_abbrev  0x000000000000180f      0x290 /usr/lib/gcc/arm-none-eabi/10.3.1/../../../arm-none-eabi/lib/thumb/v7-m/nofp/libc_nano.a(lib_a-nano-mallocr.o)
 .debug_abbrev  0x0000000000001a9f      0x358 /usr/lib/gcc/arm-none-eabi/10.3.1/../../../arm-none-eabi/lib/thumb/v7-m/nofp/libc_nano.a(lib_a-nano-vfprintf.o)
 .debug_abbrev  0x0000000000001df7      0x25c /usr/lib/gcc/arm-none-eabi/10.3.1/../../../arm-none-eabi/lib/thumb/v7-m/nofp/libc_nano.a(lib_a-nano-vfprintf_i.o)
 .debug_abbrev  0x0000000000002053      0x1d6 /usr/lib/gcc/arm-none-eabi/10.3.1/../../../arm-none-eabi/lib/thumb/v7-m/nofp/libc_nano.a(lib_a-sbrkr.o)
 .debug_abbrev  0x0000000000002229      0x1fb /usr/lib/gcc/arm-none-eabi/10.3.1/../../../arm-none-eabi/lib/thumb/v7-m/nofp/libc_nano.a(lib_a-stdio.o)
 .debug_abbrev  0x0000000000002424      0x1b0 /usr/lib/gcc/arm-none-eabi/10.3.1/../../../arm-none-eabi/lib/thumb/v7-m/nofp/libc_nano.a(lib_a-writer.o)
 .debug_abbrev  0x00000000000025d4      0x1ab /usr/lib/gcc/arm-none-eabi/10.3.1/../../../arm-none-eabi/lib/thumb/v7-m/nofp/libc_nano.a(lib_a-closer.o)
 .debug_abbrev  0x000000000000277f      0x1bf /usr/lib/gcc/arm-none-eabi/10.3.1/../../../arm-none-eabi/lib/thumb/v7-m/nofp/libc_nano.a(lib_a-fstatr.o)
 .debug_abbrev  0x000000000000293e      0x1f4 /usr/lib/gcc/arm-none-eabi/10.3.1/../../../arm-none-eabi/lib/thumb/v7-m/nofp/libc_nano.a(lib_a-fvwrite.o)
 .debug_abbrev  0x0000000000002b32      0x1ab /usr/lib/gcc/arm-none-eabi/10.3.1/../../../arm-none-eabi/lib/thumb/v7-m/nofp/libc_nano.a(lib_a-isattyr.o)
 .debug_abbrev  0x0000000000002cdd      0x1bf /usr/lib/gcc/arm-none-eabi/10.3.1/../../../arm-none-eabi/lib/thumb/v7-m/nofp/libc_nano.a(lib_a-lseekr.o)
 .debug_abbrev  0x0000000000002e9c       0xd4 /usr/lib/gcc/arm-none-eabi/10.3.1/../../../arm-none-eabi/lib/thumb/v7-m/nofp/libc_nano.a(lib_a-memchr-stub.o)
 .debug_abbrev  0x0000000000002f70       0x14 /usr/lib/gcc/arm-none-eabi/10.3.1/../../../arm-none-eabi/lib/thumb/v7-m/nofp/libc_nano.a(lib_a-memcpy.o)
 .debug_abbrev  0x0000000000002f84       0xc0 /usr/lib/gcc/arm-none-eabi/10.3.1/../../../arm-none-eabi/lib/thumb/v7-m/nofp/libc_nano.a(lib_a-memmove.o)
 .debug_abbrev  0x0000000000003044      0x189 /usr/lib/gcc/arm-none-eabi/10.3.1/../../../arm-none-eabi/lib/thumb/v7-m/nofp/libc_nano.a(lib_a-mlock.o)
 .debug_abbrev  0x00000000000031cd      0x1d6 /usr/lib/gcc/arm-none-eabi/10.3.1/../../../arm-none-eabi/lib/thumb/v7-m/nofp/libc_nano.a(lib_a-nano-reallocr.o)
 .debug_abbrev  0x00000000000033a3      0x1ab /usr/lib/gcc/arm-none-eabi/10.3.1/../../../arm-none-eabi/lib/thumb/v7-m/nofp/libc_nano.a(lib_a-readr.o)
 .debug_abbrev  0x000000000000354e      0x265 /usr/lib/gcc/arm-none-eabi/10.3.1/../../../arm-none-eabi/lib/thumb/v7-m/nofp/libc_nano.a(lib_a-reent.o)
 .debug_abbrev  0x00000000000037b3      0x191 /usr/lib/gcc/arm-none-eabi/10.3.1/../../../arm-none-eabi/lib/thumb/v7-m/nofp/libc_nano.a(lib_a-nano-msizer.o)
 .debug_abbrev  0x0000000000003944       0x6d /usr/lib/gcc/arm-none-eabi/10.3.1/../../../arm-none-eabi/lib/thumb/v7-m/nofp/libnosys.a(close.o)
 .debug_abbrev  0x00000000000039b1       0xcc /usr/lib/gcc/arm-none-eabi/10.3.1/../../../arm-none-eabi/lib/thumb/v7-m/nofp/libnosys.a(fstat.o)
 .debug_abbrev  0x0000000000003a7d       0x6d /usr/lib/gcc/arm-none-eabi/10.3.1/../../../arm-none-eabi/lib/thumb/v7-m/nofp/libnosys.a(isatty.o)
 .debug_abbrev  0x0000000000003aea       0x92 /usr/lib/gcc/arm-none-eabi/10.3.1/../../../arm-none-eabi/lib/thumb/v7-m/nofp/libnosys.a(lseek.o)
 .debug_abbrev  0x0000000000003b7c       0x9b /usr/lib/gcc/arm-none-eabi/10.3.1/../../../arm-none-eabi/lib/thumb/v7-m/nofp/libnosys.a(read.o)
 .debug_abbrev  0x0000000000003c17       0xa2 /usr/lib/gcc/arm-none-eabi/10.3.1/../../../arm-none-eabi/lib/thumb/v7-m/nofp/libnosys.a(sbrk.o)
 .debug_abbrev  0x0000000000003cb9       0x9b /usr/lib/gcc/arm-none-eabi/10.3.1/../../../arm-none-eabi/lib/thumb/v7-m/nofp/libnosys.a(write.o)

.debug_aranges  0x0000000000000000      0x518
 .debug_aranges
                0x0000000000000000       0x20 /usr/lib/gcc/arm-none-eabi/10.3.1/thumb/v7-m/nofp/libgcc.a(_arm_addsubsf3.o)
 .debug_aranges
                0x0000000000000020       0x20 /usr/lib/gcc/arm-none-eabi/10.3.1/thumb/v7-m/nofp/libgcc.a(_arm_muldivsf3.o)
 .debug_aranges
                0x0000000000000040       0x20 /usr/lib/gcc/arm-none-eabi/10.3.1/thumb/v7-m/nofp/libgcc.a(_arm_cmpsf2.o)
 .debug_aranges
                0x0000000000000060       0x20 /usr/lib/gcc/arm-none-eabi/10.3.1/thumb/v7-m/nofp/libgcc.a(_arm_fixsfsi.o)
 .debug_aranges
                0x0000000000000080       0x18 /usr/lib/gcc/arm-none-eabi/10.3.1/../../../arm-none-eabi/lib/thumb/v7-m/nofp/libc_nano.a(lib_a-impure.o)
 .debug_aranges
                0x0000000000000098       0x20 /usr/lib/gcc/arm-none-eabi/10.3.1/../../../arm-none-eabi/lib/thumb/v7-m/nofp/libc_nano.a(lib_a-memset.o)
 .debug_aranges
                0x00000000000000b8       0x20 /usr/lib/gcc/arm-none-eabi/10.3.1/../../../arm-none-eabi/lib/thumb/v7-m/nofp/libc_nano.a(lib_a-printf.o)
 .debug_aranges
                0x00000000000000d8       0x20 /usr/lib/gcc/arm-none-eabi/10.3.1/../../../arm-none-eabi/lib/thumb/v7-m/nofp/libc_nano.a(lib_a-puts.o)
 .debug_aranges
                0x00000000000000f8       0x20 /usr/lib/gcc/arm-none-eabi/10.3.1/../../../arm-none-eabi/lib/thumb/v7-m/nofp/libc_nano.a(lib_a-wbuf.o)
 .debug_aranges
                0x0000000000000118       0x20 /usr/lib/gcc/arm-none-eabi/10.3.1/../../../arm-none-eabi/lib/thumb/v7-m/nofp/libc_nano.a(lib_a-wsetup.o)
 .debug_aranges
                0x0000000000000138       0x20 /usr/lib/gcc/arm-none-eabi/10.3.1/../../../arm-none-eabi/lib/thumb/v7-m/nofp/libc_nano.a(lib_a-fflush.o)
 .debug_aranges
                0x0000000000000158       0x20 /usr/lib/gcc/arm-none-eabi/10.3.1/../../../arm-none-eabi/lib/thumb/v7-m/nofp/libc_nano.a(lib_a-findfp.o)
 .debug_aranges
                0x0000000000000178       0x20 /usr/lib/gcc/arm-none-eabi/10.3.1/../../../arm-none-eabi/lib/thumb/v7-m/nofp/libc_nano.a(lib_a-fwalk.o)
 .debug_aranges
                0x0000000000000198       0x20 /usr/lib/gcc/arm-none-eabi/10.3.1/../../../arm-none-eabi/lib/thumb/v7-m/nofp/libc_nano.a(lib_a-makebuf.o)
 .debug_aranges
                0x00000000000001b8       0x20 /usr/lib/gcc/arm-none-eabi/10.3.1/../../../arm-none-eabi/lib/thumb/v7-m/nofp/libc_nano.a(lib_a-nano-freer.o)
 .debug_aranges
                0x00000000000001d8       0x20 /usr/lib/gcc/arm-none-eabi/10.3.1/../../../arm-none-eabi/lib/thumb/v7-m/nofp/libc_nano.a(lib_a-nano-mallocr.o)
 .debug_aranges
                0x00000000000001f8       0x20 /usr/lib/gcc/arm-none-eabi/10.3.1/../../../arm-none-eabi/lib/thumb/v7-m/nofp/libc_nano.a(lib_a-nano-vfprintf.o)
 .debug_aranges
                0x0000000000000218       0x20 /usr/lib/gcc/arm-none-eabi/10.3.1/../../../arm-none-eabi/lib/thumb/v7-m/nofp/libc_nano.a(lib_a-nano-vfprintf_i.o)
 .debug_aranges
                0x0000000000000238       0x20 /usr/lib/gcc/arm-none-eabi/10.3.1/../../../arm-none-eabi/lib/thumb/v7-m/nofp/libc_nano.a(lib_a-sbrkr.o)
 .debug_aranges
                0x0000000000000258       0x20 /usr/lib/gcc/arm-none-eabi/10.3.1/../../../arm-none-eabi/lib/thumb/v7-m/nofp/libc_nano.a(lib_a-stdio.o)
 .debug_aranges
                0x0000000000000278       0x20 /usr/lib/gcc/arm-none-eabi/10.3.1/../../../arm-none-eabi/lib/thumb/v7-m/nofp/libc_nano.a(lib_a-writer.o)
 .debug_aranges
                0x0000000000000298       0x20 /usr/lib/gcc/arm-none-eabi/10.3.1/../../../arm-none-eabi/lib/thumb/v7-m/nofp/libc_nano.a(lib_a-closer.o)
 .debug_aranges
                0x00000000000002b8       0x20 /usr/lib/gcc/arm-none-eabi/10.3.1/../../../arm-none-eabi/lib/thumb/v7-m/nofp/libc_nano.a(lib_a-fstatr.o)
 .debug_aranges
                0x00000000000002d8       0x20 /usr/lib/gcc/arm-none-eabi/10.3.1/../../../arm-none-eabi/lib/thumb/v7-m/nofp/libc_nano.a(lib_a-fvwrite.o)
 .debug_aranges
                0x00000000000002f8       0x20 /usr/lib/gcc/arm-none-eabi/10.3.1/../../../arm-none-eabi/lib/thumb/v7-m/nofp/libc_nano.a(lib_a-isattyr.o)
 .debug_aranges
                0x0000000000000318       0x20 /usr/lib/gcc/arm-none-eabi/10.3.1/../../../arm-none-eabi/lib/thumb/v7-m/nofp/libc_nano.a(lib_a-lseekr.o)
 .debug_aranges
                0x0000000000000338       0x20 /usr/lib/gcc/arm-none-eabi/10.3.1/../../../arm-none-eabi/lib/thumb/v7-m/nofp/libc_nano.a(lib_a-memchr-stub.o)
 .debug_aranges
                0x0000000000000358       0x20 /usr/lib/gcc/arm-none-eabi/10.3.1/../../../arm-none-eabi/lib/thumb/v7-m/nofp/libc_nano.a(lib_a-memcpy.o)
 .debug_aranges
                0x0000000000000378       0x20 /usr/lib/gcc/arm-none-eabi/10.3.1/../../../arm-none-eabi/lib/thumb/v7-m/nofp/libc_nano.a(lib_a-memmove.o)
 .debug_aranges
                0x0000000000000398       0x20 /usr/lib/gcc/arm-none-eabi/10.3.1/../../../arm-none-eabi/lib/thumb/v7-m/nofp/libc_nano.a(lib_a-mlock.o)
 .debug_aranges
                0x00000000000003b8       0x20 /usr/lib/gcc/arm-none-eabi/10.3.1/../../../arm-none-eabi/lib/thumb/v7-m/nofp/libc_nano.a(lib_a-nano-reallocr.o)
 .debug_aranges
                0x00000000000003d8       0x20 /usr/lib/gcc/arm-none-eabi/10.3.1/../../../arm-none-eabi/lib/thumb/v7-m/nofp/libc_nano.a(lib_a-readr.o)
 .debug_aranges
                0x00000000000003f8       0x20 /usr/lib/gcc/arm-none-eabi/10.3.1/../../../arm-none-eabi/lib/thumb/v7-m/nofp/libc_nano.a(lib_a-reent.o)
 .debug_aranges
                0x0000000000000418       0x20 /usr/lib/gcc/arm-none-eabi/10.3.1/../../../arm-none-eabi/lib/thumb/v7-m/nofp/libc_nano.a(lib_a-nano-msizer.o)
 .debug_aranges
                0x0000000000000438       0x20 /usr/lib/gcc/arm-none-eabi/10.3.1/../../../arm-none-eabi/lib/thumb/v7-m/nofp/libnosys.a(close.o)
 .debug_aranges
                0x0000000000000458       0x20 /usr/lib/gcc/arm-none-eabi/10.3.1/../../../arm-none-eabi/lib/thumb/v7-m/nofp/libnosys.a(fstat.o)
 .debug_aranges
                0x0000000000000478       0x20 /usr/lib/gcc/arm-none-eabi/10.3.1/../../../arm-none-eabi/lib/thumb/v7-m/nofp/libnosys.a(isatty.o)
 .debug_aranges
                0x0000000000000498       0x20 /usr/lib/gcc/arm-none-eabi/10.3.1/../../../arm-none-eabi/lib/thumb/v7-m/nofp/libnosys.a(lseek.o)
 .debug_aranges
                0x00000000000004b8       0x20 /usr/lib/gcc/arm-none-eabi/10.3.1/../../../arm-none-eabi/lib/thumb/v7-m/nofp/libnosys.a(read.o)
 .debug_aranges
                0x00000000000004d8       0x20 /usr/lib/gcc/arm-none-eabi/10.3.1/../../../arm-none-eabi/lib/thumb/v7-m/nofp/libnosys.a(sbrk.o)
 .debug_aranges
                0x00000000000004f8       0x20 /usr/lib/gcc/arm-none-eabi/10.3.1/../../../arm-none-eabi/lib/thumb/v7-m/nofp/libnosys.a(write.o)

.debug_str      0x0000000000000000     0x16e9
 .debug_str     0x0000000000000000       0xa7 /usr/lib/gcc/arm-none-eabi/10.3.1/thumb/v7-m/nofp/libgcc.a(_arm_addsubsf3.o)
 .debug_str     0x00000000000000a7       0xa7 /usr/lib/gcc/arm-none-eabi/10.3.1/thumb/v7-m/nofp/libgcc.a(_arm_muldivsf3.o)
 .debug_str     0x00000000000000a7       0xa7 /usr/lib/gcc/arm-none-eabi/10.3.1/thumb/v7-m/nofp/libgcc.a(_arm_cmpsf2.o)
 .debug_str     0x00000000000000a7       0xa7 /usr/lib/gcc/arm-none-eabi/10.3.1/thumb/v7-m/nofp/libgcc.a(_arm_fixsfsi.o)
 .debug_str     0x00000000000000a7      0x4a4 /usr/lib/gcc/arm-none-eabi/10.3.1/../../../arm-none-eabi/lib/thumb/v7-m/nofp/libc_nano.a(lib_a-impure.o)
                                        0x556 (size before relaxing)
 .debug_str     0x000000000000054b       0xad /usr/lib/gcc/arm-none-eabi/10.3.1/../../../arm-none-eabi/lib/thumb/v7-m/nofp/libc_nano.a(lib_a-memset.o)
                                        0x1b8 (size before relaxing)
 .debug_str     0x00000000000005f8       0xcc /usr/lib/gcc/arm-none-eabi/10.3.1/../../../arm-none-eabi/lib/thumb/v7-m/nofp/libc_nano.a(lib_a-printf.o)
                                        0x543 (size before relaxing)
 .debug_str     0x00000000000006c4       0x6e /usr/lib/gcc/arm-none-eabi/10.3.1/../../../arm-none-eabi/lib/thumb/v7-m/nofp/libc_nano.a(lib_a-puts.o)
                                        0x58b (size before relaxing)
 .debug_str     0x0000000000000732       0x43 /usr/lib/gcc/arm-none-eabi/10.3.1/../../../arm-none-eabi/lib/thumb/v7-m/nofp/libc_nano.a(lib_a-wbuf.o)
                                        0x57a (size before relaxing)
 .debug_str     0x0000000000000775       0x48 /usr/lib/gcc/arm-none-eabi/10.3.1/../../../arm-none-eabi/lib/thumb/v7-m/nofp/libc_nano.a(lib_a-wsetup.o)
                                        0x575 (size before relaxing)
 .debug_str     0x00000000000007bd       0x63 /usr/lib/gcc/arm-none-eabi/10.3.1/../../../arm-none-eabi/lib/thumb/v7-m/nofp/libc_nano.a(lib_a-fflush.o)
                                        0x5b6 (size before relaxing)
 .debug_str     0x0000000000000820      0x1d4 /usr/lib/gcc/arm-none-eabi/10.3.1/../../../arm-none-eabi/lib/thumb/v7-m/nofp/libc_nano.a(lib_a-findfp.o)
                                        0x72f (size before relaxing)
 .debug_str     0x00000000000009f4       0x41 /usr/lib/gcc/arm-none-eabi/10.3.1/../../../arm-none-eabi/lib/thumb/v7-m/nofp/libc_nano.a(lib_a-fwalk.o)
                                        0x51c (size before relaxing)
 .debug_str     0x0000000000000a35      0x16c /usr/lib/gcc/arm-none-eabi/10.3.1/../../../arm-none-eabi/lib/thumb/v7-m/nofp/libc_nano.a(lib_a-makebuf.o)
                                        0x698 (size before relaxing)
 .debug_str     0x0000000000000ba1      0x112 /usr/lib/gcc/arm-none-eabi/10.3.1/../../../arm-none-eabi/lib/thumb/v7-m/nofp/libc_nano.a(lib_a-nano-freer.o)
                                        0x58d (size before relaxing)
 .debug_str     0x0000000000000cb3       0x46 /usr/lib/gcc/arm-none-eabi/10.3.1/../../../arm-none-eabi/lib/thumb/v7-m/nofp/libc_nano.a(lib_a-nano-mallocr.o)
                                        0x5b8 (size before relaxing)
 .debug_str     0x0000000000000cf9      0x285 /usr/lib/gcc/arm-none-eabi/10.3.1/../../../arm-none-eabi/lib/thumb/v7-m/nofp/libc_nano.a(lib_a-nano-vfprintf.o)
                                        0x8b1 (size before relaxing)
 .debug_str     0x0000000000000f7e       0x94 /usr/lib/gcc/arm-none-eabi/10.3.1/../../../arm-none-eabi/lib/thumb/v7-m/nofp/libc_nano.a(lib_a-nano-vfprintf_i.o)
                                        0x7e4 (size before relaxing)
 .debug_str     0x0000000000001012       0x47 /usr/lib/gcc/arm-none-eabi/10.3.1/../../../arm-none-eabi/lib/thumb/v7-m/nofp/libc_nano.a(lib_a-sbrkr.o)
                                        0x50e (size before relaxing)
 .debug_str     0x0000000000001059       0x92 /usr/lib/gcc/arm-none-eabi/10.3.1/../../../arm-none-eabi/lib/thumb/v7-m/nofp/libc_nano.a(lib_a-stdio.o)
                                        0x56b (size before relaxing)
 .debug_str     0x00000000000010eb       0x33 /usr/lib/gcc/arm-none-eabi/10.3.1/../../../arm-none-eabi/lib/thumb/v7-m/nofp/libc_nano.a(lib_a-writer.o)
                                        0x50b (size before relaxing)
 .debug_str     0x000000000000111e       0x33 /usr/lib/gcc/arm-none-eabi/10.3.1/../../../arm-none-eabi/lib/thumb/v7-m/nofp/libc_nano.a(lib_a-closer.o)
                                        0x4fb (size before relaxing)
 .debug_str     0x0000000000001151       0x40 /usr/lib/gcc/arm-none-eabi/10.3.1/../../../arm-none-eabi/lib/thumb/v7-m/nofp/libc_nano.a(lib_a-fstatr.o)
                                        0x64d (size before relaxing)
 .debug_str     0x0000000000001191       0x6c /usr/lib/gcc/arm-none-eabi/10.3.1/../../../arm-none-eabi/lib/thumb/v7-m/nofp/libc_nano.a(lib_a-fvwrite.o)
                                        0x5a9 (size before relaxing)
 .debug_str     0x00000000000011fd       0x3c /usr/lib/gcc/arm-none-eabi/10.3.1/../../../arm-none-eabi/lib/thumb/v7-m/nofp/libc_nano.a(lib_a-isattyr.o)
                                        0x505 (size before relaxing)
 .debug_str     0x0000000000001239       0x3a /usr/lib/gcc/arm-none-eabi/10.3.1/../../../arm-none-eabi/lib/thumb/v7-m/nofp/libc_nano.a(lib_a-lseekr.o)
                                        0x509 (size before relaxing)
 .debug_str     0x0000000000001273       0xbe /usr/lib/gcc/arm-none-eabi/10.3.1/../../../arm-none-eabi/lib/thumb/v7-m/nofp/libc_nano.a(lib_a-memchr-stub.o)
                                        0x1d0 (size before relaxing)
 .debug_str     0x0000000000001331       0x43 /usr/lib/gcc/arm-none-eabi/10.3.1/../../../arm-none-eabi/lib/thumb/v7-m/nofp/libc_nano.a(lib_a-memcpy.o)
                                         0xb2 (size before relaxing)
 .debug_str     0x0000000000001374       0x56 /usr/lib/gcc/arm-none-eabi/10.3.1/../../../arm-none-eabi/lib/thumb/v7-m/nofp/libc_nano.a(lib_a-memmove.o)
                                        0x1d7 (size before relaxing)
 .debug_str     0x00000000000013ca       0x4c /usr/lib/gcc/arm-none-eabi/10.3.1/../../../arm-none-eabi/lib/thumb/v7-m/nofp/libc_nano.a(lib_a-mlock.o)
                                        0x524 (size before relaxing)
 .debug_str     0x0000000000001416       0x23 /usr/lib/gcc/arm-none-eabi/10.3.1/../../../arm-none-eabi/lib/thumb/v7-m/nofp/libc_nano.a(lib_a-nano-reallocr.o)
                                        0x577 (size before relaxing)
 .debug_str     0x0000000000001439       0x32 /usr/lib/gcc/arm-none-eabi/10.3.1/../../../arm-none-eabi/lib/thumb/v7-m/nofp/libc_nano.a(lib_a-readr.o)
                                        0x509 (size before relaxing)
 .debug_str     0x000000000000146b       0x5e /usr/lib/gcc/arm-none-eabi/10.3.1/../../../arm-none-eabi/lib/thumb/v7-m/nofp/libc_nano.a(lib_a-reent.o)
                                        0x536 (size before relaxing)
 .debug_str     0x00000000000014c9        0xf /usr/lib/gcc/arm-none-eabi/10.3.1/../../../arm-none-eabi/lib/thumb/v7-m/nofp/libc_nano.a(lib_a-nano-msizer.o)
                                        0x555 (size before relaxing)
 .debug_str     0x00000000000014d8       0xea /usr/lib/gcc/arm-none-eabi/10.3.1/../../../arm-none-eabi/lib/thumb/v7-m/nofp/libnosys.a(close.o)
                                        0x18c (size before relaxing)
 .debug_str     0x00000000000015c2       0x2f /usr/lib/gcc/arm-none-eabi/10.3.1/../../../arm-none-eabi/lib/thumb/v7-m/nofp/libnosys.a(fstat.o)
                                        0x2d8 (size before relaxing)
 .debug_str     0x00000000000015f1       0x30 /usr/lib/gcc/arm-none-eabi/10.3.1/../../../arm-none-eabi/lib/thumb/v7-m/nofp/libnosys.a(isatty.o)
                                        0x18c (size before relaxing)
 .debug_str     0x0000000000001621       0x2f /usr/lib/gcc/arm-none-eabi/10.3.1/../../../arm-none-eabi/lib/thumb/v7-m/nofp/libnosys.a(lseek.o)
                                        0x18a (size before relaxing)
 .debug_str     0x0000000000001650       0x2e /usr/lib/gcc/arm-none-eabi/10.3.1/../../../arm-none-eabi/lib/thumb/v7-m/nofp/libnosys.a(read.o)
                                        0x188 (size before relaxing)
 .debug_str     0x000000000000167e       0x3c /usr/lib/gcc/arm-none-eabi/10.3.1/../../../arm-none-eabi/lib/thumb/v7-m/nofp/libnosys.a(sbrk.o)
                                        0x109 (size before relaxing)
 .debug_str     0x00000000000016ba       0x2f /usr/lib/gcc/arm-none-eabi/10.3.1/../../../arm-none-eabi/lib/thumb/v7-m/nofp/libnosys.a(write.o)