Archive member included to satisfy reference by file (symbol)

/usr/lib/gcc/arm-none-eabi/10.3.1/thumb/v7-m/nofp/libgcc.a(_arm_mulsf3.o)
                              CMakeFiles/STM32_KEY_PROJECT.elf.dir/HARDWARE/MOTOR/motor.c.obj (__aeabi_fmul)
/usr/lib/gcc/arm-none-eabi/10.3.1/thumb/v7-m/nofp/libgcc.a(_arm_addsubsf3.o)
                              CMakeFiles/STM32_KEY_PROJECT.elf.dir/HARDWARE/MOTOR/motor.c.obj (__aeabi_fsub)
/usr/lib/gcc/arm-none-eabi/10.3.1/thumb/v7-m/nofp/libgcc.a(_arm_muldivsf3.o)
                              CMakeFiles/STM32_KEY_PROJECT.elf.dir/HARDWARE/MOTOR/motor.c.obj (__aeabi_fdiv)
/usr/lib/gcc/arm-none-eabi/10.3.1/thumb/v7-m/nofp/libgcc.a(_arm_cmpsf2.o)
                              CMakeFiles/STM32_KEY_PROJECT.elf.dir/HARDWARE/MOTOR/motor.c.obj (__aeabi_fcmplt)
/usr/lib/gcc/arm-none-eabi/10.3.1/thumb/v7-m/nofp/libgcc.a(_arm_fixsfsi.o)
                              CMakeFiles/STM32_KEY_PROJECT.elf.dir/HARDWARE/PROTOCOL/protocol.c.obj (__aeabi_f2iz)
/usr/lib/gcc/arm-none-eabi/10.3.1/thumb/v7-m/nofp/libgcc.a(_arm_fixunssfsi.o)
                              CMakeFiles/STM32_KEY_PROJECT.elf.dir/HARDWARE/MOTOR/motor.c.obj (__aeabi_f2uiz)
/usr/lib/gcc/arm-none-eabi/10.3.1/../../../arm-none-eabi/lib/thumb/v7-m/nofp/libc_nano.a(lib_a-atexit.o)
                              /usr/lib/gcc/arm-none-eabi/10.3.1/../../../arm-none-eabi/lib/thumb/v7-m/nofp/crt0.o (atexit)
/usr/lib/gcc/arm-none-eabi/10.3.1/../../../arm-none-eabi/lib/thumb/v7-m/nofp/libc_nano.a(lib_a-exit.o)
                              /usr/lib/gcc/arm-none-eabi/10.3.1/../../../arm-none-eabi/lib/thumb/v7-m/nofp/crt0.o (exit)
/usr/lib/gcc/arm-none-eabi/10.3.1/../../../arm-none-eabi/lib/thumb/v7-m/nofp/libc_nano.a(lib_a-fini.o)
                              /usr/lib/gcc/arm-none-eabi/10.3.1/../../../arm-none-eabi/lib/thumb/v7-m/nofp/crt0.o (__libc_fini_array)
/usr/lib/gcc/arm-none-eabi/10.3.1/../../../arm-none-eabi/lib/thumb/v7-m/nofp/libc_nano.a(lib_a-impure.o)
                              /usr/lib/gcc/arm-none-eabi/10.3.1/../../../arm-none-eabi/lib/thumb/v7-m/nofp/libc_nano.a(lib_a-exit.o) (_global_impure_ptr)
/usr/lib/gcc/arm-none-eabi/10.3.1/../../../arm-none-eabi/lib/thumb/v7-m/nofp/libc_nano.a(lib_a-init.o)
                              /usr/lib/gcc/arm-none-eabi/10.3.1/../../../arm-none-eabi/lib/thumb/v7-m/nofp/crt0.o (__libc_init_array)
/usr/lib/gcc/arm-none-eabi/10.3.1/../../../arm-none-eabi/lib/thumb/v7-m/nofp/libc_nano.a(lib_a-memset.o)
                              /usr/lib/gcc/arm-none-eabi/10.3.1/../../../arm-none-eabi/lib/thumb/v7-m/nofp/crt0.o (memset)
/usr/lib/gcc/arm-none-eabi/10.3.1/../../../arm-none-eabi/lib/thumb/v7-m/nofp/libc_nano.a(lib_a-__atexit.o)
                              /usr/lib/gcc/arm-none-eabi/10.3.1/../../../arm-none-eabi/lib/thumb/v7-m/nofp/libc_nano.a(lib_a-atexit.o) (__register_exitproc)
/usr/lib/gcc/arm-none-eabi/10.3.1/../../../arm-none-eabi/lib/thumb/v7-m/nofp/libc_nano.a(lib_a-__call_atexit.o)
                              /usr/lib/gcc/arm-none-eabi/10.3.1/../../../arm-none-eabi/lib/thumb/v7-m/nofp/libc_nano.a(lib_a-__atexit.o) (__call_exitprocs)
/usr/lib/gcc/arm-none-eabi/10.3.1/../../../arm-none-eabi/lib/thumb/v7-m/nofp/libnosys.a(_exit.o)
                              /usr/lib/gcc/arm-none-eabi/10.3.1/../../../arm-none-eabi/lib/thumb/v7-m/nofp/libc_nano.a(lib_a-exit.o) (_exit)

Discarded input sections

 .text          0x0000000000000000        0x0 /usr/lib/gcc/arm-none-eabi/10.3.1/thumb/v7-m/nofp/crti.o
 .data          0x0000000000000000        0x0 /usr/lib/gcc/arm-none-eabi/10.3.1/thumb/v7-m/nofp/crti.o
 .bss           0x0000000000000000        0x0 /usr/lib/gcc/arm-none-eabi/10.3.1/thumb/v7-m/nofp/crti.o
 .data          0x0000000000000000        0x4 /usr/lib/gcc/arm-none-eabi/10.3.1/thumb/v7-m/nofp/crtbegin.o
 .rodata        0x0000000000000000       0x24 /usr/lib/gcc/arm-none-eabi/10.3.1/thumb/v7-m/nofp/crtbegin.o
 .text          0x0000000000000000       0x70 /usr/lib/gcc/arm-none-eabi/10.3.1/../../../arm-none-eabi/lib/thumb/v7-m/nofp/crt0.o
 .data          0x0000000000000000        0x0 /usr/lib/gcc/arm-none-eabi/10.3.1/../../../arm-none-eabi/lib/thumb/v7-m/nofp/crt0.o
 .bss           0x0000000000000000        0x0 /usr/lib/gcc/arm-none-eabi/10.3.1/../../../arm-none-eabi/lib/thumb/v7-m/nofp/crt0.o
 .ARM.extab     0x0000000000000000        0x0 /usr/lib/gcc/arm-none-eabi/10.3.1/../../../arm-none-eabi/lib/thumb/v7-m/nofp/crt0.o
 .ARM.exidx     0x0000000000000000       0x10 /usr/lib/gcc/arm-none-eabi/10.3.1/../../../arm-none-eabi/lib/thumb/v7-m/nofp/crt0.o
 .debug_line    0x0000000000000000       0x87 /usr/lib/gcc/arm-none-eabi/10.3.1/../../../arm-none-eabi/lib/thumb/v7-m/nofp/crt0.o
 .debug_info    0x0000000000000000       0x26 /usr/lib/gcc/arm-none-eabi/10.3.1/../../../arm-none-eabi/lib/thumb/v7-m/nofp/crt0.o
 .debug_abbrev  0x0000000000000000       0x14 /usr/lib/gcc/arm-none-eabi/10.3.1/../../../arm-none-eabi/lib/thumb/v7-m/nofp/crt0.o
 .debug_aranges
[...]
Memory Configuration

Name             Origin             Length             Attributes
RAM              0x0000000020000000 0x0000000000010000 xrw
FLASH            0x0000000008000000 0x0000000000080000 xr
*default*        0x0000000000000000 0xffffffffffffffff

Linker script and memory map

LOAD /usr/lib/gcc/arm-none-eabi/10.3.1/thumb/v7-m/nofp/crti.o
LOAD /usr/lib/gcc/arm-none-eabi/10.3.1/thumb/v7-m/nofp/crtbegin.o
LOAD /usr/lib/gcc/arm-none-eabi/10.3.1/../../../arm-none-eabi/lib/thumb/v7-m/nofp/crt0.o
LOAD CMakeFiles/STM32_KEY_PROJECT.elf.dir/USER/stm32f10x_it.c.obj
LOAD CMakeFiles/STM32_KEY_PROJECT.elf.dir/USER/system_stm32f10x.c.obj
LOAD CMakeFiles/STM32_KEY_PROJECT.elf.dir/USER_MOTOR86/main.c.obj
LOAD CMakeFiles/STM32_KEY_PROJECT.elf.dir/HARDWARE/BEEP/beep.c.obj
LOAD CMakeFiles/STM32_KEY_PROJECT.elf.dir/HARDWARE/ENCODER_MOTOR/encoder_motor.c.obj
LOAD CMakeFiles/STM32_KEY_PROJECT.elf.dir/HARDWARE/KEY/key.c.obj
LOAD CMakeFiles/STM32_KEY_PROJECT.elf.dir/HARDWARE/LED/led.c.obj
LOAD CMakeFiles/STM32_KEY_PROJECT.elf.dir/HARDWARE/MOTOR/motor.c.obj
LOAD CMakeFiles/STM32_KEY_PROJECT.elf.dir/HARDWARE/MOTOR86/motor86.c.obj
LOAD CMakeFiles/STM32_KEY_PROJECT.elf.dir/HARDWARE/PROTOCOL/protocol.c.obj
LOAD CMakeFiles/STM32_KEY_PROJECT.elf.dir/SYSTEM/delay/delay.c.obj
LOAD CMakeFiles/STM32_KEY_PROJECT.elf.dir/SYSTEM/sys/sys.c.obj
LOAD CMakeFiles/STM32_KEY_PROJECT.elf.dir/SYSTEM/usart/usart.c.obj
LOAD CMakeFiles/STM32_KEY_PROJECT.elf.dir/STM32F10x_FWLib/src/misc.c.obj
LOAD CMakeFiles/STM32_KEY_PROJECT.elf.dir/STM32F10x_FWLib/src/stm32f10x_adc.c.obj
LOAD CMakeFiles/STM32_KEY_PROJECT.elf.dir/STM32F10x_FWLib/src/stm32f10x_bkp.c.obj
LOAD CMakeFiles/STM32_KEY_PROJECT.elf.dir/STM32F10x_FWLib/src/stm32f10x_can.c.obj
LOAD CMakeFiles/STM32_KEY_PROJECT.elf.dir/STM32F10x_FWLib/src/stm32f10x_cec.c.obj
LOAD CMakeFiles/STM32_KEY_PROJECT.elf.dir/STM32F10x_FWLib/src/stm32f10x_crc.c.obj
LOAD CMakeFiles/STM32_KEY_PROJECT.elf.dir/STM32F10x_FWLib/src/stm32f10x_dac.c.obj
LOAD CMakeFiles/STM32_KEY_PROJECT.elf.dir/STM32F10x_FWLib/src/stm32f10x_dbgmcu.c.obj
LOAD CMakeFiles/STM32_KEY_PROJECT.elf.dir/STM32F10x_FWLib/src/stm32f10x_dma.c.obj
LOAD CMakeFiles/STM32_KEY_PROJECT.elf.dir/STM32F10x_FWLib/src/stm32f10x_exti.c.obj
LOAD CMakeFiles/STM32_KEY_PROJECT.elf.dir/STM32F10x_FWLib/src/stm32f10x_flash.c.obj
LOAD CMakeFiles/STM32_KEY_PROJECT.elf.dir/STM32F10x_FWLib/src/stm32f10x_fsmc.c.obj
LOAD CMakeFiles/STM32_KEY_PROJECT.elf.dir/STM32F10x_FWLib/src/stm32f10x_gpio.c.obj
LOAD CMakeFiles/STM32_KEY_PROJECT.elf.dir/STM32F10x_FWLib/src/stm32f10x_i2c.c.obj
LOAD CMakeFiles/STM32_KEY_PROJECT.elf.dir/STM32F10x_FWLib/src/stm32f10x_iwdg.c.obj
LOAD CMakeFiles/STM32_KEY_PROJECT.elf.dir/STM32F10x_FWLib/src/stm32f10x_pwr.c.obj
LOAD CMakeFiles/STM32_KEY_PROJECT.elf.dir/STM32F10x_FWLib/src/stm32f10x_rcc.c.obj
LOAD CMakeFiles/STM32_KEY_PROJECT.elf.dir/STM32F10x_FWLib/src/stm32f10x_rtc.c.obj
LOAD CMakeFiles/STM32_KEY_PROJECT.elf.dir/STM32F10x_FWLib/src/stm32f10x_sdio.c.obj
LOAD CMakeFiles/STM32_KEY_PROJECT.elf.dir/STM32F10x_FWLib/src/stm32f10x_spi.c.obj
LOAD CMakeFiles/STM32_KEY_PROJECT.elf.dir/STM32F10x_FWLib/src/stm32f10x_tim.c.obj
LOAD CMakeFiles/STM32_KEY_PROJECT.elf.dir/STM32F10x_FWLib/src/stm32f10x_usart.c.obj
LOAD CMakeFiles/STM32_KEY_PROJECT.elf.dir/STM32F10x_FWLib/src/stm32f10x_wwdg.c.obj
LOAD CMakeFiles/STM32_KEY_PROJECT.elf.dir/CORE/startup_stm32f103xe_gcc.s.obj
LOAD CMakeFiles/STM32_KEY_PROJECT.elf.dir/CORE/core_cm3.c.obj
START GROUP
LOAD /usr/lib/gcc/arm-none-eabi/10.3.1/thumb/v7-m/nofp/libgcc.a
LOAD /usr/lib/gcc/arm-none-eabi/10.3.1/../../../arm-none-eabi/lib/thumb/v7-m/nofp/libc_nano.a
END GROUP
START GROUP
LOAD /usr/lib/gcc/arm-none-eabi/10.3.1/thumb/v7-m/nofp/libgcc.a
LOAD /usr/lib/gcc/arm-none-eabi/10.3.1/../../../arm-none-eabi/lib/thumb/v7-m/nofp/libc_nano.a
LOAD /usr/lib/gcc/arm-none-eabi/10.3.1/../../../arm-none-eabi/lib/thumb/v7-m/nofp/libnosys.a
END GROUP
START GROUP
LOAD /usr/lib/gcc/arm-none-eabi/10.3.1/thumb/v7-m/nofp/libgcc.a
LOAD /usr/lib/gcc/arm-none-eabi/10.3.1/../../../arm-none-eabi/lib/thumb/v7-m/nofp/libc_nano.a
LOAD /usr/lib/gcc/arm-none-eabi/10.3.1/../../../arm-none-eabi/lib/thumb/v7-m/nofp/libnosys.a
END GROUP
LOAD /usr/lib/gcc/arm-none-eabi/10.3.1/thumb/v7-m/nofp/crtend.o
LOAD /usr/lib/gcc/arm-none-eabi/10.3.1/thumb/v7-m/nofp/crtn.o
                0x0000000020010000                _estack = (ORIGIN (RAM) + LENGTH (RAM))
                0x0000000000000200                _Min_Heap_Size = 0x200
                0x0000000000000400                _Min_Stack_Size = 0x400

.isr_vector     0x0000000008000000      0x130
                0x0000000008000000                . = ALIGN (0x4)
 *(.isr_vector)
 .isr_vector    0x0000000008000000      0x130 CMakeFiles/STM32_KEY_PROJECT.elf.dir/CORE/startup_stm32f103xe_gcc.s.obj
                0x0000000008000000                g_pfnVectors
                0x0000000008000130                . = ALIGN (0x4)

.text           0x0000000008000130     0x1568
                0x0000000008000130                . = ALIGN (0x4)
 *(.text)
 .text          0x0000000008000130       0x88 /usr/lib/gcc/arm-none-eabi/10.3.1/thumb/v7-m/nofp/crtbegin.o
 .text          0x00000000080001b8      0x21c /usr/lib/gcc/arm-none-eabi/10.3.1/thumb/v7-m/nofp/libgcc.a(_arm_addsubsf3.o)
                0x00000000080001b8                __aeabi_frsub
                0x00000000080001c0                __subsf3
                0x00000000080001c0                __aeabi_fsub
                0x00000000080001c4                __aeabi_fadd
                0x00000000080001c4                __addsf3
                0x0000000008000324                __aeabi_ui2f
                0x0000000008000324                __floatunsisf
                0x000000000800032c                __aeabi_i2f
                0x000000000800032c                __floatsisf
                0x0000000008000348                __floatundisf
                0x0000000008000348                __aeabi_ul2f
                0x0000000008000358                __floatdisf
                0x0000000008000358                __aeabi_l2f
 .text          0x00000000080003d4      0x2a0 /usr/lib/gcc/arm-none-eabi/10.3.1/thumb/v7-m/nofp/libgcc.a(_arm_muldivsf3.o)
                0x00000000080003d4                __mulsf3
                0x00000000080003d4                __aeabi_fmul
                0x000000000800053c                __divsf3
                0x000000000800053c                __aeabi_fdiv
 .text          0x0000000008000674       0xec /usr/lib/gcc/arm-none-eabi/10.3.1/thumb/v7-m/nofp/libgcc.a(_arm_cmpsf2.o)
                0x0000000008000674                __gtsf2
                0x0000000008000674                __gesf2
                0x000000000800067c                __lesf2
                0x000000000800067c                __ltsf2
                0x0000000008000684                __nesf2
                0x0000000008000684                __eqsf2
                0x0000000008000684                __cmpsf2
                0x00000000080006e4                __aeabi_cfrcmple
                0x00000000080006ec                __aeabi_cfcmple
                0x00000000080006ec                __aeabi_cfcmpeq
                0x00000000080006fc                __aeabi_fcmpeq
                0x0000000008000710                __aeabi_fcmplt
                0x0000000008000724                __aeabi_fcmple
                0x0000000008000738                __aeabi_fcmpge
                0x000000000800074c                __aeabi_fcmpgt
 .text          0x0000000008000760       0x4c /usr/lib/gcc/arm-none-eabi/10.3.1/thumb/v7-m/nofp/libgcc.a(_arm_fixsfsi.o)
                0x0000000008000760                __fixsfsi
                0x0000000008000760                __aeabi_f2iz
 *(.text*)
 .text.NMI_Handler
                0x00000000080007ac        0x4 CMakeFiles/STM32_KEY_PROJECT.elf.dir/USER/stm32f10x_it.c.obj
                0x00000000080007ac                NMI_Handler
 .text.HardFault_Handler
                0x00000000080007b0        0x4 CMakeFiles/STM32_KEY_PROJECT.elf.dir/USER/stm32f10x_it.c.obj
                0x00000000080007b0                HardFault_Handler
 .text.MemManage_Handler
                0x00000000080007b4        0x4 CMakeFiles/STM32_KEY_PROJECT.elf.dir/USER/stm32f10x_it.c.obj
                0x00000000080007b4                MemManage_Handler
 .text.BusFault_Handler
                0x00000000080007b8        0x4 CMakeFiles/STM32_KEY_PROJECT.elf.dir/USER/stm32f10x_it.c.obj
                0x00000000080007b8                BusFault_Handler
 .text.UsageFault_Handler
                0x00000000080007bc        0x4 CMakeFiles/STM32_KEY_PROJECT.elf.dir/USER/stm32f10x_it.c.obj
                0x00000000080007bc                UsageFault_Handler
 .text.SVC_Handler
                0x00000000080007c0        0x4 CMakeFiles/STM32_KEY_PROJECT.elf.dir/USER/stm32f10x_it.c.obj
                0x00000000080007c0                SVC_Handler
 .text.DebugMon_Handler
                0x00000000080007c4        0x4 CMakeFiles/STM32_KEY_PROJECT.elf.dir/USER/stm32f10x_it.c.obj
                0x00000000080007c4                DebugMon_Handler
 .text.PendSV_Handler
                0x00000000080007c8        0x4 CMakeFiles/STM32_KEY_PROJECT.elf.dir/USER/stm32f10x_it.c.obj
                0x00000000080007c8                PendSV_Handler
 .text.SysTick_Handler
                0x00000000080007cc        0x4 CMakeFiles/STM32_KEY_PROJECT.elf.dir/USER/stm32f10x_it.c.obj
                0x00000000080007cc                SysTick_Handler
 .text.SystemInit
                0x00000000080007d0      0x100 CMakeFiles/STM32_KEY_PROJECT.elf.dir/USER/system_stm32f10x.c.obj
                0x00000000080007d0                SystemInit
 .text.startup.main
                0x00000000080008d0       0x5c CMakeFiles/STM32_KEY_PROJECT.elf.dir/USER_MOTOR86/main.c.obj
                0x00000000080008d0                main
 .text.LED_Init
                0x000000000800092c       0x50 CMakeFiles/STM32_KEY_PROJECT.elf.dir/HARDWARE/LED/led.c.obj
                0x000000000800092c                LED_Init
 .text.Motor86_Init
                0x000000000800097c       0xf0 CMakeFiles/STM32_KEY_PROJECT.elf.dir/HARDWARE/MOTOR86/motor86.c.obj
                0x000000000800097c                Motor86_Init
 .text.Motor86_Enable
                0x0000000008000a6c       0x48 CMakeFiles/STM32_KEY_PROJECT.elf.dir/HARDWARE/MOTOR86/motor86.c.obj
                0x0000000008000a6c                Motor86_Enable
 .text.Motor86_SetRpm
                0x0000000008000ab4       0xcc CMakeFiles/STM32_KEY_PROJECT.elf.dir/HARDWARE/MOTOR86/motor86.c.obj
                0x0000000008000ab4                Motor86_SetRpm
 .text.Protocol_Init
                0x0000000008000b80        0xc CMakeFiles/STM32_KEY_PROJECT.elf.dir/HARDWARE/PROTOCOL/protocol.c.obj
                0x0000000008000b80                Protocol_Init
 .text.Protocol_HandleFrame
                0x0000000008000b8c       0xec CMakeFiles/STM32_KEY_PROJECT.elf.dir/HARDWARE/PROTOCOL/protocol.c.obj
                0x0000000008000b8c                Protocol_HandleFrame
 .text.Protocol_ParseByte
                0x0000000008000c78       0xbc CMakeFiles/STM32_KEY_PROJECT.elf.dir/HARDWARE/PROTOCOL/protocol.c.obj
                0x0000000008000c78                Protocol_ParseByte
 .text.delay_init
                0x0000000008000d34       0x3c CMakeFiles/STM32_KEY_PROJECT.elf.dir/SYSTEM/delay/delay.c.obj
                0x0000000008000d34                delay_init
 .text.delay_ms
                0x0000000008000d70       0x38 CMakeFiles/STM32_KEY_PROJECT.elf.dir/SYSTEM/delay/delay.c.obj
                0x0000000008000d70                delay_ms
 .text.uart_init
                0x0000000008000da8       0x88 CMakeFiles/STM32_KEY_PROJECT.elf.dir/SYSTEM/usart/usart.c.obj
                0x0000000008000da8                uart_init
 .text.USART1_IRQHandler
                0x0000000008000e30       0x24 CMakeFiles/STM32_KEY_PROJECT.elf.dir/SYSTEM/usart/usart.c.obj
                0x0000000008000e30                USART1_IRQHandler
 .text.NVIC_PriorityGroupConfig
                0x0000000008000e54       0x14 CMakeFiles/STM32_KEY_PROJECT.elf.dir/STM32F10x_FWLib/src/misc.c.obj
                0x0000000008000e54                NVIC_PriorityGroupConfig
 .text.NVIC_Init
                0x0000000008000e68       0x6c CMakeFiles/STM32_KEY_PROJECT.elf.dir/STM32F10x_FWLib/src/misc.c.obj
                0x0000000008000e68                NVIC_Init
 .text.SysTick_CLKSourceConfig
                0x0000000008000ed4       0x18 CMakeFiles/STM32_KEY_PROJECT.elf.dir/STM32F10x_FWLib/src/misc.c.obj
                0x0000000008000ed4                SysTick_CLKSourceConfig
 .text.GPIO_Init
                0x0000000008000eec      0x328 CMakeFiles/STM32_KEY_PROJECT.elf.dir/STM32F10x_FWLib/src/stm32f10x_gpio.c.obj
                0x0000000008000eec                GPIO_Init
 .text.GPIO_SetBits
                0x0000000008001214        0x4 CMakeFiles/STM32_KEY_PROJECT.elf.dir/STM32F10x_FWLib/src/stm32f10x_gpio.c.obj
                0x0000000008001214                GPIO_SetBits
 .text.GPIO_ResetBits
                0x0000000008001218        0x4 CMakeFiles/STM32_KEY_PROJECT.elf.dir/STM32F10x_FWLib/src/stm32f10x_gpio.c.obj
                0x0000000008001218                GPIO_ResetBits
 .text.GPIO_PinRemapConfig
                0x000000000800121c       0x70 CMakeFiles/STM32_KEY_PROJECT.elf.dir/STM32F10x_FWLib/src/stm32f10x_gpio.c.obj
                0x000000000800121c                GPIO_PinRemapConfig
 .text.RCC_GetClocksFreq
                0x000000000800128c       0x90 CMakeFiles/STM32_KEY_PROJECT.elf.dir/STM32F10x_FWLib/src/stm32f10x_rcc.c.obj
                0x000000000800128c                RCC_GetClocksFreq
 .text.RCC_APB2PeriphClockCmd
                0x000000000800131c       0x18 CMakeFiles/STM32_KEY_PROJECT.elf.dir/STM32F10x_FWLib/src/stm32f10x_rcc.c.obj
                0x000000000800131c                RCC_APB2PeriphClockCmd
 .text.RCC_APB1PeriphClockCmd
                0x0000000008001334       0x18 CMakeFiles/STM32_KEY_PROJECT.elf.dir/STM32F10x_FWLib/src/stm32f10x_rcc.c.obj
                0x0000000008001334                RCC_APB1PeriphClockCmd
 .text.TIM_TimeBaseInit
                0x000000000800134c       0xac CMakeFiles/STM32_KEY_PROJECT.elf.dir/STM32F10x_FWLib/src/stm32f10x_tim.c.obj
                0x000000000800134c                TIM_TimeBaseInit
 .text.TIM_OC3Init
                0x00000000080013f8       0x90 CMakeFiles/STM32_KEY_PROJECT.elf.dir/STM32F10x_FWLib/src/stm32f10x_tim.c.obj
                0x00000000080013f8                TIM_OC3Init
 .text.TIM_Cmd  0x0000000008001488       0x1c CMakeFiles/STM32_KEY_PROJECT.elf.dir/STM32F10x_FWLib/src/stm32f10x_tim.c.obj
                0x0000000008001488                TIM_Cmd
 .text.TIM_GenerateEvent
                0x00000000080014a4        0x4 CMakeFiles/STM32_KEY_PROJECT.elf.dir/STM32F10x_FWLib/src/stm32f10x_tim.c.obj
                0x00000000080014a4                TIM_GenerateEvent
 .text.TIM_ARRPreloadConfig
                0x00000000080014a8       0x1c CMakeFiles/STM32_KEY_PROJECT.elf.dir/STM32F10x_FWLib/src/stm32f10x_tim.c.obj
                0x00000000080014a8                TIM_ARRPreloadConfig
 .text.TIM_OC3PreloadConfig
                0x00000000080014c4       0x10 CMakeFiles/STM32_KEY_PROJECT.elf.dir/STM32F10x_FWLib/src/stm32f10x_tim.c.obj
                0x00000000080014c4                TIM_OC3PreloadConfig
 .text.TIM_SetAutoreload
                0x00000000080014d4        0x4 CMakeFiles/STM32_KEY_PROJECT.elf.dir/STM32F10x_FWLib/src/stm32f10x_tim.c.obj
                0x00000000080014d4                TIM_SetAutoreload
 .text.TIM_SetCompare3
                0x00000000080014d8        0x4 CMakeFiles/STM32_KEY_PROJECT.elf.dir/STM32F10x_FWLib/src/stm32f10x_tim.c.obj
                0x00000000080014d8                TIM_SetCompare3
 .text.USART_Init
                0x00000000080014dc       0xb8 CMakeFiles/STM32_KEY_PROJECT.elf.dir/STM32F10x_FWLib/src/stm32f10x_usart.c.obj
                0x00000000080014dc                USART_Init
 .text.USART_Cmd
                0x0000000008001594       0x1c CMakeFiles/STM32_KEY_PROJECT.elf.dir/STM32F10x_FWLib/src/stm32f10x_usart.c.obj
                0x0000000008001594                USART_Cmd
 .text.USART_ITConfig
                0x00000000080015b0       0x34 CMakeFiles/STM32_KEY_PROJECT.elf.dir/STM32F10x_FWLib/src/stm32f10x_usart.c.obj
                0x00000000080015b0                USART_ITConfig
 .text.USART_ReceiveData
                0x00000000080015e4        0x8 CMakeFiles/STM32_KEY_PROJECT.elf.dir/STM32F10x_FWLib/src/stm32f10x_usart.c.obj
                0x00000000080015e4                USART_ReceiveData
 .text.USART_GetITStatus
                0x00000000080015ec       0x44 CMakeFiles/STM32_KEY_PROJECT.elf.dir/STM32F10x_FWLib/src/stm32f10x_usart.c.obj
                0x00000000080015ec                USART_GetITStatus
 .text.Reset_Handler
                0x0000000008001630       0x4c CMakeFiles/STM32_KEY_PROJECT.elf.dir/CORE/startup_stm32f103xe_gcc.s.obj
                0x0000000008001630                Reset_Handler
 .text.Default_Handler
                0x000000000800167c        0x2 CMakeFiles/STM32_KEY_PROJECT.elf.dir/CORE/startup_stm32f103xe_gcc.s.obj
                0x000000000800167c                RTC_Alarm_IRQHandler
                0x000000000800167c                EXTI2_IRQHandler
                0x000000000800167c                TIM8_TRG_COM_IRQHandler
                0x000000000800167c                TIM8_CC_IRQHandler
                0x000000000800167c                TIM1_CC_IRQHandler
                0x000000000800167c                TIM6_IRQHandler
                0x000000000800167c                PVD_IRQHandler
                0x000000000800167c                SDIO_IRQHandler
                0x000000000800167c                EXTI3_IRQHandler
                0x000000000800167c                EXTI0_IRQHandler
                0x000000000800167c                I2C2_EV_IRQHandler
                0x000000000800167c                ADC1_2_IRQHandler
                0x000000000800167c                SPI1_IRQHandler
                0x000000000800167c                TAMPER_IRQHandler
                0x000000000800167c                TIM8_UP_IRQHandler
                0x000000000800167c                DMA2_Channel2_IRQHandler
                0x000000000800167c                DMA1_Channel4_IRQHandler
                0x000000000800167c                USART3_IRQHandler
                0x000000000800167c                RTC_IRQHandler
                0x000000000800167c                DMA1_Channel7_IRQHandler
                0x000000000800167c                CAN1_RX1_IRQHandler
                0x000000000800167c                UART5_IRQHandler
                0x000000000800167c                ADC3_IRQHandler
                0x000000000800167c                TIM4_IRQHandler
                0x000000000800167c                DMA2_Channel1_IRQHandler
                0x000000000800167c                I2C1_EV_IRQHandler
                0x000000000800167c                DMA1_Channel6_IRQHandler
                0x000000000800167c                UART4_IRQHandler
                0x000000000800167c                TIM3_IRQHandler
                0x000000000800167c                RCC_IRQHandler
                0x000000000800167c                TIM1_TRG_COM_IRQHandler
                0x000000000800167c                DMA1_Channel1_IRQHandler
                0x000000000800167c                Default_Handler
                0x000000000800167c                EXTI15_10_IRQHandler
                0x000000000800167c                TIM7_IRQHandler
                0x000000000800167c                TIM5_IRQHandler
                0x000000000800167c                EXTI9_5_IRQHandler
                0x000000000800167c                SPI2_IRQHandler
                0x000000000800167c                DMA1_Channel5_IRQHandler
                0x000000000800167c                EXTI4_IRQHandler
                0x000000000800167c                USB_LP_CAN1_RX0_IRQHandler
                0x000000000800167c                USB_HP_CAN1_TX_IRQHandler
                0x000000000800167c                DMA1_Channel3_IRQHandler
                0x000000000800167c                FSMC_IRQHandler
                0x000000000800167c                TIM1_UP_IRQHandler
                0x000000000800167c                WWDG_IRQHandler
                0x000000000800167c                TIM2_IRQHandler
                0x000000000800167c                TIM1_BRK_IRQHandler
                0x000000000800167c                EXTI1_IRQHandler
                0x000000000800167c                DMA2_Channel4_5_IRQHandler
                0x000000000800167c                USART2_IRQHandler
                0x000000000800167c                I2C2_ER_IRQHandler
                0x000000000800167c                DMA1_Channel2_IRQHandler
                0x000000000800167c                TIM8_BRK_IRQHandler
                0x000000000800167c                CAN1_SCE_IRQHandler
                0x000000000800167c                FLASH_IRQHandler
                0x000000000800167c                SPI3_IRQHandler
                0x000000000800167c                I2C1_ER_IRQHandler
                0x000000000800167c                USBWakeUp_IRQHandler
                0x000000000800167c                DMA2_Channel3_IRQHandler
 *(.glue_7)
 .glue_7        0x000000000800167e        0x0 linker stubs
 *(.glue_7t)
 .glue_7t       0x000000000800167e        0x0 linker stubs
 *(.eh_frame)
 *fill*         0x000000000800167e        0x2 
 .eh_frame      0x0000000008001680        0x0 /usr/lib/gcc/arm-none-eabi/10.3.1/thumb/v7-m/nofp/crtbegin.o
 *(.init)
 .init          0x0000000008001680        0x4 /usr/lib/gcc/arm-none-eabi/10.3.1/thumb/v7-m/nofp/crti.o
                0x0000000008001680                _init
 .init          0x0000000008001684        0x8 /usr/lib/gcc/arm-none-eabi/10.3.1/thumb/v7-m/nofp/crtn.o
 *(.fini)
 .fini          0x000000000800168c        0x4 /usr/lib/gcc/arm-none-eabi/10.3.1/thumb/v7-m/nofp/crti.o
                0x000000000800168c                _fini
 .fini          0x0000000008001690        0x8 /usr/lib/gcc/arm-none-eabi/10.3.1/thumb/v7-m/nofp/crtn.o
                0x0000000008001698                . = ALIGN (0x4)
                0x0000000008001698                _etext = .

.vfp11_veneer   0x0000000008001698        0x0
 .vfp11_veneer  0x0000000008001698        0x0 linker stubs

.v4_bx          0x0000000008001698        0x0
 .v4_bx         0x0000000008001698        0x0 linker stubs

.iplt           0x0000000008001698        0x0
 .iplt          0x0000000008001698        0x0 /usr/lib/gcc/arm-none-eabi/10.3.1/thumb/v7-m/nofp/crtbegin.o

.rodata         0x0000000008001698        0x8
                0x0000000008001698                . = ALIGN (0x4)
 *(.rodata)
 *(.rodata*)
 .rodata.Protocol_HandleFrame.str1.4
                0x0000000008001698        0x7 CMakeFiles/STM32_KEY_PROJECT.elf.dir/HARDWARE/PROTOCOL/protocol.c.obj
                0x00000000080016a0                . = ALIGN (0x4)
 *fill*         0x000000000800169f        0x1 

.rel.dyn        0x00000000080016a0        0x0
 .rel.iplt      0x00000000080016a0        0x0 /usr/lib/gcc/arm-none-eabi/10.3.1/thumb/v7-m/nofp/crtbegin.o

.ARM.extab
 *(.ARM.extab* .gnu.linkonce.armextab.*)

.ARM            0x00000000080016a0        0x0
                0x00000000080016a0                __exidx_start = .
 *(.ARM.exidx*)
                0x00000000080016a0                __exidx_end = .

.preinit_array  0x00000000080016a0        0x0
                0x00000000080016a0                PROVIDE (__preinit_array_start = .)
 *(.preinit_array*)
                0x00000000080016a0                PROVIDE (__preinit_array_end = .)

.init_array     0x00000000080016a0        0x4
                0x00000000080016a0                PROVIDE (__init_array_start = .)
 *(SORT_BY_NAME(.init_array.*))
 *(.init_array*)
 .init_array    0x00000000080016a0        0x4 /usr/lib/gcc/arm-none-eabi/10.3.1/thumb/v7-m/nofp/crtbegin.o
                0x00000000080016a4                PROVIDE (__init_array_end = .)

.fini_array     0x00000000080016a4        0x4
                0x00000000080016a4                PROVIDE (__fini_array_start = .)
 *(SORT_BY_NAME(.fini_array.*))
 *(.fini_array*)
 .fini_array    0x00000000080016a4        0x4 /usr/lib/gcc/arm-none-eabi/10.3.1/thumb/v7-m/nofp/crtbegin.o
                0x00000000080016a8                PROVIDE (__fini_array_end = .)
                0x00000000080016a8                _sidata = LOADADDR (.data)

.data           0x0000000020000000       0x1c load address 0x00000000080016a8
                0x0000000020000000                . = ALIGN (0x4)
                0x0000000020000000                _sdata = .
 *(.data)
 *(.data*)
 .data.SystemCoreClock
                0x0000000020000000        0x4 CMakeFiles/STM32_KEY_PROJECT.elf.dir/USER/system_stm32f10x.c.obj
                0x0000000020000000                SystemCoreClock
 .data.g_ppr    0x0000000020000004        0x2 CMakeFiles/STM32_KEY_PROJECT.elf.dir/HARDWARE/MOTOR86/motor86.c.obj
 *fill*         0x0000000020000006        0x2 
 .data.ADCPrescTable
                0x0000000020000008        0x4 CMakeFiles/STM32_KEY_PROJECT.elf.dir/STM32F10x_FWLib/src/stm32f10x_rcc.c.obj
 .data.APBAHBPrescTable
                0x000000002000000c       0x10 CMakeFiles/STM32_KEY_PROJECT.elf.dir/STM32F10x_FWLib/src/stm32f10x_rcc.c.obj
                0x000000002000001c                . = ALIGN (0x4)
                0x000000002000001c                _edata = .

.tm_clone_table
                0x000000002000001c        0x0 load address 0x00000000080016c4
 .tm_clone_table
                0x000000002000001c        0x0 /usr/lib/gcc/arm-none-eabi/10.3.1/thumb/v7-m/nofp/crtbegin.o
 .tm_clone_table
                0x000000002000001c        0x0 /usr/lib/gcc/arm-none-eabi/10.3.1/thumb/v7-m/nofp/crtend.o

.igot.plt       0x000000002000001c        0x0 load address 0x00000000080016c4
 .igot.plt      0x000000002000001c        0x0 /usr/lib/gcc/arm-none-eabi/10.3.1/thumb/v7-m/nofp/crtbegin.o

.bss            0x000000002000001c       0x50 load address 0x00000000080016c4
                0x000000002000001c                . = ALIGN (0x4)
                0x000000002000001c                _sbss = .
                0x000000002000001c                __bss_start__ = _sbss
 *(.bss)
 .bss           0x000000002000001c       0x1c /usr/lib/gcc/arm-none-eabi/10.3.1/thumb/v7-m/nofp/crtbegin.o
 *(.bss*)
 .bss.g_enabled
                0x0000000020000038        0x1 CMakeFiles/STM32_KEY_PROJECT.elf.dir/HARDWARE/MOTOR86/motor86.c.obj
 *fill*         0x0000000020000039        0x1 
 .bss.g_rpm     0x000000002000003a        0x2 CMakeFiles/STM32_KEY_PROJECT.elf.dir/HARDWARE/MOTOR86/motor86.c.obj
 .bss.calc_checksum
                0x000000002000003c        0x1 CMakeFiles/STM32_KEY_PROJECT.elf.dir/HARDWARE/PROTOCOL/protocol.c.obj
 *fill*         0x000000002000003d        0x3 
 .bss.current_frame
                0x0000000020000040       0x24 CMakeFiles/STM32_KEY_PROJECT.elf.dir/HARDWARE/PROTOCOL/protocol.c.obj
 .bss.rx_data_index
                0x0000000020000064        0x1 CMakeFiles/STM32_KEY_PROJECT.elf.dir/HARDWARE/PROTOCOL/protocol.c.obj
 .bss.rx_state  0x0000000020000065        0x1 CMakeFiles/STM32_KEY_PROJECT.elf.dir/HARDWARE/PROTOCOL/protocol.c.obj
 .bss.fac_ms    0x0000000020000066        0x2 CMakeFiles/STM32_KEY_PROJECT.elf.dir/SYSTEM/delay/delay.c.obj
 .bss.fac_us    0x0000000020000068        0x1 CMakeFiles/STM32_KEY_PROJECT.elf.dir/SYSTEM/delay/delay.c.obj
 *(COMMON)
                0x000000002000006c                . = ALIGN (0x4)
 *fill*         0x0000000020000069        0x3 
                0x000000002000006c                _ebss = .
                0x000000002000006c                __bss_end__ = _ebss

._user_heap_stack
                0x000000002000006c      0x604 load address 0x00000000080016c4
                0x0000000020000070                . = ALIGN (0x8)
 *fill*         0x000000002000006c        0x4 
                [!provide]                        PROVIDE (end = .)
                [!provide]                        PROVIDE (_end = .)
                0x0000000020000270                . = (. + _Min_Heap_Size)
 *fill*         0x0000000020000070      0x200 
                0x0000000020000670                . = (. + _Min_Stack_Size)
 *fill*         0x0000000020000270      0x400 
                0x0000000020000670                . = ALIGN (0x8)

/DISCARD/
 libc.a(*)
 libm.a(*)
 libgcc.a(*)

.ARM.attributes
                0x0000000000000000       0x29
 *(.ARM.attributes)
 .ARM.attributes
                0x0000000000000000       0x1d /usr/lib/gcc/arm-none-eabi/10.3.1/thumb/v7-m/nofp/crti.o
 .ARM.attributes
                0x000000000000001d       0x2d /usr/lib/gcc/arm-none-eabi/10.3.1/thumb/v7-m/nofp/crtbegin.o
 .ARM.attributes
                0x000000000000004a       0x2d CMakeFiles/STM32_KEY_PROJECT.elf.dir/USER/stm32f10x_it.c.obj
 .ARM.attributes
                0x0000000000000077       0x2d CMakeFiles/STM32_KEY_PROJECT.elf.dir/USER/system_stm32f10x.c.obj
 .ARM.attributes
                0x00000000000000a4       0x2d CMakeFiles/STM32_KEY_PROJECT.elf.dir/USER_MOTOR86/main.c.obj
 .ARM.attributes
                0x00000000000000d1       0x2d CMakeFiles/STM32_KEY_PROJECT.elf.dir/HARDWARE/LED/led.c.obj
 .ARM.attributes
                0x00000000000000fe       0x2d CMakeFiles/STM32_KEY_PROJECT.elf.dir/HARDWARE/MOTOR86/motor86.c.obj
 .ARM.attributes
                0x000000000000012b       0x2d CMakeFiles/STM32_KEY_PROJECT.elf.dir/HARDWARE/PROTOCOL/protocol.c.obj
 .ARM.attributes
                0x0000000000000158       0x2d CMakeFiles/STM32_KEY_PROJECT.elf.dir/SYSTEM/delay/delay.c.obj
 .ARM.attributes
                0x0000000000000185       0x2d CMakeFiles/STM32_KEY_PROJECT.elf.dir/SYSTEM/usart/usart.c.obj
 .ARM.attributes
                0x00000000000001b2       0x2d CMakeFiles/STM32_KEY_PROJECT.elf.dir/STM32F10x_FWLib/src/misc.c.obj
 .ARM.attributes
                0x00000000000001df       0x2d CMakeFiles/STM32_KEY_PROJECT.elf.dir/STM32F10x_FWLib/src/stm32f10x_gpio.c.obj
 .ARM.attributes
                0x000000000000020c       0x2d CMakeFiles/STM32_KEY_PROJECT.elf.dir/STM32F10x_FWLib/src/stm32f10x_rcc.c.obj
 .ARM.attributes
                0x0000000000000239       0x2d CMakeFiles/STM32_KEY_PROJECT.elf.dir/STM32F10x_FWLib/src/stm32f10x_tim.c.obj
 .ARM.attributes
                0x0000000000000266       0x2d CMakeFiles/STM32_KEY_PROJECT.elf.dir/STM32F10x_FWLib/src/stm32f10x_usart.c.obj
 .ARM.attributes
                0x0000000000000293       0x21 CMakeFiles/STM32_KEY_PROJECT.elf.dir/CORE/startup_stm32f103xe_gcc.s.obj
 .ARM.attributes
                0x00000000000002b4       0x1d /usr/lib/gcc/arm-none-eabi/10.3.1/thumb/v7-m/nofp/libgcc.a(_arm_addsubsf3.o)
 .ARM.attributes
                0x00000000000002d1       0x1d /usr/lib/gcc/arm-none-eabi/10.3.1/thumb/v7-m/nofp/libgcc.a(_arm_muldivsf3.o)
 .ARM.attributes
                0x00000000000002ee       0x1d /usr/lib/gcc/arm-none-eabi/10.3.1/thumb/v7-m/nofp/libgcc.a(_arm_cmpsf2.o)
 .ARM.attributes
                0x000000000000030b       0x1d /usr/lib/gcc/arm-none-eabi/10.3.1/thumb/v7-m/nofp/libgcc.a(_arm_fixsfsi.o)
 .ARM.attributes
                0x0000000000000328       0x2d /usr/lib/gcc/arm-none-eabi/10.3.1/thumb/v7-m/nofp/crtend.o
 .ARM.attributes
                0x0000000000000355       0x1d /usr/lib/gcc/arm-none-eabi/10.3.1/thumb/v7-m/nofp/crtn.o
OUTPUT(STM32_KEY_PROJECT.elf elf32-littlearm)
LOAD linker stubs
LOAD /usr/lib/gcc/arm-none-eabi/10.3.1/../../../arm-none-eabi/lib/thumb/v7-m/nofp/libc.a
LOAD /usr/lib/gcc/arm-none-eabi/10.3.1/../../../arm-none-eabi/lib/thumb/v7-m/nofp/libm.a
LOAD /usr/lib/gcc/arm-none-eabi/10.3.1/thumb/v7-m/nofp/libgcc.a

.comment        0x0000000000000000       0x33
 .comment       0x0000000000000000       0x33 /usr/lib/gcc/arm-none-eabi/10.3.1/thumb/v7-m/nofp/crtbegin.o
                                         0x34 (size before relaxing)
 .comment       0x0000000000000033       0x34 CMakeFiles/STM32_KEY_PROJECT.elf.dir/USER/stm32f10x_it.c.obj
 .comment       0x0000000000000033       0x34 CMakeFiles/STM32_KEY_PROJECT.elf.dir/USER/system_stm32f10x.c.obj
 .comment       0x0000000000000033       0x34 CMakeFiles/STM32_KEY_PROJECT.elf.dir/USER_MOTOR86/main.c.obj
 .comment       0x0000000000000033       0x34 CMakeFiles/STM32_KEY_PROJECT.elf.dir/HARDWARE/LED/led.c.obj
 .comment       0x0000000000000033       0x34 CMakeFiles/STM32_KEY_PROJECT.elf.dir/HARDWARE/MOTOR86/motor86.c.obj
 .comment       0x0000000000000033       0x34 CMakeFiles/STM32_KEY_PROJECT.elf.dir/HARDWARE/PROTOCOL/protocol.c.obj
 .comment       0x0000000000000033       0x34 CMakeFiles/STM32_KEY_PROJECT.elf.dir/SYSTEM/delay/delay.c.obj
 .comment       0x0000000000000033       0x34 CMakeFiles/STM32_KEY_PROJECT.elf.dir/SYSTEM/usart/usart.c.obj
 .comment       0x0000000000000033       0x34 CMakeFiles/STM32_KEY_PROJECT.elf.dir/STM32F10x_FWLib/src/misc.c.obj
 .comment       0x0000000000000033       0x34 CMakeFiles/STM32_KEY_PROJECT.elf.dir/STM32F10x_FWLib/src/stm32f10x_gpio.c.obj
 .comment       0x0000000000000033       0x34 CMakeFiles/STM32_KEY_PROJECT.elf.dir/STM32F10x_FWLib/src/stm32f10x_rcc.c.obj
 .comment       0x0000000000000033       0x34 CMakeFiles/STM32_KEY_PROJECT.elf.dir/STM32F10x_FWLib/src/stm32f10x_tim.c.obj
 .comment       0x0000000000000033       0x34 CMakeFiles/STM32_KEY_PROJECT.elf.dir/STM32F10x_FWLib/src/stm32f10x_usart.c.obj
 .comment       0x0000000000000033       0x34 /usr/lib/gcc/arm-none-eabi/10.3.1/thumb/v7-m/nofp/crtend.o

.debug_line     0x0000000000000000      0x37e
 .debug_line    0x0000000000000000      0x11a /usr/lib/gcc/arm-none-eabi/10.3.1/thumb/v7-m/nofp/libgcc.a(_arm_addsubsf3.o)
 .debug_line    0x000000000000011a      0x13a /usr/lib/gcc/arm-none-eabi/10.3.1/thumb/v7-m/nofp/libgcc.a(_arm_muldivsf3.o)
 .debug_line    0x0000000000000254       0xb1 /usr/lib/gcc/arm-none-eabi/10.3.1/thumb/v7-m/nofp/libgcc.a(_arm_cmpsf2.o)
 .debug_line    0x0000000000000305       0x79 /usr/lib/gcc/arm-none-eabi/10.3.1/thumb/v7-m/nofp/libgcc.a(_arm_fixsfsi.o)

.debug_info     0x0000000000000000       0x98
 .debug_info    0x0000000000000000       0x26 /usr/lib/gcc/arm-none-eabi/10.3.1/thumb/v7-m/nofp/libgcc.a(_arm_addsubsf3.o)
 .debug_info    0x0000000000000026       0x26 /usr/lib/gcc/arm-none-eabi/10.3.1/thumb/v7-m/nofp/libgcc.a(_arm_muldivsf3.o)
 .debug_info    0x000000000000004c       0x26 /usr/lib/gcc/arm-none-eabi/10.3.1/thumb/v7-m/nofp/libgcc.a(_arm_cmpsf2.o)
 .debug_info    0x0000000000000072       0x26 /usr/lib/gcc/arm-none-eabi/10.3.1/thumb/v7-m/nofp/libgcc.a(_arm_fixsfsi.o)

.debug_abbrev   0x0000000000000000       0x50
 .debug_abbrev  0x0000000000000000       0x14 /usr/lib/gcc/arm-none-eabi/10.3.1/thumb/v7-m/nofp/libgcc.a(_arm_addsubsf3.o)
 .debug_abbrev  0x0000000000000014       0x14 /usr/lib/gcc/arm-none-eabi/10.3.1/thumb/v7-m/nofp/libgcc.a(_arm_muldivsf3.o)
 .debug_abbrev  0x0000000000000028       0x14 /usr/lib/gcc/arm-none-eabi/10.3.1/thumb/v7-m/nofp/libgcc.a(_arm_cmpsf2.o)
 .debug_abbrev  0x000000000000003c       0x14 /usr/lib/gcc/arm-none-eabi/10.3.1/thumb/v7-m/nofp/libgcc.a(_arm_fixsfsi.o)

.debug_aranges  0x0000000000000000       0x80
 .debug_aranges
                0x0000000000000000       0x20 /usr/lib/gcc/arm-none-eabi/10.3.1/thumb/v7-m/nofp/libgcc.a(_arm_addsubsf3.o)
 .debug_aranges
                0x0000000000000020       0x20 /usr/lib/gcc/arm-none-eabi/10.3.1/thumb/v7-m/nofp/libgcc.a(_arm_muldivsf3.o)
 .debug_aranges
                0x0000000000000040       0x20 /usr/lib/gcc/arm-none-eabi/10.3.1/thumb/v7-m/nofp/libgcc.a(_arm_cmpsf2.o)
 .debug_aranges
                0x0000000000000060       0x20 /usr/lib/gcc/arm-none-eabi/10.3.1/thumb/v7-m/nofp/libgcc.a(_arm_fixsfsi.o)

.debug_str      0x0000000000000000       0xa7
 .debug_str     0x0000000000000000       0xa7 /usr/lib/gcc/arm-none-eabi/10.3.1/thumb/v7-m/nofp/libgcc.a(_arm_addsubsf3.o)
 .debug_str     0x00000000000000a7       0xa7 /usr/lib/gcc/arm-none-eabi/10.3.1/thumb/v7-m/nofp/libgcc.a(_arm_muldivsf3.o)
 .debug_str     0x00000000000000a7       0xa7 /usr/lib/gcc/arm-none-eabi/10.3.1/thumb/v7-m/nofp/libgcc.a(_arm_cmpsf2.o)
 .debug_str     0x00000000000000a7       0xa7 /usr/lib/gcc/arm-none-eabi/10.3.1/thumb/v7-m/nofp/libgcc.a(_arm_fixsfsi.o)

.debug_frame    0x0000000000000000      0x170
 .debug_frame   0x0000000000000000       0x4c /usr/lib/gcc/arm-none-eabi/10.3.1/thumb/v7-m/nofp/libgcc.a(_arm_addsubsf3.o)
 .debug_frame   0x000000000000004c       0x38 /usr/lib/gcc/arm-none-eabi/10.3.1/thumb/v7-m/nofp/libgcc.a(_arm_muldivsf3.o)
 .debug_frame   0x0000000000000084       0xc8 /usr/lib/gcc/arm-none-eabi/10.3.1/thumb/v7-m/nofp/libgcc.a(_arm_cmpsf2.o)
 .debug_frame   0x000000000000014c       0x24 /usr/lib/gcc/arm-none-eabi/10.3.1/thumb/v7-m/nofp/libgcc.a(_arm_fixsfsi.o)

Cross Reference Table

Symbol                                            File
ADC1_2_IRQHandler                                 CMakeFiles/STM32_KEY_PROJECT.elf.dir/CORE/startup_stm32f103xe_gcc.s.obj
ADC3_IRQHandler                                   CMakeFiles/STM32_KEY_PROJECT.elf.dir/CORE/startup_stm32f103xe_gcc.s.obj
ADC_AnalogWatchdogCmd                             CMakeFiles/STM32_KEY_PROJECT.elf.dir/STM32F10x_FWLib/src/stm32f10x_adc.c.obj
ADC_AnalogWatchdogSingleChannelConfig             CMakeFiles/STM32_KEY_PROJECT.elf.dir/STM32F10x_FWLib/src/stm32f10x_adc.c.obj
ADC_AnalogWatchdogThresholdsConfig                CMakeFiles/STM32_KEY_PROJECT.elf.dir/STM32F10x_FWLib/src/stm32f10x_adc.c.obj
ADC_AutoInjectedConvCmd                           CMakeFiles/STM32_KEY_PROJECT.elf.dir/STM32F10x_FWLib/src/stm32f10x_adc.c.obj
ADC_ClearFlag                                     CMakeFiles/STM32_KEY_PROJECT.elf.dir/STM32F10x_FWLib/src/stm32f10x_adc.c.obj
ADC_ClearITPendingBit                             CMakeFiles/STM32_KEY_PROJECT.elf.dir/STM32F10x_FWLib/src/stm32f10x_adc.c.obj
ADC_Cmd                                           CMakeFiles/STM32_KEY_PROJECT.elf.dir/STM32F10x_FWLib/src/stm32f10x_adc.c.obj
ADC_DMACmd                                        CMakeFiles/STM32_KEY_PROJECT.elf.dir/STM32F10x_FWLib/src/stm32f10x_adc.c.obj
ADC_DeInit                                        CMakeFiles/STM32_KEY_PROJECT.elf.dir/STM32F10x_FWLib/src/stm32f10x_adc.c.obj
ADC_DiscModeChannelCountConfig                    CMakeFiles/STM32_KEY_PROJECT.elf.dir/STM32F10x_FWLib/src/stm32f10x_adc.c.obj
ADC_DiscModeCmd                                   CMakeFiles/STM32_KEY_PROJECT.elf.dir/STM32F10x_FWLib/src/stm32f10x_adc.c.obj
ADC_ExternalTrigConvCmd                           CMakeFiles/STM32_KEY_PROJECT.elf.dir/STM32F10x_FWLib/src/stm32f10x_adc.c.obj
ADC_ExternalTrigInjectedConvCmd                   CMakeFiles/STM32_KEY_PROJECT.elf.dir/STM32F10x_FWLib/src/stm32f10x_adc.c.obj
ADC_ExternalTrigInjectedConvConfig                CMakeFiles/STM32_KEY_PROJECT.elf.dir/STM32F10x_FWLib/src/stm32f10x_adc.c.obj
ADC_GetCalibrationStatus                          CMakeFiles/STM32_KEY_PROJECT.elf.dir/STM32F10x_FWLib/src/stm32f10x_adc.c.obj
ADC_GetConversionValue                            CMakeFiles/STM32_KEY_PROJECT.elf.dir/STM32F10x_FWLib/src/stm32f10x_adc.c.obj
ADC_GetDualModeConversionValue                    CMakeFiles/STM32_KEY_PROJECT.elf.dir/STM32F10x_FWLib/src/stm32f10x_adc.c.obj
ADC_GetFlagStatus                                 CMakeFiles/STM32_KEY_PROJECT.elf.dir/STM32F10x_FWLib/src/stm32f10x_adc.c.obj
ADC_GetITStatus                                   CMakeFiles/STM32_KEY_PROJECT.elf.dir/STM32F10x_FWLib/src/stm32f10x_adc.c.obj
ADC_GetInjectedConversionValue                    CMakeFiles/STM32_KEY_PROJECT.elf.dir/STM32F10x_FWLib/src/stm32f10x_adc.c.obj
ADC_GetResetCalibrationStatus                     CMakeFiles/STM32_KEY_PROJECT.elf.dir/STM32F10x_FWLib/src/stm32f10x_adc.c.obj
ADC_GetSoftwareStartConvStatus                    CMakeFiles/STM32_KEY_PROJECT.elf.dir/STM32F10x_FWLib/src/stm32f10x_adc.c.obj
ADC_GetSoftwareStartInjectedConvCmdStatus         CMakeFiles/STM32_KEY_PROJECT.elf.dir/STM32F10x_FWLib/src/stm32f10x_adc.c.obj
ADC_ITConfig                                      CMakeFiles/STM32_KEY_PROJECT.elf.dir/STM32F10x_FWLib/src/stm32f10x_adc.c.obj
ADC_Init                                          CMakeFiles/STM32_KEY_PROJECT.elf.dir/STM32F10x_FWLib/src/stm32f10x_adc.c.obj
ADC_InjectedChannelConfig                         CMakeFiles/STM32_KEY_PROJECT.elf.dir/STM32F10x_FWLib/src/stm32f10x_adc.c.obj
ADC_InjectedDiscModeCmd                           CMakeFiles/STM32_KEY_PROJECT.elf.dir/STM32F10x_FWLib/src/stm32f10x_adc.c.obj
ADC_InjectedSequencerLengthConfig                 CMakeFiles/STM32_KEY_PROJECT.elf.dir/STM32F10x_FWLib/src/stm32f10x_adc.c.obj
ADC_RegularChannelConfig                          CMakeFiles/STM32_KEY_PROJECT.elf.dir/STM32F10x_FWLib/src/stm32f10x_adc.c.obj
ADC_ResetCalibration                              CMakeFiles/STM32_KEY_PROJECT.elf.dir/STM32F10x_FWLib/src/stm32f10x_adc.c.obj
ADC_SetInjectedOffset                             CMakeFiles/STM32_KEY_PROJECT.elf.dir/STM32F10x_FWLib/src/stm32f10x_adc.c.obj
ADC_SoftwareStartConvCmd                          CMakeFiles/STM32_KEY_PROJECT.elf.dir/STM32F10x_FWLib/src/stm32f10x_adc.c.obj
ADC_SoftwareStartInjectedConvCmd                  CMakeFiles/STM32_KEY_PROJECT.elf.dir/STM32F10x_FWLib/src/stm32f10x_adc.c.obj
ADC_StartCalibration                              CMakeFiles/STM32_KEY_PROJECT.elf.dir/STM32F10x_FWLib/src/stm32f10x_adc.c.obj
ADC_StructInit                                    CMakeFiles/STM32_KEY_PROJECT.elf.dir/STM32F10x_FWLib/src/stm32f10x_adc.c.obj
ADC_TempSensorVrefintCmd                          CMakeFiles/STM32_KEY_PROJECT.elf.dir/STM32F10x_FWLib/src/stm32f10x_adc.c.obj
AHBPrescTable                                     CMakeFiles/STM32_KEY_PROJECT.elf.dir/USER/system_stm32f10x.c.obj
BEEP_Init                                         CMakeFiles/STM32_KEY_PROJECT.elf.dir/HARDWARE/BEEP/beep.c.obj
BKP_ClearFlag                                     CMakeFiles/STM32_KEY_PROJECT.elf.dir/STM32F10x_FWLib/src/stm32f10x_bkp.c.obj
BKP_ClearITPendingBit                             CMakeFiles/STM32_KEY_PROJECT.elf.dir/STM32F10x_FWLib/src/stm32f10x_bkp.c.obj
BKP_DeInit                                        CMakeFiles/STM32_KEY_PROJECT.elf.dir/STM32F10x_FWLib/src/stm32f10x_bkp.c.obj
BKP_GetFlagStatus                                 CMakeFiles/STM32_KEY_PROJECT.elf.dir/STM32F10x_FWLib/src/stm32f10x_bkp.c.obj
BKP_GetITStatus                                   CMakeFiles/STM32_KEY_PROJECT.elf.dir/STM32F10x_FWLib/src/stm32f10x_bkp.c.obj
BKP_ITConfig                                      CMakeFiles/STM32_KEY_PROJECT.elf.dir/STM32F10x_FWLib/src/stm32f10x_bkp.c.obj
BKP_RTCOutputConfig                               CMakeFiles/STM32_KEY_PROJECT.elf.dir/STM32F10x_FWLib/src/stm32f10x_bkp.c.obj
BKP_ReadBackupRegister                            CMakeFiles/STM32_KEY_PROJECT.elf.dir/STM32F10x_FWLib/src/stm32f10x_bkp.c.obj
BKP_SetRTCCalibrationValue                        CMakeFiles/STM32_KEY_PROJECT.elf.dir/STM32F10x_FWLib/src/stm32f10x_bkp.c.obj
BKP_TamperPinCmd                                  CMakeFiles/STM32_KEY_PROJECT.elf.dir/STM32F10x_FWLib/src/stm32f10x_bkp.c.obj
BKP_TamperPinLevelConfig                          CMakeFiles/STM32_KEY_PROJECT.elf.dir/STM32F10x_FWLib/src/stm32f10x_bkp.c.obj
BKP_WriteBackupRegister                           CMakeFiles/STM32_KEY_PROJECT.elf.dir/STM32F10x_FWLib/src/stm32f10x_bkp.c.obj
BusFault_Handler                                  CMakeFiles/STM32_KEY_PROJECT.elf.dir/USER/stm32f10x_it.c.obj
CAN1_RX1_IRQHandler                               CMakeFiles/STM32_KEY_PROJECT.elf.dir/CORE/startup_stm32f103xe_gcc.s.obj
CAN1_SCE_IRQHandler                               CMakeFiles/STM32_KEY_PROJECT.elf.dir/CORE/startup_stm32f103xe_gcc.s.obj
CAN_CancelTransmit                                CMakeFiles/STM32_KEY_PROJECT.elf.dir/STM32F10x_FWLib/src/stm32f10x_can.c.obj
CAN_ClearFlag                                     CMakeFiles/STM32_KEY_PROJECT.elf.dir/STM32F10x_FWLib/src/stm32f10x_can.c.obj
CAN_ClearITPendingBit                             CMakeFiles/STM32_KEY_PROJECT.elf.dir/STM32F10x_FWLib/src/stm32f10x_can.c.obj
CAN_DBGFreeze                                     CMakeFiles/STM32_KEY_PROJECT.elf.dir/STM32F10x_FWLib/src/stm32f10x_can.c.obj
CAN_DeInit                                        CMakeFiles/STM32_KEY_PROJECT.elf.dir/STM32F10x_FWLib/src/stm32f10x_can.c.obj
CAN_FIFORelease                                   CMakeFiles/STM32_KEY_PROJECT.elf.dir/STM32F10x_FWLib/src/stm32f10x_can.c.obj
CAN_FilterInit                                    CMakeFiles/STM32_KEY_PROJECT.elf.dir/STM32F10x_FWLib/src/stm32f10x_can.c.obj
CAN_GetFlagStatus                                 CMakeFiles/STM32_KEY_PROJECT.elf.dir/STM32F10x_FWLib/src/stm32f10x_can.c.obj
CAN_GetITStatus                                   CMakeFiles/STM32_KEY_PROJECT.elf.dir/STM32F10x_FWLib/src/stm32f10x_can.c.obj
CAN_GetLSBTransmitErrorCounter                    CMakeFiles/STM32_KEY_PROJECT.elf.dir/STM32F10x_FWLib/src/stm32f10x_can.c.obj
CAN_GetLastErrorCode                              CMakeFiles/STM32_KEY_PROJECT.elf.dir/STM32F10x_FWLib/src/stm32f10x_can.c.obj
CAN_GetReceiveErrorCounter                        CMakeFiles/STM32_KEY_PROJECT.elf.dir/STM32F10x_FWLib/src/stm32f10x_can.c.obj
CAN_ITConfig                                      CMakeFiles/STM32_KEY_PROJECT.elf.dir/STM32F10x_FWLib/src/stm32f10x_can.c.obj
CAN_Init                                          CMakeFiles/STM32_KEY_PROJECT.elf.dir/STM32F10x_FWLib/src/stm32f10x_can.c.obj
CAN_MessagePending                                CMakeFiles/STM32_KEY_PROJECT.elf.dir/STM32F10x_FWLib/src/stm32f10x_can.c.obj
CAN_OperatingModeRequest                          CMakeFiles/STM32_KEY_PROJECT.elf.dir/STM32F10x_FWLib/src/stm32f10x_can.c.obj
CAN_Receive                                       CMakeFiles/STM32_KEY_PROJECT.elf.dir/STM32F10x_FWLib/src/stm32f10x_can.c.obj
CAN_SlaveStartBank                                CMakeFiles/STM32_KEY_PROJECT.elf.dir/STM32F10x_FWLib/src/stm32f10x_can.c.obj
CAN_Sleep                                         CMakeFiles/STM32_KEY_PROJECT.elf.dir/STM32F10x_FWLib/src/stm32f10x_can.c.obj
CAN_StructInit                                    CMakeFiles/STM32_KEY_PROJECT.elf.dir/STM32F10x_FWLib/src/stm32f10x_can.c.obj
CAN_TTComModeCmd                                  CMakeFiles/STM32_KEY_PROJECT.elf.dir/STM32F10x_FWLib/src/stm32f10x_can.c.obj
CAN_Transmit                                      CMakeFiles/STM32_KEY_PROJECT.elf.dir/STM32F10x_FWLib/src/stm32f10x_can.c.obj
CAN_TransmitStatus                                CMakeFiles/STM32_KEY_PROJECT.elf.dir/STM32F10x_FWLib/src/stm32f10x_can.c.obj
CAN_WakeUp                                        CMakeFiles/STM32_KEY_PROJECT.elf.dir/STM32F10x_FWLib/src/stm32f10x_can.c.obj
CEC_ClearFlag                                     CMakeFiles/STM32_KEY_PROJECT.elf.dir/STM32F10x_FWLib/src/stm32f10x_cec.c.obj
CEC_ClearITPendingBit                             CMakeFiles/STM32_KEY_PROJECT.elf.dir/STM32F10x_FWLib/src/stm32f10x_cec.c.obj
CEC_Cmd                                           CMakeFiles/STM32_KEY_PROJECT.elf.dir/STM32F10x_FWLib/src/stm32f10x_cec.c.obj
CEC_DeInit                                        CMakeFiles/STM32_KEY_PROJECT.elf.dir/STM32F10x_FWLib/src/stm32f10x_cec.c.obj
CEC_EndOfMessageCmd                               CMakeFiles/STM32_KEY_PROJECT.elf.dir/STM32F10x_FWLib/src/stm32f10x_cec.c.obj
CEC_GetFlagStatus                                 CMakeFiles/STM32_KEY_PROJECT.elf.dir/STM32F10x_FWLib/src/stm32f10x_cec.c.obj
CEC_GetITStatus                                   CMakeFiles/STM32_KEY_PROJECT.elf.dir/STM32F10x_FWLib/src/stm32f10x_cec.c.obj
CEC_ITConfig                                      CMakeFiles/STM32_KEY_PROJECT.elf.dir/STM32F10x_FWLib/src/stm32f10x_cec.c.obj
CEC_Init                                          CMakeFiles/STM32_KEY_PROJECT.elf.dir/STM32F10x_FWLib/src/stm32f10x_cec.c.obj
CEC_OwnAddressConfig                              CMakeFiles/STM32_KEY_PROJECT.elf.dir/STM32F10x_FWLib/src/stm32f10x_cec.c.obj
CEC_ReceiveDataByte                               CMakeFiles/STM32_KEY_PROJECT.elf.dir/STM32F10x_FWLib/src/stm32f10x_cec.c.obj
CEC_SendDataByte                                  CMakeFiles/STM32_KEY_PROJECT.elf.dir/STM32F10x_FWLib/src/stm32f10x_cec.c.obj
CEC_SetPrescaler                                  CMakeFiles/STM32_KEY_PROJECT.elf.dir/STM32F10x_FWLib/src/stm32f10x_cec.c.obj
CEC_StartOfMessage                                CMakeFiles/STM32_KEY_PROJECT.elf.dir/STM32F10x_FWLib/src/stm32f10x_cec.c.obj
CRC_CalcBlockCRC                                  CMakeFiles/STM32_KEY_PROJECT.elf.dir/STM32F10x_FWLib/src/stm32f10x_crc.c.obj
CRC_CalcCRC                                       CMakeFiles/STM32_KEY_PROJECT.elf.dir/STM32F10x_FWLib/src/stm32f10x_crc.c.obj
CRC_GetCRC                                        CMakeFiles/STM32_KEY_PROJECT.elf.dir/STM32F10x_FWLib/src/stm32f10x_crc.c.obj
CRC_GetIDRegister                                 CMakeFiles/STM32_KEY_PROJECT.elf.dir/STM32F10x_FWLib/src/stm32f10x_crc.c.obj
CRC_ResetDR                                       CMakeFiles/STM32_KEY_PROJECT.elf.dir/STM32F10x_FWLib/src/stm32f10x_crc.c.obj
CRC_SetIDRegister                                 CMakeFiles/STM32_KEY_PROJECT.elf.dir/STM32F10x_FWLib/src/stm32f10x_crc.c.obj
DAC_Cmd                                           CMakeFiles/STM32_KEY_PROJECT.elf.dir/STM32F10x_FWLib/src/stm32f10x_dac.c.obj
DAC_DMACmd                                        CMakeFiles/STM32_KEY_PROJECT.elf.dir/STM32F10x_FWLib/src/stm32f10x_dac.c.obj
DAC_DeInit                                        CMakeFiles/STM32_KEY_PROJECT.elf.dir/STM32F10x_FWLib/src/stm32f10x_dac.c.obj
DAC_DualSoftwareTriggerCmd                        CMakeFiles/STM32_KEY_PROJECT.elf.dir/STM32F10x_FWLib/src/stm32f10x_dac.c.obj
DAC_GetDataOutputValue                            CMakeFiles/STM32_KEY_PROJECT.elf.dir/STM32F10x_FWLib/src/stm32f10x_dac.c.obj
DAC_Init                                          CMakeFiles/STM32_KEY_PROJECT.elf.dir/STM32F10x_FWLib/src/stm32f10x_dac.c.obj
DAC_SetChannel1Data                               CMakeFiles/STM32_KEY_PROJECT.elf.dir/STM32F10x_FWLib/src/stm32f10x_dac.c.obj
DAC_SetChannel2Data                               CMakeFiles/STM32_KEY_PROJECT.elf.dir/STM32F10x_FWLib/src/stm32f10x_dac.c.obj
DAC_SetDualChannelData                            CMakeFiles/STM32_KEY_PROJECT.elf.dir/STM32F10x_FWLib/src/stm32f10x_dac.c.obj
DAC_SoftwareTriggerCmd                            CMakeFiles/STM32_KEY_PROJECT.elf.dir/STM32F10x_FWLib/src/stm32f10x_dac.c.obj
DAC_StructInit                                    CMakeFiles/STM32_KEY_PROJECT.elf.dir/STM32F10x_FWLib/src/stm32f10x_dac.c.obj
DAC_WaveGenerationCmd                             CMakeFiles/STM32_KEY_PROJECT.elf.dir/STM32F10x_FWLib/src/stm32f10x_dac.c.obj
DBGMCU_Config                                     CMakeFiles/STM32_KEY_PROJECT.elf.dir/STM32F10x_FWLib/src/stm32f10x_dbgmcu.c.obj
DBGMCU_GetDEVID                                   CMakeFiles/STM32_KEY_PROJECT.elf.dir/STM32F10x_FWLib/src/stm32f10x_dbgmcu.c.obj
DBGMCU_GetREVID                                   CMakeFiles/STM32_KEY_PROJECT.elf.dir/STM32F10x_FWLib/src/stm32f10x_dbgmcu.c.obj
DMA1_Channel1_IRQHandler                          CMakeFiles/STM32_KEY_PROJECT.elf.dir/CORE/startup_stm32f103xe_gcc.s.obj
DMA1_Channel2_IRQHandler                          CMakeFiles/STM32_KEY_PROJECT.elf.dir/CORE/startup_stm32f103xe_gcc.s.obj
DMA1_Channel3_IRQHandler                          CMakeFiles/STM32_KEY_PROJECT.elf.dir/CORE/startup_stm32f103xe_gcc.s.obj
DMA1_Channel4_IRQHandler                          CMakeFiles/STM32_KEY_PROJECT.elf.dir/CORE/startup_stm32f103xe_gcc.s.obj
DMA1_Channel5_IRQHandler                          CMakeFiles/STM32_KEY_PROJECT.elf.dir/CORE/startup_stm32f103xe_gcc.s.obj
DMA1_Channel6_IRQHandler                          CMakeFiles/STM32_KEY_PROJECT.elf.dir/CORE/startup_stm32f103xe_gcc.s.obj
DMA1_Channel7_IRQHandler                          CMakeFiles/STM32_KEY_PROJECT.elf.dir/CORE/startup_stm32f103xe_gcc.s.obj
DMA2_Channel1_IRQHandler                          CMakeFiles/STM32_KEY_PROJECT.elf.dir/CORE/startup_stm32f103xe_gcc.s.obj
DMA2_Channel2_IRQHandler                          CMakeFiles/STM32_KEY_PROJECT.elf.dir/CORE/startup_stm32f103xe_gcc.s.obj
DMA2_Channel3_IRQHandler                          CMakeFiles/STM32_KEY_PROJECT.elf.dir/CORE/startup_stm32f103xe_gcc.s.obj
DMA2_Channel4_5_IRQHandler                        CMakeFiles/STM32_KEY_PROJECT.elf.dir/CORE/startup_stm32f103xe_gcc.s.obj
DMA_ClearFlag                                     CMakeFiles/STM32_KEY_PROJECT.elf.dir/STM32F10x_FWLib/src/stm32f10x_dma.c.obj
DMA_ClearITPendingBit                             CMakeFiles/STM32_KEY_PROJECT.elf.dir/STM32F10x_FWLib/src/stm32f10x_dma.c.obj
DMA_Cmd                                           CMakeFiles/STM32_KEY_PROJECT.elf.dir/STM32F10x_FWLib/src/stm32f10x_dma.c.obj
DMA_DeInit                                        CMakeFiles/STM32_KEY_PROJECT.elf.dir/STM32F10x_FWLib/src/stm32f10x_dma.c.obj
DMA_GetCurrDataCounter                            CMakeFiles/STM32_KEY_PROJECT.elf.dir/STM32F10x_FWLib/src/stm32f10x_dma.c.obj
DMA_GetFlagStatus                                 CMakeFiles/STM32_KEY_PROJECT.elf.dir/STM32F10x_FWLib/src/stm32f10x_dma.c.obj
DMA_GetITStatus                                   CMakeFiles/STM32_KEY_PROJECT.elf.dir/STM32F10x_FWLib/src/stm32f10x_dma.c.obj
DMA_ITConfig                                      CMakeFiles/STM32_KEY_PROJECT.elf.dir/STM32F10x_FWLib/src/stm32f10x_dma.c.obj
DMA_Init                                          CMakeFiles/STM32_KEY_PROJECT.elf.dir/STM32F10x_FWLib/src/stm32f10x_dma.c.obj
DMA_SetCurrDataCounter                            CMakeFiles/STM32_KEY_PROJECT.elf.dir/STM32F10x_FWLib/src/stm32f10x_dma.c.obj
DMA_StructInit                                    CMakeFiles/STM32_KEY_PROJECT.elf.dir/STM32F10x_FWLib/src/stm32f10x_dma.c.obj
DebugMon_Handler                                  CMakeFiles/STM32_KEY_PROJECT.elf.dir/USER/stm32f10x_it.c.obj
Default_Handler                                   CMakeFiles/STM32_KEY_PROJECT.elf.dir/CORE/startup_stm32f103xe_gcc.s.obj
EXTI0_IRQHandler                                  CMakeFiles/STM32_KEY_PROJECT.elf.dir/CORE/startup_stm32f103xe_gcc.s.obj
EXTI15_10_IRQHandler                              CMakeFiles/STM32_KEY_PROJECT.elf.dir/CORE/startup_stm32f103xe_gcc.s.obj
EXTI1_IRQHandler                                  CMakeFiles/STM32_KEY_PROJECT.elf.dir/CORE/startup_stm32f103xe_gcc.s.obj
EXTI2_IRQHandler                                  CMakeFiles/STM32_KEY_PROJECT.elf.dir/CORE/startup_stm32f103xe_gcc.s.obj
EXTI3_IRQHandler                                  CMakeFiles/STM32_KEY_PROJECT.elf.dir/CORE/startup_stm32f103xe_gcc.s.obj
EXTI4_IRQHandler                                  CMakeFiles/STM32_KEY_PROJECT.elf.dir/CORE/startup_stm32f103xe_gcc.s.obj
EXTI9_5_IRQHandler                                CMakeFiles/STM32_KEY_PROJECT.elf.dir/CORE/startup_stm32f103xe_gcc.s.obj
EXTI_ClearFlag                                    CMakeFiles/STM32_KEY_PROJECT.elf.dir/STM32F10x_FWLib/src/stm32f10x_exti.c.obj
EXTI_ClearITPendingBit                            CMakeFiles/STM32_KEY_PROJECT.elf.dir/STM32F10x_FWLib/src/stm32f10x_exti.c.obj
EXTI_DeInit                                       CMakeFiles/STM32_KEY_PROJECT.elf.dir/STM32F10x_FWLib/src/stm32f10x_exti.c.obj
EXTI_GenerateSWInterrupt                          CMakeFiles/STM32_KEY_PROJECT.elf.dir/STM32F10x_FWLib/src/stm32f10x_exti.c.obj
EXTI_GetFlagStatus                                CMakeFiles/STM32_KEY_PROJECT.elf.dir/STM32F10x_FWLib/src/stm32f10x_exti.c.obj
EXTI_GetITStatus                                  CMakeFiles/STM32_KEY_PROJECT.elf.dir/STM32F10x_FWLib/src/stm32f10x_exti.c.obj
EXTI_Init                                         CMakeFiles/STM32_KEY_PROJECT.elf.dir/STM32F10x_FWLib/src/stm32f10x_exti.c.obj
EXTI_StructInit                                   CMakeFiles/STM32_KEY_PROJECT.elf.dir/STM32F10x_FWLib/src/stm32f10x_exti.c.obj
EncoderMotor_Enable                               CMakeFiles/STM32_KEY_PROJECT.elf.dir/HARDWARE/ENCODER_MOTOR/encoder_motor.c.obj
EncoderMotor_GetEncoderCount                      CMakeFiles/STM32_KEY_PROJECT.elf.dir/HARDWARE/ENCODER_MOTOR/encoder_motor.c.obj
EncoderMotor_GetOutputPercent                     CMakeFiles/STM32_KEY_PROJECT.elf.dir/HARDWARE/ENCODER_MOTOR/encoder_motor.c.obj
EncoderMotor_Init                                 CMakeFiles/STM32_KEY_PROJECT.elf.dir/HARDWARE/ENCODER_MOTOR/encoder_motor.c.obj
EncoderMotor_ResetEncoder                         CMakeFiles/STM32_KEY_PROJECT.elf.dir/HARDWARE/ENCODER_MOTOR/encoder_motor.c.obj
EncoderMotor_SetOutputPercent                     CMakeFiles/STM32_KEY_PROJECT.elf.dir/HARDWARE/ENCODER_MOTOR/encoder_motor.c.obj
FLASH_ClearFlag                                   CMakeFiles/STM32_KEY_PROJECT.elf.dir/STM32F10x_FWLib/src/stm32f10x_flash.c.obj
FLASH_EnableWriteProtection                       CMakeFiles/STM32_KEY_PROJECT.elf.dir/STM32F10x_FWLib/src/stm32f10x_flash.c.obj
FLASH_EraseAllBank1Pages                          CMakeFiles/STM32_KEY_PROJECT.elf.dir/STM32F10x_FWLib/src/stm32f10x_flash.c.obj
FLASH_EraseAllPages                               CMakeFiles/STM32_KEY_PROJECT.elf.dir/STM32F10x_FWLib/src/stm32f10x_flash.c.obj
FLASH_EraseOptionBytes                            CMakeFiles/STM32_KEY_PROJECT.elf.dir/STM32F10x_FWLib/src/stm32f10x_flash.c.obj
FLASH_ErasePage                                   CMakeFiles/STM32_KEY_PROJECT.elf.dir/STM32F10x_FWLib/src/stm32f10x_flash.c.obj
FLASH_GetBank1Status                              CMakeFiles/STM32_KEY_PROJECT.elf.dir/STM32F10x_FWLib/src/stm32f10x_flash.c.obj
FLASH_GetFlagStatus                               CMakeFiles/STM32_KEY_PROJECT.elf.dir/STM32F10x_FWLib/src/stm32f10x_flash.c.obj
FLASH_GetPrefetchBufferStatus                     CMakeFiles/STM32_KEY_PROJECT.elf.dir/STM32F10x_FWLib/src/stm32f10x_flash.c.obj
FLASH_GetReadOutProtectionStatus                  CMakeFiles/STM32_KEY_PROJECT.elf.dir/STM32F10x_FWLib/src/stm32f10x_flash.c.obj
FLASH_GetStatus                                   CMakeFiles/STM32_KEY_PROJECT.elf.dir/STM32F10x_FWLib/src/stm32f10x_flash.c.obj
FLASH_GetUserOptionByte                           CMakeFiles/STM32_KEY_PROJECT.elf.dir/STM32F10x_FWLib/src/stm32f10x_flash.c.obj
FLASH_GetWriteProtectionOptionByte                CMakeFiles/STM32_KEY_PROJECT.elf.dir/STM32F10x_FWLib/src/stm32f10x_flash.c.obj
FLASH_HalfCycleAccessCmd                          CMakeFiles/STM32_KEY_PROJECT.elf.dir/STM32F10x_FWLib/src/stm32f10x_flash.c.obj
FLASH_IRQHandler                                  CMakeFiles/STM32_KEY_PROJECT.elf.dir/CORE/startup_stm32f103xe_gcc.s.obj
FLASH_ITConfig                                    CMakeFiles/STM32_KEY_PROJECT.elf.dir/STM32F10x_FWLib/src/stm32f10x_flash.c.obj
FLASH_Lock                                        CMakeFiles/STM32_KEY_PROJECT.elf.dir/STM32F10x_FWLib/src/stm32f10x_flash.c.obj
FLASH_LockBank1                                   CMakeFiles/STM32_KEY_PROJECT.elf.dir/STM32F10x_FWLib/src/stm32f10x_flash.c.obj
FLASH_PrefetchBufferCmd                           CMakeFiles/STM32_KEY_PROJECT.elf.dir/STM32F10x_FWLib/src/stm32f10x_flash.c.obj
FLASH_ProgramHalfWord                             CMakeFiles/STM32_KEY_PROJECT.elf.dir/STM32F10x_FWLib/src/stm32f10x_flash.c.obj
FLASH_ProgramOptionByteData                       CMakeFiles/STM32_KEY_PROJECT.elf.dir/STM32F10x_FWLib/src/stm32f10x_flash.c.obj
FLASH_ProgramWord                                 CMakeFiles/STM32_KEY_PROJECT.elf.dir/STM32F10x_FWLib/src/stm32f10x_flash.c.obj
FLASH_ReadOutProtection                           CMakeFiles/STM32_KEY_PROJECT.elf.dir/STM32F10x_FWLib/src/stm32f10x_flash.c.obj
FLASH_SetLatency                                  CMakeFiles/STM32_KEY_PROJECT.elf.dir/STM32F10x_FWLib/src/stm32f10x_flash.c.obj
FLASH_Unlock                                      CMakeFiles/STM32_KEY_PROJECT.elf.dir/STM32F10x_FWLib/src/stm32f10x_flash.c.obj
FLASH_UnlockBank1                                 CMakeFiles/STM32_KEY_PROJECT.elf.dir/STM32F10x_FWLib/src/stm32f10x_flash.c.obj
FLASH_UserOptionByteConfig                        CMakeFiles/STM32_KEY_PROJECT.elf.dir/STM32F10x_FWLib/src/stm32f10x_flash.c.obj
FLASH_WaitForLastBank1Operation                   CMakeFiles/STM32_KEY_PROJECT.elf.dir/STM32F10x_FWLib/src/stm32f10x_flash.c.obj
FLASH_WaitForLastOperation                        CMakeFiles/STM32_KEY_PROJECT.elf.dir/STM32F10x_FWLib/src/stm32f10x_flash.c.obj
FSMC_ClearFlag                                    CMakeFiles/STM32_KEY_PROJECT.elf.dir/STM32F10x_FWLib/src/stm32f10x_fsmc.c.obj
FSMC_ClearITPendingBit                            CMakeFiles/STM32_KEY_PROJECT.elf.dir/STM32F10x_FWLib/src/stm32f10x_fsmc.c.obj
FSMC_GetECC                                       CMakeFiles/STM32_KEY_PROJECT.elf.dir/STM32F10x_FWLib/src/stm32f10x_fsmc.c.obj
FSMC_GetFlagStatus                                CMakeFiles/STM32_KEY_PROJECT.elf.dir/STM32F10x_FWLib/src/stm32f10x_fsmc.c.obj
FSMC_GetITStatus                                  CMakeFiles/STM32_KEY_PROJECT.elf.dir/STM32F10x_FWLib/src/stm32f10x_fsmc.c.obj
FSMC_IRQHandler                                   CMakeFiles/STM32_KEY_PROJECT.elf.dir/CORE/startup_stm32f103xe_gcc.s.obj
FSMC_ITConfig                                     CMakeFiles/STM32_KEY_PROJECT.elf.dir/STM32F10x_FWLib/src/stm32f10x_fsmc.c.obj
FSMC_NANDCmd                                      CMakeFiles/STM32_KEY_PROJECT.elf.dir/STM32F10x_FWLib/src/stm32f10x_fsmc.c.obj
FSMC_NANDDeInit                                   CMakeFiles/STM32_KEY_PROJECT.elf.dir/STM32F10x_FWLib/src/stm32f10x_fsmc.c.obj
FSMC_NANDECCCmd                                   CMakeFiles/STM32_KEY_PROJECT.elf.dir/STM32F10x_FWLib/src/stm32f10x_fsmc.c.obj
FSMC_NANDInit                                     CMakeFiles/STM32_KEY_PROJECT.elf.dir/STM32F10x_FWLib/src/stm32f10x_fsmc.c.obj
FSMC_NANDStructInit                               CMakeFiles/STM32_KEY_PROJECT.elf.dir/STM32F10x_FWLib/src/stm32f10x_fsmc.c.obj
FSMC_NORSRAMCmd                                   CMakeFiles/STM32_KEY_PROJECT.elf.dir/STM32F10x_FWLib/src/stm32f10x_fsmc.c.obj
FSMC_NORSRAMDeInit                                CMakeFiles/STM32_KEY_PROJECT.elf.dir/STM32F10x_FWLib/src/stm32f10x_fsmc.c.obj
FSMC_NORSRAMInit                                  CMakeFiles/STM32_KEY_PROJECT.elf.dir/STM32F10x_FWLib/src/stm32f10x_fsmc.c.obj
FSMC_NORSRAMStructInit                            CMakeFiles/STM32_KEY_PROJECT.elf.dir/STM32F10x_FWLib/src/stm32f10x_fsmc.c.obj
FSMC_PCCARDCmd                                    CMakeFiles/STM32_KEY_PROJECT.elf.dir/STM32F10x_FWLib/src/stm32f10x_fsmc.c.obj
FSMC_PCCARDDeInit                                 CMakeFiles/STM32_KEY_PROJECT.elf.dir/STM32F10x_FWLib/src/stm32f10x_fsmc.c.obj
FSMC_PCCARDInit                                   CMakeFiles/STM32_KEY_PROJECT.elf.dir/STM32F10x_FWLib/src/stm32f10x_fsmc.c.obj
FSMC_PCCARDStructInit                             CMakeFiles/STM32_KEY_PROJECT.elf.dir/STM32F10x_FWLib/src/stm32f10x_fsmc.c.obj
GPIO_AFIODeInit                                   CMakeFiles/STM32_KEY_PROJECT.elf.dir/STM32F10x_FWLib/src/stm32f10x_gpio.c.obj
GPIO_DeInit                                       CMakeFiles/STM32_KEY_PROJECT.elf.dir/STM32F10x_FWLib/src/stm32f10x_gpio.c.obj
GPIO_ETH_MediaInterfaceConfig                     CMakeFiles/STM32_KEY_PROJECT.elf.dir/STM32F10x_FWLib/src/stm32f10x_gpio.c.obj
GPIO_EXTILineConfig                               CMakeFiles/STM32_KEY_PROJECT.elf.dir/STM32F10x_FWLib/src/stm32f10x_gpio.c.obj
GPIO_EventOutputCmd                               CMakeFiles/STM32_KEY_PROJECT.elf.dir/STM32F10x_FWLib/src/stm32f10x_gpio.c.obj
GPIO_EventOutputConfig                            CMakeFiles/STM32_KEY_PROJECT.elf.dir/STM32F10x_FWLib/src/stm32f10x_gpio.c.obj
GPIO_Init                                         CMakeFiles/STM32_KEY_PROJECT.elf.dir/STM32F10x_FWLib/src/stm32f10x_gpio.c.obj
                                                  CMakeFiles/STM32_KEY_PROJECT.elf.dir/SYSTEM/usart/usart.c.obj
                                                  CMakeFiles/STM32_KEY_PROJECT.elf.dir/HARDWARE/MOTOR86/motor86.c.obj
                                                  CMakeFiles/STM32_KEY_PROJECT.elf.dir/HARDWARE/MOTOR/motor.c.obj
                                                  CMakeFiles/STM32_KEY_PROJECT.elf.dir/HARDWARE/LED/led.c.obj
                                                  CMakeFiles/STM32_KEY_PROJECT.elf.dir/HARDWARE/KEY/key.c.obj
                                                  CMakeFiles/STM32_KEY_PROJECT.elf.dir/HARDWARE/ENCODER_MOTOR/encoder_motor.c.obj
                                                  CMakeFiles/STM32_KEY_PROJECT.elf.dir/HARDWARE/BEEP/beep.c.obj
GPIO_PinLockConfig                                CMakeFiles/STM32_KEY_PROJECT.elf.dir/STM32F10x_FWLib/src/stm32f10x_gpio.c.obj
GPIO_PinRemapConfig                               CMakeFiles/STM32_KEY_PROJECT.elf.dir/STM32F10x_FWLib/src/stm32f10x_gpio.c.obj
                                                  CMakeFiles/STM32_KEY_PROJECT.elf.dir/HARDWARE/MOTOR86/motor86.c.obj
                                                  CMakeFiles/STM32_KEY_PROJECT.elf.dir/HARDWARE/ENCODER_MOTOR/encoder_motor.c.obj
GPIO_ReadInputData                                CMakeFiles/STM32_KEY_PROJECT.elf.dir/STM32F10x_FWLib/src/stm32f10x_gpio.c.obj
GPIO_ReadInputDataBit                             CMakeFiles/STM32_KEY_PROJECT.elf.dir/STM32F10x_FWLib/src/stm32f10x_gpio.c.obj
                                                  CMakeFiles/STM32_KEY_PROJECT.elf.dir/HARDWARE/KEY/key.c.obj
GPIO_ReadOutputData                               CMakeFiles/STM32_KEY_PROJECT.elf.dir/STM32F10x_FWLib/src/stm32f10x_gpio.c.obj
GPIO_ReadOutputDataBit                            CMakeFiles/STM32_KEY_PROJECT.elf.dir/STM32F10x_FWLib/src/stm32f10x_gpio.c.obj
GPIO_ResetBits                                    CMakeFiles/STM32_KEY_PROJECT.elf.dir/STM32F10x_FWLib/src/stm32f10x_gpio.c.obj
                                                  CMakeFiles/STM32_KEY_PROJECT.elf.dir/HARDWARE/MOTOR86/motor86.c.obj
                                                  CMakeFiles/STM32_KEY_PROJECT.elf.dir/HARDWARE/MOTOR/motor.c.obj
                                                  CMakeFiles/STM32_KEY_PROJECT.elf.dir/HARDWARE/ENCODER_MOTOR/encoder_motor.c.obj
                                                  CMakeFiles/STM32_KEY_PROJECT.elf.dir/HARDWARE/BEEP/beep.c.obj
GPIO_SetBits                                      CMakeFiles/STM32_KEY_PROJECT.elf.dir/STM32F10x_FWLib/src/stm32f10x_gpio.c.obj
                                                  CMakeFiles/STM32_KEY_PROJECT.elf.dir/HARDWARE/MOTOR86/motor86.c.obj
                                                  CMakeFiles/STM32_KEY_PROJECT.elf.dir/HARDWARE/MOTOR/motor.c.obj
                                                  CMakeFiles/STM32_KEY_PROJECT.elf.dir/HARDWARE/LED/led.c.obj
                                                  CMakeFiles/STM32_KEY_PROJECT.elf.dir/HARDWARE/ENCODER_MOTOR/encoder_motor.c.obj
GPIO_StructInit                                   CMakeFiles/STM32_KEY_PROJECT.elf.dir/STM32F10x_FWLib/src/stm32f10x_gpio.c.obj
GPIO_Write                                        CMakeFiles/STM32_KEY_PROJECT.elf.dir/STM32F10x_FWLib/src/stm32f10x_gpio.c.obj
GPIO_WriteBit                                     CMakeFiles/STM32_KEY_PROJECT.elf.dir/STM32F10x_FWLib/src/stm32f10x_gpio.c.obj
HardFault_Handler                                 CMakeFiles/STM32_KEY_PROJECT.elf.dir/USER/stm32f10x_it.c.obj
I2C1_ER_IRQHandler                                CMakeFiles/STM32_KEY_PROJECT.elf.dir/CORE/startup_stm32f103xe_gcc.s.obj
I2C1_EV_IRQHandler                                CMakeFiles/STM32_KEY_PROJECT.elf.dir/CORE/startup_stm32f103xe_gcc.s.obj
I2C2_ER_IRQHandler                                CMakeFiles/STM32_KEY_PROJECT.elf.dir/CORE/startup_stm32f103xe_gcc.s.obj
I2C2_EV_IRQHandler                                CMakeFiles/STM32_KEY_PROJECT.elf.dir/CORE/startup_stm32f103xe_gcc.s.obj
I2C_ARPCmd                                        CMakeFiles/STM32_KEY_PROJECT.elf.dir/STM32F10x_FWLib/src/stm32f10x_i2c.c.obj
I2C_AcknowledgeConfig                             CMakeFiles/STM32_KEY_PROJECT.elf.dir/STM32F10x_FWLib/src/stm32f10x_i2c.c.obj
I2C_CalculatePEC                                  CMakeFiles/STM32_KEY_PROJECT.elf.dir/STM32F10x_FWLib/src/stm32f10x_i2c.c.obj
I2C_CheckEvent                                    CMakeFiles/STM32_KEY_PROJECT.elf.dir/STM32F10x_FWLib/src/stm32f10x_i2c.c.obj
I2C_ClearFlag                                     CMakeFiles/STM32_KEY_PROJECT.elf.dir/STM32F10x_FWLib/src/stm32f10x_i2c.c.obj
I2C_ClearITPendingBit                             CMakeFiles/STM32_KEY_PROJECT.elf.dir/STM32F10x_FWLib/src/stm32f10x_i2c.c.obj
I2C_Cmd                                           CMakeFiles/STM32_KEY_PROJECT.elf.dir/STM32F10x_FWLib/src/stm32f10x_i2c.c.obj
I2C_DMACmd                                        CMakeFiles/STM32_KEY_PROJECT.elf.dir/STM32F10x_FWLib/src/stm32f10x_i2c.c.obj
I2C_DMALastTransferCmd                            CMakeFiles/STM32_KEY_PROJECT.elf.dir/STM32F10x_FWLib/src/stm32f10x_i2c.c.obj
I2C_DeInit                                        CMakeFiles/STM32_KEY_PROJECT.elf.dir/STM32F10x_FWLib/src/stm32f10x_i2c.c.obj
I2C_DualAddressCmd                                CMakeFiles/STM32_KEY_PROJECT.elf.dir/STM32F10x_FWLib/src/stm32f10x_i2c.c.obj
I2C_FastModeDutyCycleConfig                       CMakeFiles/STM32_KEY_PROJECT.elf.dir/STM32F10x_FWLib/src/stm32f10x_i2c.c.obj
I2C_GeneralCallCmd                                CMakeFiles/STM32_KEY_PROJECT.elf.dir/STM32F10x_FWLib/src/stm32f10x_i2c.c.obj
I2C_GenerateSTART                                 CMakeFiles/STM32_KEY_PROJECT.elf.dir/STM32F10x_FWLib/src/stm32f10x_i2c.c.obj
I2C_GenerateSTOP                                  CMakeFiles/STM32_KEY_PROJECT.elf.dir/STM32F10x_FWLib/src/stm32f10x_i2c.c.obj
I2C_GetFlagStatus                                 CMakeFiles/STM32_KEY_PROJECT.elf.dir/STM32F10x_FWLib/src/stm32f10x_i2c.c.obj
I2C_GetITStatus                                   CMakeFiles/STM32_KEY_PROJECT.elf.dir/STM32F10x_FWLib/src/stm32f10x_i2c.c.obj
I2C_GetLastEvent                                  CMakeFiles/STM32_KEY_PROJECT.elf.dir/STM32F10x_FWLib/src/stm32f10x_i2c.c.obj
I2C_GetPEC                                        CMakeFiles/STM32_KEY_PROJECT.elf.dir/STM32F10x_FWLib/src/stm32f10x_i2c.c.obj
I2C_ITConfig                                      CMakeFiles/STM32_KEY_PROJECT.elf.dir/STM32F10x_FWLib/src/stm32f10x_i2c.c.obj
I2C_Init                                          CMakeFiles/STM32_KEY_PROJECT.elf.dir/STM32F10x_FWLib/src/stm32f10x_i2c.c.obj
I2C_NACKPositionConfig                            CMakeFiles/STM32_KEY_PROJECT.elf.dir/STM32F10x_FWLib/src/stm32f10x_i2c.c.obj
I2C_OwnAddress2Config                             CMakeFiles/STM32_KEY_PROJECT.elf.dir/STM32F10x_FWLib/src/stm32f10x_i2c.c.obj
I2C_PECPositionConfig                             CMakeFiles/STM32_KEY_PROJECT.elf.dir/STM32F10x_FWLib/src/stm32f10x_i2c.c.obj
I2C_ReadRegister                                  CMakeFiles/STM32_KEY_PROJECT.elf.dir/STM32F10x_FWLib/src/stm32f10x_i2c.c.obj
I2C_ReceiveData                                   CMakeFiles/STM32_KEY_PROJECT.elf.dir/STM32F10x_FWLib/src/stm32f10x_i2c.c.obj
I2C_SMBusAlertConfig                              CMakeFiles/STM32_KEY_PROJECT.elf.dir/STM32F10x_FWLib/src/stm32f10x_i2c.c.obj
I2C_Send7bitAddress                               CMakeFiles/STM32_KEY_PROJECT.elf.dir/STM32F10x_FWLib/src/stm32f10x_i2c.c.obj
I2C_SendData                                      CMakeFiles/STM32_KEY_PROJECT.elf.dir/STM32F10x_FWLib/src/stm32f10x_i2c.c.obj
I2C_SoftwareResetCmd                              CMakeFiles/STM32_KEY_PROJECT.elf.dir/STM32F10x_FWLib/src/stm32f10x_i2c.c.obj
I2C_StretchClockCmd                               CMakeFiles/STM32_KEY_PROJECT.elf.dir/STM32F10x_FWLib/src/stm32f10x_i2c.c.obj
I2C_StructInit                                    CMakeFiles/STM32_KEY_PROJECT.elf.dir/STM32F10x_FWLib/src/stm32f10x_i2c.c.obj
I2C_TransmitPEC                                   CMakeFiles/STM32_KEY_PROJECT.elf.dir/STM32F10x_FWLib/src/stm32f10x_i2c.c.obj
I2S_Cmd                                           CMakeFiles/STM32_KEY_PROJECT.elf.dir/STM32F10x_FWLib/src/stm32f10x_spi.c.obj
I2S_Init                                          CMakeFiles/STM32_KEY_PROJECT.elf.dir/STM32F10x_FWLib/src/stm32f10x_spi.c.obj
I2S_StructInit                                    CMakeFiles/STM32_KEY_PROJECT.elf.dir/STM32F10x_FWLib/src/stm32f10x_spi.c.obj
INTX_DISABLE                                      CMakeFiles/STM32_KEY_PROJECT.elf.dir/SYSTEM/sys/sys.c.obj
INTX_ENABLE                                       CMakeFiles/STM32_KEY_PROJECT.elf.dir/SYSTEM/sys/sys.c.obj
IWDG_Enable                                       CMakeFiles/STM32_KEY_PROJECT.elf.dir/STM32F10x_FWLib/src/stm32f10x_iwdg.c.obj
IWDG_GetFlagStatus                                CMakeFiles/STM32_KEY_PROJECT.elf.dir/STM32F10x_FWLib/src/stm32f10x_iwdg.c.obj
IWDG_ReloadCounter                                CMakeFiles/STM32_KEY_PROJECT.elf.dir/STM32F10x_FWLib/src/stm32f10x_iwdg.c.obj
IWDG_SetPrescaler                                 CMakeFiles/STM32_KEY_PROJECT.elf.dir/STM32F10x_FWLib/src/stm32f10x_iwdg.c.obj
IWDG_SetReload                                    CMakeFiles/STM32_KEY_PROJECT.elf.dir/STM32F10x_FWLib/src/stm32f10x_iwdg.c.obj
IWDG_WriteAccessCmd                               CMakeFiles/STM32_KEY_PROJECT.elf.dir/STM32F10x_FWLib/src/stm32f10x_iwdg.c.obj
KEY_Init                                          CMakeFiles/STM32_KEY_PROJECT.elf.dir/HARDWARE/KEY/key.c.obj
KEY_Scan                                          CMakeFiles/STM32_KEY_PROJECT.elf.dir/HARDWARE/KEY/key.c.obj
LED_Init                                          CMakeFiles/STM32_KEY_PROJECT.elf.dir/HARDWARE/LED/led.c.obj
                                                  CMakeFiles/STM32_KEY_PROJECT.elf.dir/USER_MOTOR86/main.c.obj
MSR_MSP                                           CMakeFiles/STM32_KEY_PROJECT.elf.dir/SYSTEM/sys/sys.c.obj
MemManage_Handler                                 CMakeFiles/STM32_KEY_PROJECT.elf.dir/USER/stm32f10x_it.c.obj
Motor86_Enable                                    CMakeFiles/STM32_KEY_PROJECT.elf.dir/HARDWARE/MOTOR86/motor86.c.obj
                                                  CMakeFiles/STM32_KEY_PROJECT.elf.dir/HARDWARE/PROTOCOL/protocol.c.obj
Motor86_GetPpr                                    CMakeFiles/STM32_KEY_PROJECT.elf.dir/HARDWARE/MOTOR86/motor86.c.obj
Motor86_GetRpm                                    CMakeFiles/STM32_KEY_PROJECT.elf.dir/HARDWARE/MOTOR86/motor86.c.obj
Motor86_Init                                      CMakeFiles/STM32_KEY_PROJECT.elf.dir/HARDWARE/MOTOR86/motor86.c.obj
                                                  CMakeFiles/STM32_KEY_PROJECT.elf.dir/USER_MOTOR86/main.c.obj
Motor86_SetPpr                                    CMakeFiles/STM32_KEY_PROJECT.elf.dir/HARDWARE/MOTOR86/motor86.c.obj
Motor86_SetRpm                                    CMakeFiles/STM32_KEY_PROJECT.elf.dir/HARDWARE/MOTOR86/motor86.c.obj
                                                  CMakeFiles/STM32_KEY_PROJECT.elf.dir/HARDWARE/PROTOCOL/protocol.c.obj
Motor_Enable                                      CMakeFiles/STM32_KEY_PROJECT.elf.dir/HARDWARE/MOTOR/motor.c.obj
Motor_Init                                        CMakeFiles/STM32_KEY_PROJECT.elf.dir/HARDWARE/MOTOR/motor.c.obj
Motor_Service                                     CMakeFiles/STM32_KEY_PROJECT.elf.dir/HARDWARE/MOTOR/motor.c.obj
Motor_SetSpeed                                    CMakeFiles/STM32_KEY_PROJECT.elf.dir/HARDWARE/MOTOR/motor.c.obj
Motor_StopAll                                     CMakeFiles/STM32_KEY_PROJECT.elf.dir/HARDWARE/MOTOR/motor.c.obj
NMI_Handler                                       CMakeFiles/STM32_KEY_PROJECT.elf.dir/USER/stm32f10x_it.c.obj
NVIC_Init                                         CMakeFiles/STM32_KEY_PROJECT.elf.dir/STM32F10x_FWLib/src/misc.c.obj
                                                  CMakeFiles/STM32_KEY_PROJECT.elf.dir/SYSTEM/usart/usart.c.obj
NVIC_PriorityGroupConfig                          CMakeFiles/STM32_KEY_PROJECT.elf.dir/STM32F10x_FWLib/src/misc.c.obj
                                                  CMakeFiles/STM32_KEY_PROJECT.elf.dir/USER_MOTOR86/main.c.obj
NVIC_SetVectorTable                               CMakeFiles/STM32_KEY_PROJECT.elf.dir/STM32F10x_FWLib/src/misc.c.obj
NVIC_SystemLPConfig                               CMakeFiles/STM32_KEY_PROJECT.elf.dir/STM32F10x_FWLib/src/misc.c.obj
PVD_IRQHandler                                    CMakeFiles/STM32_KEY_PROJECT.elf.dir/CORE/startup_stm32f103xe_gcc.s.obj
PWR_BackupAccessCmd                               CMakeFiles/STM32_KEY_PROJECT.elf.dir/STM32F10x_FWLib/src/stm32f10x_pwr.c.obj
PWR_ClearFlag                                     CMakeFiles/STM32_KEY_PROJECT.elf.dir/STM32F10x_FWLib/src/stm32f10x_pwr.c.obj
PWR_DeInit                                        CMakeFiles/STM32_KEY_PROJECT.elf.dir/STM32F10x_FWLib/src/stm32f10x_pwr.c.obj
PWR_EnterSTANDBYMode                              CMakeFiles/STM32_KEY_PROJECT.elf.dir/STM32F10x_FWLib/src/stm32f10x_pwr.c.obj
PWR_EnterSTOPMode                                 CMakeFiles/STM32_KEY_PROJECT.elf.dir/STM32F10x_FWLib/src/stm32f10x_pwr.c.obj
PWR_GetFlagStatus                                 CMakeFiles/STM32_KEY_PROJECT.elf.dir/STM32F10x_FWLib/src/stm32f10x_pwr.c.obj
PWR_PVDCmd                                        CMakeFiles/STM32_KEY_PROJECT.elf.dir/STM32F10x_FWLib/src/stm32f10x_pwr.c.obj
PWR_PVDLevelConfig                                CMakeFiles/STM32_KEY_PROJECT.elf.dir/STM32F10x_FWLib/src/stm32f10x_pwr.c.obj
PWR_WakeUpPinCmd                                  CMakeFiles/STM32_KEY_PROJECT.elf.dir/STM32F10x_FWLib/src/stm32f10x_pwr.c.obj
PendSV_Handler                                    CMakeFiles/STM32_KEY_PROJECT.elf.dir/USER/stm32f10x_it.c.obj
Protocol_HandleFrame                              CMakeFiles/STM32_KEY_PROJECT.elf.dir/HARDWARE/PROTOCOL/protocol.c.obj
Protocol_Init                                     CMakeFiles/STM32_KEY_PROJECT.elf.dir/HARDWARE/PROTOCOL/protocol.c.obj
                                                  CMakeFiles/STM32_KEY_PROJECT.elf.dir/USER_MOTOR86/main.c.obj
Protocol_ParseByte                                CMakeFiles/STM32_KEY_PROJECT.elf.dir/HARDWARE/PROTOCOL/protocol.c.obj
                                                  CMakeFiles/STM32_KEY_PROJECT.elf.dir/SYSTEM/usart/usart.c.obj
Protocol_SendStatus                               CMakeFiles/STM32_KEY_PROJECT.elf.dir/HARDWARE/PROTOCOL/protocol.c.obj
RCC_ADCCLKConfig                                  CMakeFiles/STM32_KEY_PROJECT.elf.dir/STM32F10x_FWLib/src/stm32f10x_rcc.c.obj
RCC_AHBPeriphClockCmd                             CMakeFiles/STM32_KEY_PROJECT.elf.dir/STM32F10x_FWLib/src/stm32f10x_rcc.c.obj
RCC_APB1PeriphClockCmd                            CMakeFiles/STM32_KEY_PROJECT.elf.dir/STM32F10x_FWLib/src/stm32f10x_rcc.c.obj
                                                  CMakeFiles/STM32_KEY_PROJECT.elf.dir/HARDWARE/MOTOR86/motor86.c.obj
                                                  CMakeFiles/STM32_KEY_PROJECT.elf.dir/HARDWARE/ENCODER_MOTOR/encoder_motor.c.obj
RCC_APB1PeriphResetCmd                            CMakeFiles/STM32_KEY_PROJECT.elf.dir/STM32F10x_FWLib/src/stm32f10x_rcc.c.obj
                                                  CMakeFiles/STM32_KEY_PROJECT.elf.dir/STM32F10x_FWLib/src/stm32f10x_wwdg.c.obj
                                                  CMakeFiles/STM32_KEY_PROJECT.elf.dir/STM32F10x_FWLib/src/stm32f10x_usart.c.obj
                                                  CMakeFiles/STM32_KEY_PROJECT.elf.dir/STM32F10x_FWLib/src/stm32f10x_tim.c.obj
                                                  CMakeFiles/STM32_KEY_PROJECT.elf.dir/STM32F10x_FWLib/src/stm32f10x_spi.c.obj
                                                  CMakeFiles/STM32_KEY_PROJECT.elf.dir/STM32F10x_FWLib/src/stm32f10x_pwr.c.obj
                                                  CMakeFiles/STM32_KEY_PROJECT.elf.dir/STM32F10x_FWLib/src/stm32f10x_i2c.c.obj
                                                  CMakeFiles/STM32_KEY_PROJECT.elf.dir/STM32F10x_FWLib/src/stm32f10x_dac.c.obj
                                                  CMakeFiles/STM32_KEY_PROJECT.elf.dir/STM32F10x_FWLib/src/stm32f10x_cec.c.obj
                                                  CMakeFiles/STM32_KEY_PROJECT.elf.dir/STM32F10x_FWLib/src/stm32f10x_can.c.obj
RCC_APB2PeriphClockCmd                            CMakeFiles/STM32_KEY_PROJECT.elf.dir/STM32F10x_FWLib/src/stm32f10x_rcc.c.obj
                                                  CMakeFiles/STM32_KEY_PROJECT.elf.dir/SYSTEM/usart/usart.c.obj
                                                  CMakeFiles/STM32_KEY_PROJECT.elf.dir/HARDWARE/MOTOR86/motor86.c.obj
                                                  CMakeFiles/STM32_KEY_PROJECT.elf.dir/HARDWARE/MOTOR/motor.c.obj
                                                  CMakeFiles/STM32_KEY_PROJECT.elf.dir/HARDWARE/LED/led.c.obj
                                                  CMakeFiles/STM32_KEY_PROJECT.elf.dir/HARDWARE/KEY/key.c.obj
                                                  CMakeFiles/STM32_KEY_PROJECT.elf.dir/HARDWARE/ENCODER_MOTOR/encoder_motor.c.obj
                                                  CMakeFiles/STM32_KEY_PROJECT.elf.dir/HARDWARE/BEEP/beep.c.obj
RCC_APB2PeriphResetCmd                            CMakeFiles/STM32_KEY_PROJECT.elf.dir/STM32F10x_FWLib/src/stm32f10x_rcc.c.obj
                                                  CMakeFiles/STM32_KEY_PROJECT.elf.dir/STM32F10x_FWLib/src/stm32f10x_usart.c.obj
                                                  CMakeFiles/STM32_KEY_PROJECT.elf.dir/STM32F10x_FWLib/src/stm32f10x_tim.c.obj
                                                  CMakeFiles/STM32_KEY_PROJECT.elf.dir/STM32F10x_FWLib/src/stm32f10x_spi.c.obj
                                                  CMakeFiles/STM32_KEY_PROJECT.elf.dir/STM32F10x_FWLib/src/stm32f10x_gpio.c.obj
                                                  CMakeFiles/STM32_KEY_PROJECT.elf.dir/STM32F10x_FWLib/src/stm32f10x_adc.c.obj
RCC_AdjustHSICalibrationValue                     CMakeFiles/STM32_KEY_PROJECT.elf.dir/STM32F10x_FWLib/src/stm32f10x_rcc.c.obj
RCC_BackupResetCmd                                CMakeFiles/STM32_KEY_PROJECT.elf.dir/STM32F10x_FWLib/src/stm32f10x_rcc.c.obj
                                                  CMakeFiles/STM32_KEY_PROJECT.elf.dir/STM32F10x_FWLib/src/stm32f10x_bkp.c.obj
RCC_ClearFlag                                     CMakeFiles/STM32_KEY_PROJECT.elf.dir/STM32F10x_FWLib/src/stm32f10x_rcc.c.obj
RCC_ClearITPendingBit                             CMakeFiles/STM32_KEY_PROJECT.elf.dir/STM32F10x_FWLib/src/stm32f10x_rcc.c.obj
RCC_ClockSecuritySystemCmd                        CMakeFiles/STM32_KEY_PROJECT.elf.dir/STM32F10x_FWLib/src/stm32f10x_rcc.c.obj
RCC_DeInit                                        CMakeFiles/STM32_KEY_PROJECT.elf.dir/STM32F10x_FWLib/src/stm32f10x_rcc.c.obj
RCC_GetClocksFreq                                 CMakeFiles/STM32_KEY_PROJECT.elf.dir/STM32F10x_FWLib/src/stm32f10x_rcc.c.obj
                                                  CMakeFiles/STM32_KEY_PROJECT.elf.dir/STM32F10x_FWLib/src/stm32f10x_usart.c.obj
                                                  CMakeFiles/STM32_KEY_PROJECT.elf.dir/STM32F10x_FWLib/src/stm32f10x_spi.c.obj
                                                  CMakeFiles/STM32_KEY_PROJECT.elf.dir/STM32F10x_FWLib/src/stm32f10x_i2c.c.obj
RCC_GetFlagStatus                                 CMakeFiles/STM32_KEY_PROJECT.elf.dir/STM32F10x_FWLib/src/stm32f10x_rcc.c.obj
RCC_GetITStatus                                   CMakeFiles/STM32_KEY_PROJECT.elf.dir/STM32F10x_FWLib/src/stm32f10x_rcc.c.obj
RCC_GetSYSCLKSource                               CMakeFiles/STM32_KEY_PROJECT.elf.dir/STM32F10x_FWLib/src/stm32f10x_rcc.c.obj
RCC_HCLKConfig                                    CMakeFiles/STM32_KEY_PROJECT.elf.dir/STM32F10x_FWLib/src/stm32f10x_rcc.c.obj
RCC_HSEConfig                                     CMakeFiles/STM32_KEY_PROJECT.elf.dir/STM32F10x_FWLib/src/stm32f10x_rcc.c.obj
RCC_HSICmd                                        CMakeFiles/STM32_KEY_PROJECT.elf.dir/STM32F10x_FWLib/src/stm32f10x_rcc.c.obj
RCC_IRQHandler                                    CMakeFiles/STM32_KEY_PROJECT.elf.dir/CORE/startup_stm32f103xe_gcc.s.obj
RCC_ITConfig                                      CMakeFiles/STM32_KEY_PROJECT.elf.dir/STM32F10x_FWLib/src/stm32f10x_rcc.c.obj
RCC_LSEConfig                                     CMakeFiles/STM32_KEY_PROJECT.elf.dir/STM32F10x_FWLib/src/stm32f10x_rcc.c.obj
RCC_LSICmd                                        CMakeFiles/STM32_KEY_PROJECT.elf.dir/STM32F10x_FWLib/src/stm32f10x_rcc.c.obj
RCC_MCOConfig                                     CMakeFiles/STM32_KEY_PROJECT.elf.dir/STM32F10x_FWLib/src/stm32f10x_rcc.c.obj
RCC_PCLK1Config                                   CMakeFiles/STM32_KEY_PROJECT.elf.dir/STM32F10x_FWLib/src/stm32f10x_rcc.c.obj
RCC_PCLK2Config                                   CMakeFiles/STM32_KEY_PROJECT.elf.dir/STM32F10x_FWLib/src/stm32f10x_rcc.c.obj
RCC_PLLCmd                                        CMakeFiles/STM32_KEY_PROJECT.elf.dir/STM32F10x_FWLib/src/stm32f10x_rcc.c.obj
RCC_PLLConfig                                     CMakeFiles/STM32_KEY_PROJECT.elf.dir/STM32F10x_FWLib/src/stm32f10x_rcc.c.obj
RCC_RTCCLKCmd                                     CMakeFiles/STM32_KEY_PROJECT.elf.dir/STM32F10x_FWLib/src/stm32f10x_rcc.c.obj
RCC_RTCCLKConfig                                  CMakeFiles/STM32_KEY_PROJECT.elf.dir/STM32F10x_FWLib/src/stm32f10x_rcc.c.obj
RCC_SYSCLKConfig                                  CMakeFiles/STM32_KEY_PROJECT.elf.dir/STM32F10x_FWLib/src/stm32f10x_rcc.c.obj
RCC_USBCLKConfig                                  CMakeFiles/STM32_KEY_PROJECT.elf.dir/STM32F10x_FWLib/src/stm32f10x_rcc.c.obj
RCC_WaitForHSEStartUp                             CMakeFiles/STM32_KEY_PROJECT.elf.dir/STM32F10x_FWLib/src/stm32f10x_rcc.c.obj
RTC_Alarm_IRQHandler                              CMakeFiles/STM32_KEY_PROJECT.elf.dir/CORE/startup_stm32f103xe_gcc.s.obj
RTC_ClearFlag                                     CMakeFiles/STM32_KEY_PROJECT.elf.dir/STM32F10x_FWLib/src/stm32f10x_rtc.c.obj
RTC_ClearITPendingBit                             CMakeFiles/STM32_KEY_PROJECT.elf.dir/STM32F10x_FWLib/src/stm32f10x_rtc.c.obj
RTC_EnterConfigMode                               CMakeFiles/STM32_KEY_PROJECT.elf.dir/STM32F10x_FWLib/src/stm32f10x_rtc.c.obj
RTC_ExitConfigMode                                CMakeFiles/STM32_KEY_PROJECT.elf.dir/STM32F10x_FWLib/src/stm32f10x_rtc.c.obj
RTC_GetCounter                                    CMakeFiles/STM32_KEY_PROJECT.elf.dir/STM32F10x_FWLib/src/stm32f10x_rtc.c.obj
RTC_GetDivider                                    CMakeFiles/STM32_KEY_PROJECT.elf.dir/STM32F10x_FWLib/src/stm32f10x_rtc.c.obj
RTC_GetFlagStatus                                 CMakeFiles/STM32_KEY_PROJECT.elf.dir/STM32F10x_FWLib/src/stm32f10x_rtc.c.obj
RTC_GetITStatus                                   CMakeFiles/STM32_KEY_PROJECT.elf.dir/STM32F10x_FWLib/src/stm32f10x_rtc.c.obj
RTC_IRQHandler                                    CMakeFiles/STM32_KEY_PROJECT.elf.dir/CORE/startup_stm32f103xe_gcc.s.obj
RTC_ITConfig                                      CMakeFiles/STM32_KEY_PROJECT.elf.dir/STM32F10x_FWLib/src/stm32f10x_rtc.c.obj
RTC_SetAlarm                                      CMakeFiles/STM32_KEY_PROJECT.elf.dir/STM32F10x_FWLib/src/stm32f10x_rtc.c.obj
RTC_SetCounter                                    CMakeFiles/STM32_KEY_PROJECT.elf.dir/STM32F10x_FWLib/src/stm32f10x_rtc.c.obj
RTC_SetPrescaler                                  CMakeFiles/STM32_KEY_PROJECT.elf.dir/STM32F10x_FWLib/src/stm32f10x_rtc.c.obj
RTC_WaitForLastTask                               CMakeFiles/STM32_KEY_PROJECT.elf.dir/STM32F10x_FWLib/src/stm32f10x_rtc.c.obj
RTC_WaitForSynchro                                CMakeFiles/STM32_KEY_PROJECT.elf.dir/STM32F10x_FWLib/src/stm32f10x_rtc.c.obj
Reset_Handler                                     CMakeFiles/STM32_KEY_PROJECT.elf.dir/CORE/startup_stm32f103xe_gcc.s.obj
SDIO_CEATAITCmd                                   CMakeFiles/STM32_KEY_PROJECT.elf.dir/STM32F10x_FWLib/src/stm32f10x_sdio.c.obj
SDIO_ClearFlag                                    CMakeFiles/STM32_KEY_PROJECT.elf.dir/STM32F10x_FWLib/src/stm32f10x_sdio.c.obj
SDIO_ClearITPendingBit                            CMakeFiles/STM32_KEY_PROJECT.elf.dir/STM32F10x_FWLib/src/stm32f10x_sdio.c.obj
SDIO_ClockCmd                                     CMakeFiles/STM32_KEY_PROJECT.elf.dir/STM32F10x_FWLib/src/stm32f10x_sdio.c.obj
SDIO_CmdStructInit                                CMakeFiles/STM32_KEY_PROJECT.elf.dir/STM32F10x_FWLib/src/stm32f10x_sdio.c.obj
SDIO_CommandCompletionCmd                         CMakeFiles/STM32_KEY_PROJECT.elf.dir/STM32F10x_FWLib/src/stm32f10x_sdio.c.obj
SDIO_DMACmd                                       CMakeFiles/STM32_KEY_PROJECT.elf.dir/STM32F10x_FWLib/src/stm32f10x_sdio.c.obj
SDIO_DataConfig                                   CMakeFiles/STM32_KEY_PROJECT.elf.dir/STM32F10x_FWLib/src/stm32f10x_sdio.c.obj
SDIO_DataStructInit                               CMakeFiles/STM32_KEY_PROJECT.elf.dir/STM32F10x_FWLib/src/stm32f10x_sdio.c.obj
SDIO_DeInit                                       CMakeFiles/STM32_KEY_PROJECT.elf.dir/STM32F10x_FWLib/src/stm32f10x_sdio.c.obj
SDIO_GetCommandResponse                           CMakeFiles/STM32_KEY_PROJECT.elf.dir/STM32F10x_FWLib/src/stm32f10x_sdio.c.obj
SDIO_GetDataCounter                               CMakeFiles/STM32_KEY_PROJECT.elf.dir/STM32F10x_FWLib/src/stm32f10x_sdio.c.obj
SDIO_GetFIFOCount                                 CMakeFiles/STM32_KEY_PROJECT.elf.dir/STM32F10x_FWLib/src/stm32f10x_sdio.c.obj
SDIO_GetFlagStatus                                CMakeFiles/STM32_KEY_PROJECT.elf.dir/STM32F10x_FWLib/src/stm32f10x_sdio.c.obj
SDIO_GetITStatus                                  CMakeFiles/STM32_KEY_PROJECT.elf.dir/STM32F10x_FWLib/src/stm32f10x_sdio.c.obj
SDIO_GetPowerState                                CMakeFiles/STM32_KEY_PROJECT.elf.dir/STM32F10x_FWLib/src/stm32f10x_sdio.c.obj
SDIO_GetResponse                                  CMakeFiles/STM32_KEY_PROJECT.elf.dir/STM32F10x_FWLib/src/stm32f10x_sdio.c.obj
SDIO_IRQHandler                                   CMakeFiles/STM32_KEY_PROJECT.elf.dir/CORE/startup_stm32f103xe_gcc.s.obj
SDIO_ITConfig                                     CMakeFiles/STM32_KEY_PROJECT.elf.dir/STM32F10x_FWLib/src/stm32f10x_sdio.c.obj
SDIO_Init                                         CMakeFiles/STM32_KEY_PROJECT.elf.dir/STM32F10x_FWLib/src/stm32f10x_sdio.c.obj
SDIO_ReadData                                     CMakeFiles/STM32_KEY_PROJECT.elf.dir/STM32F10x_FWLib/src/stm32f10x_sdio.c.obj
SDIO_SendCEATACmd                                 CMakeFiles/STM32_KEY_PROJECT.elf.dir/STM32F10x_FWLib/src/stm32f10x_sdio.c.obj
SDIO_SendCommand                                  CMakeFiles/STM32_KEY_PROJECT.elf.dir/STM32F10x_FWLib/src/stm32f10x_sdio.c.obj
SDIO_SendSDIOSuspendCmd                           CMakeFiles/STM32_KEY_PROJECT.elf.dir/STM32F10x_FWLib/src/stm32f10x_sdio.c.obj
SDIO_SetPowerState                                CMakeFiles/STM32_KEY_PROJECT.elf.dir/STM32F10x_FWLib/src/stm32f10x_sdio.c.obj
SDIO_SetSDIOOperation                             CMakeFiles/STM32_KEY_PROJECT.elf.dir/STM32F10x_FWLib/src/stm32f10x_sdio.c.obj
SDIO_SetSDIOReadWaitMode                          CMakeFiles/STM32_KEY_PROJECT.elf.dir/STM32F10x_FWLib/src/stm32f10x_sdio.c.obj
SDIO_StartSDIOReadWait                            CMakeFiles/STM32_KEY_PROJECT.elf.dir/STM32F10x_FWLib/src/stm32f10x_sdio.c.obj
SDIO_StopSDIOReadWait                             CMakeFiles/STM32_KEY_PROJECT.elf.dir/STM32F10x_FWLib/src/stm32f10x_sdio.c.obj
SDIO_StructInit                                   CMakeFiles/STM32_KEY_PROJECT.elf.dir/STM32F10x_FWLib/src/stm32f10x_sdio.c.obj
SDIO_WriteData                                    CMakeFiles/STM32_KEY_PROJECT.elf.dir/STM32F10x_FWLib/src/stm32f10x_sdio.c.obj
SPI1_IRQHandler                                   CMakeFiles/STM32_KEY_PROJECT.elf.dir/CORE/startup_stm32f103xe_gcc.s.obj
SPI2_IRQHandler                                   CMakeFiles/STM32_KEY_PROJECT.elf.dir/CORE/startup_stm32f103xe_gcc.s.obj
SPI3_IRQHandler                                   CMakeFiles/STM32_KEY_PROJECT.elf.dir/CORE/startup_stm32f103xe_gcc.s.obj
SPI_BiDirectionalLineConfig                       CMakeFiles/STM32_KEY_PROJECT.elf.dir/STM32F10x_FWLib/src/stm32f10x_spi.c.obj
SPI_CalculateCRC                                  CMakeFiles/STM32_KEY_PROJECT.elf.dir/STM32F10x_FWLib/src/stm32f10x_spi.c.obj
SPI_Cmd                                           CMakeFiles/STM32_KEY_PROJECT.elf.dir/STM32F10x_FWLib/src/stm32f10x_spi.c.obj
SPI_DataSizeConfig                                CMakeFiles/STM32_KEY_PROJECT.elf.dir/STM32F10x_FWLib/src/stm32f10x_spi.c.obj
SPI_GetCRC                                        CMakeFiles/STM32_KEY_PROJECT.elf.dir/STM32F10x_FWLib/src/stm32f10x_spi.c.obj
SPI_GetCRCPolynomial                              CMakeFiles/STM32_KEY_PROJECT.elf.dir/STM32F10x_FWLib/src/stm32f10x_spi.c.obj
SPI_I2S_ClearFlag                                 CMakeFiles/STM32_KEY_PROJECT.elf.dir/STM32F10x_FWLib/src/stm32f10x_spi.c.obj
SPI_I2S_ClearITPendingBit                         CMakeFiles/STM32_KEY_PROJECT.elf.dir/STM32F10x_FWLib/src/stm32f10x_spi.c.obj
SPI_I2S_DMACmd                                    CMakeFiles/STM32_KEY_PROJECT.elf.dir/STM32F10x_FWLib/src/stm32f10x_spi.c.obj
SPI_I2S_DeInit                                    CMakeFiles/STM32_KEY_PROJECT.elf.dir/STM32F10x_FWLib/src/stm32f10x_spi.c.obj
SPI_I2S_GetFlagStatus                             CMakeFiles/STM32_KEY_PROJECT.elf.dir/STM32F10x_FWLib/src/stm32f10x_spi.c.obj
SPI_I2S_GetITStatus                               CMakeFiles/STM32_KEY_PROJECT.elf.dir/STM32F10x_FWLib/src/stm32f10x_spi.c.obj
SPI_I2S_ITConfig                                  CMakeFiles/STM32_KEY_PROJECT.elf.dir/STM32F10x_FWLib/src/stm32f10x_spi.c.obj
SPI_I2S_ReceiveData                               CMakeFiles/STM32_KEY_PROJECT.elf.dir/STM32F10x_FWLib/src/stm32f10x_spi.c.obj